12-21 09:48:19.391  9187  9737 E tv.alphonso.alphonsoclient.HttpRestService: HTTP SocketException, no presponse from server.
12-21 09:48:19.391  9187  9737 E tv.alphonso.alphonsoclient.ViewingInfoAPI: REST API Call to server failed. HTTP code: 1002
12-21 09:48:19.392  9187  9187 E tv.alphonso.service.AlphonsoService: Error response is with error code: 1
12-21 09:48:19.647  9187  9737 E tv.alphonso.alphonsoclient.HttpRestService: HTTP SocketException, no presponse from server.
12-21 09:48:19.647  9187  9737 E tv.alphonso.alphonsoclient.ViewingInfoAPI: REST API Call to server failed. HTTP code: 1002
12-21 09:48:19.647  9187  9187 E tv.alphonso.service.AlphonsoService: Error response is with error code: 1
12-21 09:48:20.015  9187  9737 E tv.alphonso.alphonsoclient.HttpRestService: HTTP SocketException, no presponse from server.
12-21 09:48:20.015  9187  9737 E tv.alphonso.alphonsoclient.ViewingInfoAPI: REST API Call to server failed. HTTP code: 1002
12-21 09:48:20.016  9187  9187 E tv.alphonso.service.AlphonsoService: Error response is with error code: 1
12-21 09:48:20.305  9187  9737 E tv.alphonso.alphonsoclient.HttpRestService: HTTP SocketException, no presponse from server.
12-21 09:48:20.305  9187  9737 E tv.alphonso.alphonsoclient.ViewingInfoAPI: REST API Call to server failed. HTTP code: 1002
12-21 09:48:20.305  9187  9187 E tv.alphonso.service.AlphonsoService: Error response is with error code: 1
12-21 09:48:20.550  9187  9737 E tv.alphonso.alphonsoclient.HttpRestService: HTTP SocketException, no presponse from server.
12-21 09:48:20.550  9187  9737 E tv.alphonso.alphonsoclient.ViewingInfoAPI: REST API Call to server failed. HTTP code: 1002
12-21 09:48:20.551  9187  9187 E tv.alphonso.service.AlphonsoService: Error response is with error code: 1
12-21 09:48:20.823  9187  9737 E tv.alphonso.alphonsoclient.HttpRestService: HTTP SocketException, no presponse from server.
12-21 09:48:20.823  9187  9737 E tv.alphonso.alphonsoclient.ViewingInfoAPI: REST API Call to server failed. HTTP code: 1002
12-21 09:48:20.824  9187  9187 E tv.alphonso.service.AlphonsoService: Error response is with error code: 1
12-21 09:48:21.128  9187  9737 E tv.alphonso.alphonsoclient.HttpRestService: HTTP SocketException, no presponse from server.
12-21 09:48:21.128  9187  9737 E tv.alphonso.alphonsoclient.ViewingInfoAPI: REST API Call to server failed. HTTP code: 1002
12-21 09:48:21.129  9187  9187 E tv.alphonso.service.AlphonsoService: Error response is with error code: 1
12-21 09:48:21.433  9187  9737 E tv.alphonso.alphonsoclient.HttpRestService: HTTP SocketException, no presponse from server.
12-21 09:48:21.433  9187  9737 E tv.alphonso.alphonsoclient.ViewingInfoAPI: REST API Call to server failed. HTTP code: 1002
12-21 09:48:21.435  9187  9187 E tv.alphonso.service.AlphonsoService: Error response is with error code: 1
12-21 09:48:21.741  9187  9737 E tv.alphonso.alphonsoclient.HttpRestService: HTTP SocketException, no presponse from server.
12-21 09:48:21.741  9187  9737 E tv.alphonso.alphonsoclient.ViewingInfoAPI: REST API Call to server failed. HTTP code: 1002
12-21 09:48:21.741  9187  9187 E tv.alphonso.service.AlphonsoService: Error response is with error code: 1
12-21 09:48:21.994  9187  9737 E tv.alphonso.alphonsoclient.HttpRestService: HTTP SocketException, no presponse from server.
12-21 09:48:21.995  9187  9737 E tv.alphonso.alphonsoclient.ViewingInfoAPI: REST API Call to server failed. HTTP code: 1002
12-21 09:48:21.995  9187  9187 E tv.alphonso.service.AlphonsoService: Error response is with error code: 1
12-21 09:48:22.359  9187  9737 E tv.alphonso.alphonsoclient.HttpRestService: HTTP SocketException, no presponse from server.
12-21 09:48:22.360  9187  9737 E tv.alphonso.alphonsoclient.ViewingInfoAPI: REST API Call to server failed. HTTP code: 1002
12-21 09:48:22.360  9187  9187 E tv.alphonso.service.AlphonsoService: Error response is with error code: 1
12-21 09:48:22.612  9187  9737 E tv.alphonso.alphonsoclient.HttpRestService: HTTP SocketException, no presponse from server.
12-21 09:48:22.612  9187  9737 E tv.alphonso.alphonsoclient.ViewingInfoAPI: REST API Call to server failed. HTTP code: 1002
12-21 09:48:22.612  9187  9187 E tv.alphonso.service.AlphonsoService: Error response is with error code: 1
12-21 09:48:22.862  9187  9737 E tv.alphonso.alphonsoclient.HttpRestService: HTTP SocketException, no presponse from server.
12-21 09:48:22.862  9187  9737 E tv.alphonso.alphonsoclient.ViewingInfoAPI: REST API Call to server failed. HTTP code: 1002
12-21 09:48:22.862  9187  9187 E tv.alphonso.service.AlphonsoService: Error response is with error code: 1
12-21 09:48:23.209  9187  9737 E tv.alphonso.alphonsoclient.HttpRestService: HTTP SocketException, no presponse from server.
12-21 09:48:23.209  9187  9737 E tv.alphonso.alphonsoclient.ViewingInfoAPI: REST API Call to server failed. HTTP code: 1002
12-21 09:48:23.209  9187  9187 E tv.alphonso.service.AlphonsoService: Error response is with error code: 1
12-21 09:48:23.462  9187  9737 E tv.alphonso.alphonsoclient.HttpRestService: HTTP SocketException, no presponse from server.
12-21 09:48:23.462  9187  9737 E tv.alphonso.alphonsoclient.ViewingInfoAPI: REST API Call to server failed. HTTP code: 1002
12-21 09:48:23.462  9187  9187 E tv.alphonso.service.AlphonsoService: Error response is with error code: 1
12-21 09:48:23.720  9187  9737 E tv.alphonso.alphonsoclient.HttpRestService: HTTP SocketException, no presponse from server.
12-21 09:48:23.720  9187  9737 E tv.alphonso.alphonsoclient.ViewingInfoAPI: REST API Call to server failed. HTTP code: 1002
12-21 09:48:23.720  9187  9187 E tv.alphonso.service.AlphonsoService: Error response is with error code: 1
12-21 09:48:24.168  9187  9737 E tv.alphonso.alphonsoclient.HttpRestService: HTTP SocketException, no presponse from server.
12-21 09:48:24.169  9187  9737 E tv.alphonso.alphonsoclient.ViewingInfoAPI: REST API Call to server failed. HTTP code: 1002
12-21 09:48:24.169  9187  9187 E tv.alphonso.service.AlphonsoService: Error response is with error code: 1
12-21 09:48:24.630  9187  9737 E tv.alphonso.alphonsoclient.HttpRestService: HTTP SocketException, no presponse from server.
12-21 09:48:24.630  9187  9737 E tv.alphonso.alphonsoclient.ViewingInfoAPI: REST API Call to server failed. HTTP code: 1002
12-21 09:48:24.630  9187  9187 E tv.alphonso.service.AlphonsoService: Error response is with error code: 1
12-21 09:48:24.973  9187  9737 E tv.alphonso.alphonsoclient.HttpRestService: HTTP SocketException, no presponse from server.
12-21 09:48:24.973  9187  9737 E tv.alphonso.alphonsoclient.ViewingInfoAPI: REST API Call to server failed. HTTP code: 1002
12-21 09:48:24.975  9187  9187 E tv.alphonso.service.AlphonsoService: Error response is with error code: 1
12-21 09:48:25.226  9187  9737 E tv.alphonso.alphonsoclient.HttpRestService: HTTP SocketException, no presponse from server.
12-21 09:48:25.226  9187  9737 E tv.alphonso.alphonsoclient.ViewingInfoAPI: REST API Call to server failed. HTTP code: 1002
12-21 09:48:25.228  9187  9187 E tv.alphonso.service.AlphonsoService: Error response is with error code: 1
12-21 09:48:25.486  9187  9737 E tv.alphonso.alphonsoclient.HttpRestService: HTTP SocketException, no presponse from server.
12-21 09:48:25.486  9187  9737 E tv.alphonso.alphonsoclient.ViewingInfoAPI: REST API Call to server failed. HTTP code: 1002
12-21 09:48:25.486  9187  9187 E tv.alphonso.service.AlphonsoService: Error response is with error code: 1
12-21 09:48:25.845  9187  9737 E tv.alphonso.alphonsoclient.HttpRestService: HTTP SocketException, no presponse from server.
12-21 09:48:25.845  9187  9737 E tv.alphonso.alphonsoclient.ViewingInfoAPI: REST API Call to server failed. HTTP code: 1002
12-21 09:48:25.845  9187  9187 E tv.alphonso.service.AlphonsoService: Error response is with error code: 1
12-21 09:48:26.147  9187  9737 E tv.alphonso.alphonsoclient.HttpRestService: HTTP SocketException, no presponse from server.
12-21 09:48:26.147  9187  9737 E tv.alphonso.alphonsoclient.ViewingInfoAPI: REST API Call to server failed. HTTP code: 1002
12-21 09:48:26.147  9187  9187 E tv.alphonso.service.AlphonsoService: Error response is with error code: 1
12-21 09:48:26.450  9187  9737 E tv.alphonso.alphonsoclient.HttpRestService: HTTP SocketException, no presponse from server.
12-21 09:48:26.450  9187  9737 E tv.alphonso.alphonsoclient.ViewingInfoAPI: REST API Call to server failed. HTTP code: 1002
12-21 09:48:26.451  9187  9187 E tv.alphonso.service.AlphonsoService: Error response is with error code: 1
12-21 09:48:26.769  9187  9737 E tv.alphonso.alphonsoclient.HttpRestService: HTTP SocketException, no presponse from server.
12-21 09:48:26.769  9187  9737 E tv.alphonso.alphonsoclient.ViewingInfoAPI: REST API Call to server failed. HTTP code: 1002
12-21 09:48:26.770  9187  9187 E tv.alphonso.service.AlphonsoService: Error response is with error code: 1
12-21 09:48:27.066  9187  9737 E tv.alphonso.alphonsoclient.HttpRestService: HTTP SocketException, no presponse from server.
12-21 09:48:27.066  9187  9737 E tv.alphonso.alphonsoclient.ViewingInfoAPI: REST API Call to server failed. HTTP code: 1002
12-21 09:48:27.066  9187  9187 E tv.alphonso.service.AlphonsoService: Error response is with error code: 1
12-21 09:48:27.366  9187  9737 E tv.alphonso.alphonsoclient.HttpRestService: HTTP SocketException, no presponse from server.
12-21 09:48:27.366  9187  9737 E tv.alphonso.alphonsoclient.ViewingInfoAPI: REST API Call to server failed. HTTP code: 1002
12-21 09:48:27.366  9187  9187 E tv.alphonso.service.AlphonsoService: Error response is with error code: 1
12-21 09:48:27.623  9187  9737 E tv.alphonso.alphonsoclient.HttpRestService: HTTP SocketException, no presponse from server.
12-21 09:48:27.623  9187  9737 E tv.alphonso.alphonsoclient.ViewingInfoAPI: REST API Call to server failed. HTTP code: 1002
12-21 09:48:27.624  9187  9187 E tv.alphonso.service.AlphonsoService: Error response is with error code: 1
12-21 09:48:27.986  9187  9737 E tv.alphonso.alphonsoclient.HttpRestService: HTTP SocketException, no presponse from server.
12-21 09:48:27.987  9187  9737 E tv.alphonso.alphonsoclient.ViewingInfoAPI: REST API Call to server failed. HTTP code: 1002
12-21 09:48:27.987  9187  9187 E tv.alphonso.service.AlphonsoService: Error response is with error code: 1
12-21 09:48:28.243  9187  9737 E tv.alphonso.alphonsoclient.HttpRestService: HTTP SocketException, no presponse from server.
12-21 09:48:28.243  9187  9737 E tv.alphonso.alphonsoclient.ViewingInfoAPI: REST API Call to server failed. HTTP code: 1002
12-21 09:48:28.243  9187  9187 E tv.alphonso.service.AlphonsoService: Error response is with error code: 1
12-21 09:48:28.497  9187  9737 E tv.alphonso.alphonsoclient.HttpRestService: HTTP SocketException, no presponse from server.
12-21 09:48:28.497  9187  9737 E tv.alphonso.alphonsoclient.ViewingInfoAPI: REST API Call to server failed. HTTP code: 1002
12-21 09:48:28.497  9187  9187 E tv.alphonso.service.AlphonsoService: Error response is with error code: 1
12-21 09:48:28.747  9187  9737 E tv.alphonso.alphonsoclient.HttpRestService: HTTP SocketException, no presponse from server.
12-21 09:48:28.747  9187  9737 E tv.alphonso.alphonsoclient.ViewingInfoAPI: REST API Call to server failed. HTTP code: 1002
12-21 09:48:28.748  9187  9187 E tv.alphonso.service.AlphonsoService: Error response is with error code: 1
12-21 09:48:29.005  9187  9737 E tv.alphonso.alphonsoclient.HttpRestService: HTTP SocketException, no presponse from server.
12-21 09:48:29.005  9187  9737 E tv.alphonso.alphonsoclient.ViewingInfoAPI: REST API Call to server failed. HTTP code: 1002
12-21 09:48:29.007  9187  9187 E tv.alphonso.service.AlphonsoService: Error response is with error code: 1
12-21 09:48:29.324  9187  9737 E tv.alphonso.alphonsoclient.HttpRestService: HTTP SocketException, no presponse from server.
12-21 09:48:29.324  9187  9737 E tv.alphonso.alphonsoclient.ViewingInfoAPI: REST API Call to server failed. HTTP code: 1002
12-21 09:48:29.331  9187  9187 E tv.alphonso.service.AlphonsoService: Error response is with error code: 1
12-21 09:48:29.585  9187  9737 E tv.alphonso.alphonsoclient.HttpRestService: HTTP SocketException, no presponse from server.
12-21 09:48:29.585  9187  9737 E tv.alphonso.alphonsoclient.ViewingInfoAPI: REST API Call to server failed. HTTP code: 1002
12-21 09:48:29.585  9187  9187 E tv.alphonso.service.AlphonsoService: Error response is with error code: 1
12-21 09:48:29.834  9187  9737 E tv.alphonso.alphonsoclient.HttpRestService: HTTP SocketException, no presponse from server.
12-21 09:48:29.834  9187  9737 E tv.alphonso.alphonsoclient.ViewingInfoAPI: REST API Call to server failed. HTTP code: 1002
12-21 09:48:29.834  9187  9187 E tv.alphonso.service.AlphonsoService: Error response is with error code: 1
12-21 09:48:30.137  9187  9737 E tv.alphonso.alphonsoclient.HttpRestService: HTTP SocketException, no presponse from server.
12-21 09:48:30.137  9187  9737 E tv.alphonso.alphonsoclient.ViewingInfoAPI: REST API Call to server failed. HTTP code: 1002
12-21 09:48:30.144  9187  9187 E tv.alphonso.service.AlphonsoService: Error response is with error code: 1
12-21 09:48:30.450  9187  9737 E tv.alphonso.alphonsoclient.HttpRestService: HTTP SocketException, no presponse from server.
12-21 09:48:30.450  9187  9737 E tv.alphonso.alphonsoclient.ViewingInfoAPI: REST API Call to server failed. HTTP code: 1002
12-21 09:48:30.451  9187  9187 E tv.alphonso.service.AlphonsoService: Error response is with error code: 1
12-21 09:48:30.758  9187  9737 E tv.alphonso.alphonsoclient.HttpRestService: HTTP SocketException, no presponse from server.
12-21 09:48:30.758  9187  9737 E tv.alphonso.alphonsoclient.ViewingInfoAPI: REST API Call to server failed. HTTP code: 1002
12-21 09:48:30.758  9187  9187 E tv.alphonso.service.AlphonsoService: Error response is with error code: 1
12-21 09:48:31.012  9187  9737 E tv.alphonso.alphonsoclient.HttpRestService: HTTP SocketException, no presponse from server.
12-21 09:48:31.012  9187  9737 E tv.alphonso.alphonsoclient.ViewingInfoAPI: REST API Call to server failed. HTTP code: 1002
12-21 09:48:31.012  9187  9187 E tv.alphonso.service.AlphonsoService: Error response is with error code: 1
12-21 09:48:31.271  9187  9737 E tv.alphonso.alphonsoclient.HttpRestService: HTTP SocketException, no presponse from server.
12-21 09:48:31.272  9187  9737 E tv.alphonso.alphonsoclient.ViewingInfoAPI: REST API Call to server failed. HTTP code: 1002
12-21 09:48:31.272  9187  9187 E tv.alphonso.service.AlphonsoService: Error response is with error code: 1
12-21 09:48:31.533  9187  9737 E tv.alphonso.alphonsoclient.HttpRestService: HTTP SocketException, no presponse from server.
12-21 09:48:31.533  9187  9737 E tv.alphonso.alphonsoclient.ViewingInfoAPI: REST API Call to server failed. HTTP code: 1002
12-21 09:48:31.533  9187  9187 E tv.alphonso.service.AlphonsoService: Error response is with error code: 1
12-21 09:48:31.885  9187  9737 E tv.alphonso.alphonsoclient.HttpRestService: HTTP SocketException, no presponse from server.
12-21 09:48:31.885  9187  9737 E tv.alphonso.alphonsoclient.ViewingInfoAPI: REST API Call to server failed. HTTP code: 1002
12-21 09:48:31.885  9187  9187 E tv.alphonso.service.AlphonsoService: Error response is with error code: 1
12-21 09:48:32.190  9187  9737 E tv.alphonso.alphonsoclient.HttpRestService: HTTP SocketException, no presponse from server.
12-21 09:48:32.190  9187  9737 E tv.alphonso.alphonsoclient.ViewingInfoAPI: REST API Call to server failed. HTTP code: 1002
12-21 09:48:32.190  9187  9187 E tv.alphonso.service.AlphonsoService: Error response is with error code: 1
12-21 09:48:32.462  9187  9737 E tv.alphonso.alphonsoclient.HttpRestService: HTTP SocketException, no presponse from server.
12-21 09:48:32.462  9187  9737 E tv.alphonso.alphonsoclient.ViewingInfoAPI: REST API Call to server failed. HTTP code: 1002
12-21 09:48:32.462  9187  9187 E tv.alphonso.service.AlphonsoService: Error response is with error code: 1
12-21 09:48:32.803  9187  9737 E tv.alphonso.alphonsoclient.HttpRestService: HTTP SocketException, no presponse from server.
12-21 09:48:32.803  9187  9737 E tv.alphonso.alphonsoclient.ViewingInfoAPI: REST API Call to server failed. HTTP code: 1002
12-21 09:48:32.803  9187  9187 E tv.alphonso.service.AlphonsoService: Error response is with error code: 1
12-21 09:48:33.114  9187  9737 E tv.alphonso.alphonsoclient.HttpRestService: HTTP SocketException, no presponse from server.
12-21 09:48:33.114  9187  9737 E tv.alphonso.alphonsoclient.ViewingInfoAPI: REST API Call to server failed. HTTP code: 1002
12-21 09:48:33.115  9187  9187 E tv.alphonso.service.AlphonsoService: Error response is with error code: 1
12-21 09:48:33.415  9187  9737 E tv.alphonso.alphonsoclient.HttpRestService: HTTP SocketException, no presponse from server.
12-21 09:48:33.415  9187  9737 E tv.alphonso.alphonsoclient.ViewingInfoAPI: REST API Call to server failed. HTTP code: 1002
12-21 09:48:33.415  9187  9187 E tv.alphonso.service.AlphonsoService: Error response is with error code: 1
12-21 09:48:33.718  9187  9737 E tv.alphonso.alphonsoclient.HttpRestService: HTTP SocketException, no presponse from server.
12-21 09:48:33.718  9187  9737 E tv.alphonso.alphonsoclient.ViewingInfoAPI: REST API Call to server failed. HTTP code: 1002
12-21 09:48:33.718  9187  9187 E tv.alphonso.service.AlphonsoService: Error response is with error code: 1
12-21 09:48:34.035  9187  9737 E tv.alphonso.alphonsoclient.HttpRestService: HTTP SocketException, no presponse from server.
12-21 09:48:34.035  9187  9737 E tv.alphonso.alphonsoclient.ViewingInfoAPI: REST API Call to server failed. HTTP code: 1002
12-21 09:48:34.035  9187  9187 E tv.alphonso.service.AlphonsoService: Error response is with error code: 1
12-21 09:48:34.340  9187  9737 E tv.alphonso.alphonsoclient.HttpRestService: HTTP SocketException, no presponse from server.
12-21 09:48:34.340  9187  9737 E tv.alphonso.alphonsoclient.ViewingInfoAPI: REST API Call to server failed. HTTP code: 1002
12-21 09:48:34.340  9187  9187 E tv.alphonso.service.AlphonsoService: Error response is with error code: 1
12-21 09:48:34.588  9187  9737 E tv.alphonso.alphonsoclient.HttpRestService: HTTP SocketException, no presponse from server.
12-21 09:48:34.589  9187  9737 E tv.alphonso.alphonsoclient.ViewingInfoAPI: REST API Call to server failed. HTTP code: 1002
12-21 09:48:34.589  9187  9187 E tv.alphonso.service.AlphonsoService: Error response is with error code: 1
12-21 09:48:34.838  9187  9737 E tv.alphonso.alphonsoclient.HttpRestService: HTTP SocketException, no presponse from server.
12-21 09:48:34.838  9187  9737 E tv.alphonso.alphonsoclient.ViewingInfoAPI: REST API Call to server failed. HTTP code: 1002
12-21 09:48:34.839  9187  9187 E tv.alphonso.service.AlphonsoService: Error response is with error code: 1
12-21 09:48:35.111  9187  9737 E tv.alphonso.alphonsoclient.HttpRestService: HTTP SocketException, no presponse from server.
12-21 09:48:35.111  9187  9737 E tv.alphonso.alphonsoclient.ViewingInfoAPI: REST API Call to server failed. HTTP code: 1002
12-21 09:48:35.112  9187  9187 E tv.alphonso.service.AlphonsoService: Error response is with error code: 1
12-21 09:48:35.368  9187  9737 E tv.alphonso.alphonsoclient.HttpRestService: HTTP SocketException, no presponse from server.
12-21 09:48:35.368  9187  9737 E tv.alphonso.alphonsoclient.ViewingInfoAPI: REST API Call to server failed. HTTP code: 1002
12-21 09:48:35.369  9187  9187 E tv.alphonso.service.AlphonsoService: Error response is with error code: 1
12-21 09:48:35.619  9187  9737 E tv.alphonso.alphonsoclient.HttpRestService: HTTP SocketException, no presponse from server.
12-21 09:48:35.619  9187  9737 E tv.alphonso.alphonsoclient.ViewingInfoAPI: REST API Call to server failed. HTTP code: 1002
12-21 09:48:35.619  9187  9187 E tv.alphonso.service.AlphonsoService: Error response is with error code: 1
12-21 09:48:35.977  9187  9737 E tv.alphonso.alphonsoclient.HttpRestService: HTTP SocketException, no presponse from server.
12-21 09:48:35.978  9187  9737 E tv.alphonso.alphonsoclient.ViewingInfoAPI: REST API Call to server failed. HTTP code: 1002
12-21 09:48:35.978  9187  9187 E tv.alphonso.service.AlphonsoService: Error response is with error code: 1
12-21 09:48:36.284  9187  9737 E tv.alphonso.alphonsoclient.HttpRestService: HTTP SocketException, no presponse from server.
12-21 09:48:36.284  9187  9737 E tv.alphonso.alphonsoclient.ViewingInfoAPI: REST API Call to server failed. HTTP code: 1002
12-21 09:48:36.285  9187  9187 E tv.alphonso.service.AlphonsoService: Error response is with error code: 1
12-21 09:48:36.540  9187  9737 E tv.alphonso.alphonsoclient.HttpRestService: HTTP SocketException, no presponse from server.
12-21 09:48:36.540  9187  9737 E tv.alphonso.alphonsoclient.ViewingInfoAPI: REST API Call to server failed. HTTP code: 1002
12-21 09:48:36.542  9187  9187 E tv.alphonso.service.AlphonsoService: Error response is with error code: 1
12-21 09:48:36.792  9187  9737 E tv.alphonso.alphonsoclient.HttpRestService: HTTP SocketException, no presponse from server.
12-21 09:48:36.792  9187  9737 E tv.alphonso.alphonsoclient.ViewingInfoAPI: REST API Call to server failed. HTTP code: 1002
12-21 09:48:36.794  9187  9187 E tv.alphonso.service.AlphonsoService: Error response is with error code: 1
12-21 09:48:37.052  9187  9737 E tv.alphonso.alphonsoclient.HttpRestService: HTTP SocketException, no presponse from server.
12-21 09:48:37.052  9187  9737 E tv.alphonso.alphonsoclient.ViewingInfoAPI: REST API Call to server failed. HTTP code: 1002
12-21 09:48:37.052  9187  9187 E tv.alphonso.service.AlphonsoService: Error response is with error code: 1
12-21 09:48:37.303  9187  9737 E tv.alphonso.alphonsoclient.HttpRestService: HTTP SocketException, no presponse from server.
12-21 09:48:37.303  9187  9737 E tv.alphonso.alphonsoclient.ViewingInfoAPI: REST API Call to server failed. HTTP code: 1002
12-21 09:48:37.304  9187  9187 E tv.alphonso.service.AlphonsoService: Error response is with error code: 1
12-21 09:48:37.555  9187  9737 E tv.alphonso.alphonsoclient.HttpRestService: HTTP SocketException, no presponse from server.
12-21 09:48:37.555  9187  9737 E tv.alphonso.alphonsoclient.ViewingInfoAPI: REST API Call to server failed. HTTP code: 1002
12-21 09:48:37.556  9187  9187 E tv.alphonso.service.AlphonsoService: Error response is with error code: 1
12-21 09:48:37.806  9187  9737 E tv.alphonso.alphonsoclient.HttpRestService: HTTP SocketException, no presponse from server.
12-21 09:48:37.806  9187  9737 E tv.alphonso.alphonsoclient.ViewingInfoAPI: REST API Call to server failed. HTTP code: 1002
12-21 09:48:37.806  9187  9187 E tv.alphonso.service.AlphonsoService: Error response is with error code: 1
12-21 09:48:38.130  9187  9737 E tv.alphonso.alphonsoclient.HttpRestService: HTTP SocketException, no presponse from server.
12-21 09:48:38.130  9187  9737 E tv.alphonso.alphonsoclient.ViewingInfoAPI: REST API Call to server failed. HTTP code: 1002
12-21 09:48:38.130  9187  9187 E tv.alphonso.service.AlphonsoService: Error response is with error code: 1
12-21 09:48:38.385  9187  9737 E tv.alphonso.alphonsoclient.HttpRestService: HTTP SocketException, no presponse from server.
12-21 09:48:38.385  9187  9737 E tv.alphonso.alphonsoclient.ViewingInfoAPI: REST API Call to server failed. HTTP code: 1002
12-21 09:48:38.385  9187  9187 E tv.alphonso.service.AlphonsoService: Error response is with error code: 1
12-21 09:48:38.640  9187  9737 E tv.alphonso.alphonsoclient.HttpRestService: HTTP SocketException, no presponse from server.
12-21 09:48:38.640  9187  9737 E tv.alphonso.alphonsoclient.ViewingInfoAPI: REST API Call to server failed. HTTP code: 1002
12-21 09:48:38.641  9187  9187 E tv.alphonso.service.AlphonsoService: Error response is with error code: 1
12-21 09:48:38.948  9187  9737 E tv.alphonso.alphonsoclient.HttpRestService: HTTP SocketException, no presponse from server.
12-21 09:48:38.948  9187  9737 E tv.alphonso.alphonsoclient.ViewingInfoAPI: REST API Call to server failed. HTTP code: 1002
12-21 09:48:38.949  9187  9187 E tv.alphonso.service.AlphonsoService: Error response is with error code: 1
12-21 09:48:39.260  9187  9737 E tv.alphonso.alphonsoclient.HttpRestService: HTTP SocketException, no presponse from server.
12-21 09:48:39.260  9187  9737 E tv.alphonso.alphonsoclient.ViewingInfoAPI: REST API Call to server failed. HTTP code: 1002
12-21 09:48:39.260  9187  9187 E tv.alphonso.service.AlphonsoService: Error response is with error code: 1
12-21 09:48:39.509  9187  9737 E tv.alphonso.alphonsoclient.HttpRestService: HTTP SocketException, no presponse from server.
12-21 09:48:39.509  9187  9737 E tv.alphonso.alphonsoclient.ViewingInfoAPI: REST API Call to server failed. HTTP code: 1002
12-21 09:48:39.509  9187  9187 E tv.alphonso.service.AlphonsoService: Error response is with error code: 1
12-21 09:48:39.765  9187  9737 E tv.alphonso.alphonsoclient.HttpRestService: HTTP SocketException, no presponse from server.
12-21 09:48:39.765  9187  9737 E tv.alphonso.alphonsoclient.ViewingInfoAPI: REST API Call to server failed. HTTP code: 1002
12-21 09:48:39.765  9187  9187 E tv.alphonso.service.AlphonsoService: Error response is with error code: 1
12-21 09:48:40.076  9187  9737 E tv.alphonso.alphonsoclient.HttpRestService: HTTP SocketException, no presponse from server.
12-21 09:48:40.076  9187  9737 E tv.alphonso.alphonsoclient.ViewingInfoAPI: REST API Call to server failed. HTTP code: 1002
12-21 09:48:40.076  9187  9187 E tv.alphonso.service.AlphonsoService: Error response is with error code: 1
12-21 09:48:40.329  9187  9737 E tv.alphonso.alphonsoclient.HttpRestService: HTTP SocketException, no presponse from server.
12-21 09:48:40.329  9187  9737 E tv.alphonso.alphonsoclient.ViewingInfoAPI: REST API Call to server failed. HTTP code: 1002
12-21 09:48:40.329  9187  9187 E tv.alphonso.service.AlphonsoService: Error response is with error code: 1
12-21 09:48:40.579  9187  9737 E tv.alphonso.alphonsoclient.HttpRestService: HTTP SocketException, no presponse from server.
12-21 09:48:40.579  9187  9737 E tv.alphonso.alphonsoclient.ViewingInfoAPI: REST API Call to server failed. HTTP code: 1002
12-21 09:48:40.579  9187  9187 E tv.alphonso.service.AlphonsoService: Error response is with error code: 1
12-21 09:48:40.839  9187  9737 E tv.alphonso.alphonsoclient.HttpRestService: HTTP SocketException, no presponse from server.
12-21 09:48:40.839  9187  9737 E tv.alphonso.alphonsoclient.ViewingInfoAPI: REST API Call to server failed. HTTP code: 1002
12-21 09:48:40.839  9187  9187 E tv.alphonso.service.AlphonsoService: Error response is with error code: 1
12-21 09:48:41.199  9187  9737 E tv.alphonso.alphonsoclient.HttpRestService: HTTP SocketException, no presponse from server.
12-21 09:48:41.200  9187  9737 E tv.alphonso.alphonsoclient.ViewingInfoAPI: REST API Call to server failed. HTTP code: 1002
12-21 09:48:41.201  9187  9187 E tv.alphonso.service.AlphonsoService: Error response is with error code: 1
12-21 09:48:41.473  9187  9737 E tv.alphonso.alphonsoclient.HttpRestService: HTTP SocketException, no presponse from server.
12-21 09:48:41.473  9187  9737 E tv.alphonso.alphonsoclient.ViewingInfoAPI: REST API Call to server failed. HTTP code: 1002
12-21 09:48:41.474  9187  9187 E tv.alphonso.service.AlphonsoService: Error response is with error code: 1
12-21 09:48:41.736  9187  9737 E tv.alphonso.alphonsoclient.HttpRestService: HTTP SocketException, no presponse from server.
12-21 09:48:41.738  9187  9737 E tv.alphonso.alphonsoclient.ViewingInfoAPI: REST API Call to server failed. HTTP code: 1002
12-21 09:48:41.739  9187  9187 E tv.alphonso.service.AlphonsoService: Error response is with error code: 1
12-21 09:48:42.013  9187  9737 E tv.alphonso.alphonsoclient.HttpRestService: HTTP SocketException, no presponse from server.
12-21 09:48:42.013  9187  9737 E tv.alphonso.alphonsoclient.ViewingInfoAPI: REST API Call to server failed. HTTP code: 1002
12-21 09:48:42.014  9187  9187 E tv.alphonso.service.AlphonsoService: Error response is with error code: 1
12-21 09:48:42.324  9187  9737 E tv.alphonso.alphonsoclient.HttpRestService: HTTP SocketException, no presponse from server.
12-21 09:48:42.324  9187  9737 E tv.alphonso.alphonsoclient.ViewingInfoAPI: REST API Call to server failed. HTTP code: 1002
12-21 09:48:42.324  9187  9187 E tv.alphonso.service.AlphonsoService: Error response is with error code: 1
12-21 09:48:42.573  9187  9737 E tv.alphonso.alphonsoclient.HttpRestService: HTTP SocketException, no presponse from server.
12-21 09:48:42.573  9187  9737 E tv.alphonso.alphonsoclient.ViewingInfoAPI: REST API Call to server failed. HTTP code: 1002
12-21 09:48:42.573  9187  9187 E tv.alphonso.service.AlphonsoService: Error response is with error code: 1
12-21 09:48:42.837  9187  9737 E tv.alphonso.alphonsoclient.HttpRestService: HTTP SocketException, no presponse from server.
12-21 09:48:42.837  9187  9737 E tv.alphonso.alphonsoclient.ViewingInfoAPI: REST API Call to server failed. HTTP code: 1002
12-21 09:48:42.838  9187  9187 E tv.alphonso.service.AlphonsoService: Error response is with error code: 1
12-21 09:48:43.106  9187  9737 E tv.alphonso.alphonsoclient.HttpRestService: HTTP SocketException, no presponse from server.
12-21 09:48:43.106  9187  9737 E tv.alphonso.alphonsoclient.ViewingInfoAPI: REST API Call to server failed. HTTP code: 1002
12-21 09:48:43.106  9187  9187 E tv.alphonso.service.AlphonsoService: Error response is with error code: 1
12-21 09:48:43.455  9187  9737 E tv.alphonso.alphonsoclient.HttpRestService: HTTP SocketException, no presponse from server.
12-21 09:48:43.455  9187  9737 E tv.alphonso.alphonsoclient.ViewingInfoAPI: REST API Call to server failed. HTTP code: 1002
12-21 09:48:43.455  9187  9187 E tv.alphonso.service.AlphonsoService: Error response is with error code: 1
12-21 09:48:43.709  9187  9737 E tv.alphonso.alphonsoclient.HttpRestService: HTTP SocketException, no presponse from server.
12-21 09:48:43.709  9187  9737 E tv.alphonso.alphonsoclient.ViewingInfoAPI: REST API Call to server failed. HTTP code: 1002
12-21 09:48:43.709  9187  9187 E tv.alphonso.service.AlphonsoService: Error response is with error code: 1
12-21 09:48:44.070  9187  9737 E tv.alphonso.alphonsoclient.HttpRestService: HTTP SocketException, no presponse from server.
12-21 09:48:44.071  9187  9737 E tv.alphonso.alphonsoclient.ViewingInfoAPI: REST API Call to server failed. HTTP code: 1002
12-21 09:48:44.071  9187  9187 E tv.alphonso.service.AlphonsoService: Error response is with error code: 1
12-21 09:48:44.369  9187  9737 E tv.alphonso.alphonsoclient.HttpRestService: HTTP SocketException, no presponse from server.
12-21 09:48:44.369  9187  9737 E tv.alphonso.alphonsoclient.ViewingInfoAPI: REST API Call to server failed. HTTP code: 1002
12-21 09:48:44.369  9187  9187 E tv.alphonso.service.AlphonsoService: Error response is with error code: 1
12-21 09:48:44.616  9187  9737 E tv.alphonso.alphonsoclient.HttpRestService: HTTP SocketException, no presponse from server.
12-21 09:48:44.616  9187  9737 E tv.alphonso.alphonsoclient.ViewingInfoAPI: REST API Call to server failed. HTTP code: 1002
12-21 09:48:44.616  9187  9187 E tv.alphonso.service.AlphonsoService: Error response is with error code: 1
12-21 09:48:44.894  9187  9737 E tv.alphonso.alphonsoclient.HttpRestService: HTTP SocketException, no presponse from server.
12-21 09:48:44.894  9187  9737 E tv.alphonso.alphonsoclient.ViewingInfoAPI: REST API Call to server failed. HTTP code: 1002
12-21 09:48:44.894  9187  9187 E tv.alphonso.service.AlphonsoService: Error response is with error code: 1
12-21 09:48:45.189  9187  9737 E tv.alphonso.alphonsoclient.HttpRestService: HTTP SocketException, no presponse from server.
12-21 09:48:45.189  9187  9737 E tv.alphonso.alphonsoclient.ViewingInfoAPI: REST API Call to server failed. HTTP code: 1002
12-21 09:48:45.189  9187  9187 E tv.alphonso.service.AlphonsoService: Error response is with error code: 1
12-21 09:48:45.467  9187  9737 E tv.alphonso.alphonsoclient.HttpRestService: HTTP SocketException, no presponse from server.
12-21 09:48:45.468  9187  9737 E tv.alphonso.alphonsoclient.ViewingInfoAPI: REST API Call to server failed. HTTP code: 1002
12-21 09:48:45.468  9187  9187 E tv.alphonso.service.AlphonsoService: Error response is with error code: 1
12-21 09:48:45.808  9187  9737 E tv.alphonso.alphonsoclient.HttpRestService: HTTP SocketException, no presponse from server.
12-21 09:48:45.808  9187  9737 E tv.alphonso.alphonsoclient.ViewingInfoAPI: REST API Call to server failed. HTTP code: 1002
12-21 09:48:45.809  9187  9187 E tv.alphonso.service.AlphonsoService: Error response is with error code: 1
12-21 09:48:46.110  9187  9737 E tv.alphonso.alphonsoclient.HttpRestService: HTTP SocketException, no presponse from server.
12-21 09:48:46.110  9187  9737 E tv.alphonso.alphonsoclient.ViewingInfoAPI: REST API Call to server failed. HTTP code: 1002
12-21 09:48:46.111  9187  9187 E tv.alphonso.service.AlphonsoService: Error response is with error code: 1
12-21 09:48:46.431  9187  9737 E tv.alphonso.alphonsoclient.HttpRestService: HTTP SocketException, no presponse from server.
12-21 09:48:46.431  9187  9737 E tv.alphonso.alphonsoclient.ViewingInfoAPI: REST API Call to server failed. HTTP code: 1002
12-21 09:48:46.431  9187  9187 E tv.alphonso.service.AlphonsoService: Error response is with error code: 1
12-21 09:48:46.728  9187  9737 E tv.alphonso.alphonsoclient.HttpRestService: HTTP SocketException, no presponse from server.
12-21 09:48:46.729  9187  9737 E tv.alphonso.alphonsoclient.ViewingInfoAPI: REST API Call to server failed. HTTP code: 1002
12-21 09:48:46.729  9187  9187 E tv.alphonso.service.AlphonsoService: Error response is with error code: 1
12-21 09:48:47.034  9187  9737 E tv.alphonso.alphonsoclient.HttpRestService: HTTP SocketException, no presponse from server.
12-21 09:48:47.034  9187  9737 E tv.alphonso.alphonsoclient.ViewingInfoAPI: REST API Call to server failed. HTTP code: 1002
12-21 09:48:47.034  9187  9187 E tv.alphonso.service.AlphonsoService: Error response is with error code: 1
12-21 09:48:47.340  9187  9737 E tv.alphonso.alphonsoclient.HttpRestService: HTTP SocketException, no presponse from server.
12-21 09:48:47.340  9187  9737 E tv.alphonso.alphonsoclient.ViewingInfoAPI: REST API Call to server failed. HTTP code: 1002
12-21 09:48:47.340  9187  9187 E tv.alphonso.service.AlphonsoService: Error response is with error code: 1
12-21 09:48:47.593  9187  9737 E tv.alphonso.alphonsoclient.HttpRestService: HTTP SocketException, no presponse from server.
12-21 09:48:47.594  9187  9737 E tv.alphonso.alphonsoclient.ViewingInfoAPI: REST API Call to server failed. HTTP code: 1002
12-21 09:48:47.594  9187  9187 E tv.alphonso.service.AlphonsoService: Error response is with error code: 1
12-21 09:48:47.845  9187  9737 E tv.alphonso.alphonsoclient.HttpRestService: HTTP SocketException, no presponse from server.
12-21 09:48:47.845  9187  9737 E tv.alphonso.alphonsoclient.ViewingInfoAPI: REST API Call to server failed. HTTP code: 1002
12-21 09:48:47.846  9187  9187 E tv.alphonso.service.AlphonsoService: Error response is with error code: 1
12-21 09:48:48.161  9187  9737 E tv.alphonso.alphonsoclient.HttpRestService: HTTP SocketException, no presponse from server.
12-21 09:48:48.161  9187  9737 E tv.alphonso.alphonsoclient.ViewingInfoAPI: REST API Call to server failed. HTTP code: 1002
12-21 09:48:48.161  9187  9187 E tv.alphonso.service.AlphonsoService: Error response is with error code: 1
12-21 09:48:48.470  9187  9737 E tv.alphonso.alphonsoclient.HttpRestService: HTTP SocketException, no presponse from server.
12-21 09:48:48.471  9187  9737 E tv.alphonso.alphonsoclient.ViewingInfoAPI: REST API Call to server failed. HTTP code: 1002
12-21 09:48:48.471  9187  9187 E tv.alphonso.service.AlphonsoService: Error response is with error code: 1
12-21 09:48:48.781  9187  9737 E tv.alphonso.alphonsoclient.HttpRestService: HTTP SocketException, no presponse from server.
12-21 09:48:48.781  9187  9737 E tv.alphonso.alphonsoclient.ViewingInfoAPI: REST API Call to server failed. HTTP code: 1002
12-21 09:48:48.781  9187  9187 E tv.alphonso.service.AlphonsoService: Error response is with error code: 1
12-21 09:48:49.034  9187  9737 E tv.alphonso.alphonsoclient.HttpRestService: HTTP SocketException, no presponse from server.
12-21 09:48:49.035  9187  9737 E tv.alphonso.alphonsoclient.ViewingInfoAPI: REST API Call to server failed. HTTP code: 1002
12-21 09:48:49.035  9187  9187 E tv.alphonso.service.AlphonsoService: Error response is with error code: 1
12-21 09:48:49.289  9187  9737 E tv.alphonso.alphonsoclient.HttpRestService: HTTP SocketException, no presponse from server.
12-21 09:48:49.289  9187  9737 E tv.alphonso.alphonsoclient.ViewingInfoAPI: REST API Call to server failed. HTTP code: 1002
12-21 09:48:49.289  9187  9187 E tv.alphonso.service.AlphonsoService: Error response is with error code: 1
12-21 09:48:49.539  9187  9737 E tv.alphonso.alphonsoclient.HttpRestService: HTTP SocketException, no presponse from server.
12-21 09:48:49.539  9187  9737 E tv.alphonso.alphonsoclient.ViewingInfoAPI: REST API Call to server failed. HTTP code: 1002
12-21 09:48:49.540  9187  9187 E tv.alphonso.service.AlphonsoService: Error response is with error code: 1
12-21 09:48:49.807  9187  9737 E tv.alphonso.alphonsoclient.HttpRestService: HTTP SocketException, no presponse from server.
12-21 09:48:49.807  9187  9737 E tv.alphonso.alphonsoclient.ViewingInfoAPI: REST API Call to server failed. HTTP code: 1002
12-21 09:48:49.808  9187  9187 E tv.alphonso.service.AlphonsoService: Error response is with error code: 1
12-21 09:48:50.057  9187  9737 E tv.alphonso.alphonsoclient.HttpRestService: HTTP SocketException, no presponse from server.
12-21 09:48:50.057  9187  9737 E tv.alphonso.alphonsoclient.ViewingInfoAPI: REST API Call to server failed. HTTP code: 1002
12-21 09:48:50.057  9187  9187 E tv.alphonso.service.AlphonsoService: Error response is with error code: 1
12-21 09:48:50.455  9187  9737 E tv.alphonso.alphonsoclient.HttpRestService: HTTP SocketException, no presponse from server.
12-21 09:48:50.455  9187  9737 E tv.alphonso.alphonsoclient.ViewingInfoAPI: REST API Call to server failed. HTTP code: 1002
12-21 09:48:50.457  9187  9187 E tv.alphonso.service.AlphonsoService: Error response is with error code: 1
12-21 09:48:50.727  9187  9737 E tv.alphonso.alphonsoclient.HttpRestService: HTTP SocketException, no presponse from server.
12-21 09:48:50.727  9187  9737 E tv.alphonso.alphonsoclient.ViewingInfoAPI: REST API Call to server failed. HTTP code: 1002
12-21 09:48:50.727  9187  9187 E tv.alphonso.service.AlphonsoService: Error response is with error code: 1
12-21 09:48:51.031  9187  9737 E tv.alphonso.alphonsoclient.HttpRestService: HTTP SocketException, no presponse from server.
12-21 09:48:51.031  9187  9737 E tv.alphonso.alphonsoclient.ViewingInfoAPI: REST API Call to server failed. HTTP code: 1002
12-21 09:48:51.031  9187  9187 E tv.alphonso.service.AlphonsoService: Error response is with error code: 1
12-21 09:48:51.340  9187  9737 E tv.alphonso.alphonsoclient.HttpRestService: HTTP SocketException, no presponse from server.
12-21 09:48:51.340  9187  9737 E tv.alphonso.alphonsoclient.ViewingInfoAPI: REST API Call to server failed. HTTP code: 1002
12-21 09:48:51.341  9187  9187 E tv.alphonso.service.AlphonsoService: Error response is with error code: 1
12-21 09:48:51.600  9187  9737 E tv.alphonso.alphonsoclient.HttpRestService: HTTP SocketException, no presponse from server.
12-21 09:48:51.600  9187  9737 E tv.alphonso.alphonsoclient.ViewingInfoAPI: REST API Call to server failed. HTTP code: 1002
12-21 09:48:51.600  9187  9187 E tv.alphonso.service.AlphonsoService: Error response is with error code: 1
12-21 09:48:51.850  9187  9737 E tv.alphonso.alphonsoclient.HttpRestService: HTTP SocketException, no presponse from server.
12-21 09:48:51.850  9187  9737 E tv.alphonso.alphonsoclient.ViewingInfoAPI: REST API Call to server failed. HTTP code: 1002
12-21 09:48:51.850  9187  9187 E tv.alphonso.service.AlphonsoService: Error response is with error code: 1
12-21 09:48:52.156  9187  9737 E tv.alphonso.alphonsoclient.HttpRestService: HTTP SocketException, no presponse from server.
12-21 09:48:52.157  9187  9737 E tv.alphonso.alphonsoclient.ViewingInfoAPI: REST API Call to server failed. HTTP code: 1002
12-21 09:48:52.157  9187  9187 E tv.alphonso.service.AlphonsoService: Error response is with error code: 1
12-21 09:48:52.468  9187  9737 E tv.alphonso.alphonsoclient.HttpRestService: HTTP SocketException, no presponse from server.
12-21 09:48:52.468  9187  9737 E tv.alphonso.alphonsoclient.ViewingInfoAPI: REST API Call to server failed. HTTP code: 1002
12-21 09:48:52.469  9187  9187 E tv.alphonso.service.AlphonsoService: Error response is with error code: 1
12-21 09:48:52.723  9187  9737 E tv.alphonso.alphonsoclient.HttpRestService: HTTP SocketException, no presponse from server.
12-21 09:48:52.723  9187  9737 E tv.alphonso.alphonsoclient.ViewingInfoAPI: REST API Call to server failed. HTTP code: 1002
12-21 09:48:52.724  9187  9187 E tv.alphonso.service.AlphonsoService: Error response is with error code: 1
12-21 09:48:53.075  9187  9737 E tv.alphonso.alphonsoclient.HttpRestService: HTTP SocketException, no presponse from server.
12-21 09:48:53.075  9187  9737 E tv.alphonso.alphonsoclient.ViewingInfoAPI: REST API Call to server failed. HTTP code: 1002
12-21 09:48:53.076  9187  9187 E tv.alphonso.service.AlphonsoService: Error response is with error code: 1
12-21 09:48:53.384  9187  9737 E tv.alphonso.alphonsoclient.HttpRestService: HTTP SocketException, no presponse from server.
12-21 09:48:53.384  9187  9737 E tv.alphonso.alphonsoclient.ViewingInfoAPI: REST API Call to server failed. HTTP code: 1002
12-21 09:48:53.384  9187  9187 E tv.alphonso.service.AlphonsoService: Error response is with error code: 1
12-21 09:48:53.651  9187  9737 E tv.alphonso.alphonsoclient.HttpRestService: HTTP SocketException, no presponse from server.
12-21 09:48:53.651  9187  9737 E tv.alphonso.alphonsoclient.ViewingInfoAPI: REST API Call to server failed. HTTP code: 1002
12-21 09:48:53.651  9187  9187 E tv.alphonso.service.AlphonsoService: Error response is with error code: 1
12-21 09:48:53.907  9187  9737 E tv.alphonso.alphonsoclient.HttpRestService: HTTP SocketException, no presponse from server.
12-21 09:48:53.907  9187  9737 E tv.alphonso.alphonsoclient.ViewingInfoAPI: REST API Call to server failed. HTTP code: 1002
12-21 09:48:53.907  9187  9187 E tv.alphonso.service.AlphonsoService: Error response is with error code: 1
12-21 09:48:54.204  9187  9737 E tv.alphonso.alphonsoclient.HttpRestService: HTTP SocketException, no presponse from server.
12-21 09:48:54.204  9187  9737 E tv.alphonso.alphonsoclient.ViewingInfoAPI: REST API Call to server failed. HTTP code: 1002
12-21 09:48:54.204  9187  9187 E tv.alphonso.service.AlphonsoService: Error response is with error code: 1
12-21 09:48:54.471  9187  9737 E tv.alphonso.alphonsoclient.HttpRestService: HTTP SocketException, no presponse from server.
12-21 09:48:54.471  9187  9737 E tv.alphonso.alphonsoclient.ViewingInfoAPI: REST API Call to server failed. HTTP code: 1002
12-21 09:48:54.471  9187  9187 E tv.alphonso.service.AlphonsoService: Error response is with error code: 1
12-21 09:48:54.821  9187  9737 E tv.alphonso.alphonsoclient.HttpRestService: HTTP SocketException, no presponse from server.
12-21 09:48:54.822  9187  9737 E tv.alphonso.alphonsoclient.ViewingInfoAPI: REST API Call to server failed. HTTP code: 1002
12-21 09:48:54.822  9187  9187 E tv.alphonso.service.AlphonsoService: Error response is with error code: 1
12-21 09:48:55.146  9187  9737 E tv.alphonso.alphonsoclient.HttpRestService: HTTP SocketException, no presponse from server.
12-21 09:48:55.146  9187  9737 E tv.alphonso.alphonsoclient.ViewingInfoAPI: REST API Call to server failed. HTTP code: 1002
12-21 09:48:55.147  9187  9187 E tv.alphonso.service.AlphonsoService: Error response is with error code: 1
12-21 09:48:55.256 24187 24187 W tv.alphonso.service.ASFSM: Invalid Event: CLOCK_SYNC_POLL_TIMER in state tv.alphonso.service.ASNull
12-21 09:48:55.260 16970 16970 W tv.alphonso.service.ASFSM: Invalid Event: CLOCK_SYNC_POLL_TIMER in state tv.alphonso.service.ASNull
12-21 09:48:55.268  9187  9631 E tv.alphonso.alphonsoclient.RESTService: There was a problem when sending the request.
12-21 09:48:55.268  9187  9631 E tv.alphonso.alphonsoclient.RESTService: org.apache.http.conn.HttpHostConnectException: Connection to http://192.168.0.106:8081 refused
12-21 09:48:55.268  9187  9631 E tv.alphonso.alphonsoclient.RESTService: 	at org.apache.http.impl.conn.DefaultClientConnectionOperator.openConnection(DefaultClientConnectionOperator.java:195)
12-21 09:48:55.268  9187  9631 E tv.alphonso.alphonsoclient.RESTService: 	at org.apache.http.impl.conn.AbstractPoolEntry.open(AbstractPoolEntry.java:170)
12-21 09:48:55.268  9187  9631 E tv.alphonso.alphonsoclient.RESTService: 	at org.apache.http.impl.conn.AbstractPooledConnAdapter.open(AbstractPooledConnAdapter.java:124)
12-21 09:48:55.268  9187  9631 E tv.alphonso.alphonsoclient.RESTService: 	at org.apache.http.impl.client.DefaultRequestDirector.execute(DefaultRequestDirector.java:366)
12-21 09:48:55.268  9187  9631 E tv.alphonso.alphonsoclient.RESTService: 	at org.apache.http.impl.client.AbstractHttpClient.execute(AbstractHttpClient.java:596)
12-21 09:48:55.268  9187  9631 E tv.alphonso.alphonsoclient.RESTService: 	at org.apache.http.impl.client.AbstractHttpClient.execute(AbstractHttpClient.java:517)
12-21 09:48:55.268  9187  9631 E tv.alphonso.alphonsoclient.RESTService: 	at org.apache.http.impl.client.AbstractHttpClient.execute(AbstractHttpClient.java:495)
12-21 09:48:55.268  9187  9631 E tv.alphonso.alphonsoclient.RESTService: 	at tv.alphonso.alphonsoclient.RESTService.handleMessage(RESTService.java:169)
12-21 09:48:55.268  9187  9631 E tv.alphonso.alphonsoclient.RESTService: 	at tv.alphonso.alphonsoclient.AlphonsoClient.invokeGenericRESTApi(AlphonsoClient.java:1107)
12-21 09:48:55.268  9187  9631 E tv.alphonso.alphonsoclient.RESTService: 	at tv.alphonso.alphonsoclient.AlphonsoClient.sendProvServerConfigRequest(AlphonsoClient.java:754)
12-21 09:48:55.268  9187  9631 E tv.alphonso.alphonsoclient.RESTService: 	at tv.alphonso.alphonsoclient.AlphonsoClient.access$1100(AlphonsoClient.java:33)
12-21 09:48:55.268  9187  9631 E tv.alphonso.alphonsoclient.RESTService: 	at tv.alphonso.alphonsoclient.AlphonsoClient$1.handleMessage(AlphonsoClient.java:472)
12-21 09:48:55.268  9187  9631 E tv.alphonso.alphonsoclient.RESTService: 	at android.os.Handler.dispatchMessage(Handler.java:108)
12-21 09:48:55.268  9187  9631 E tv.alphonso.alphonsoclient.RESTService: 	at android.os.Looper.loop(Looper.java:216)
12-21 09:48:55.268  9187  9631 E tv.alphonso.alphonsoclient.RESTService: 	at android.os.HandlerThread.run(HandlerThread.java:65)
12-21 09:48:55.268  9187  9631 E tv.alphonso.alphonsoclient.RESTService: Caused by: java.net.ConnectException: failed to connect to /192.168.0.106 (port 8081) from /:: (port 60862): connect failed: ECONNREFUSED (Connection refused)
12-21 09:48:55.268  9187  9631 E tv.alphonso.alphonsoclient.RESTService: 	at libcore.io.IoBridge.connect(IoBridge.java:137)
12-21 09:48:55.268  9187  9631 E tv.alphonso.alphonsoclient.RESTService: 	at java.net.PlainSocketImpl.socketConnect(PlainSocketImpl.java:137)
12-21 09:48:55.268  9187  9631 E tv.alphonso.alphonsoclient.RESTService: 	at java.net.AbstractPlainSocketImpl.doConnect(AbstractPlainSocketImpl.java:391)
12-21 09:48:55.268  9187  9631 E tv.alphonso.alphonsoclient.RESTService: 	at java.net.AbstractPlainSocketImpl.connectToAddress(AbstractPlainSocketImpl.java:231)
12-21 09:48:55.268  9187  9631 E tv.alphonso.alphonsoclient.RESTService: 	at java.net.AbstractPlainSocketImpl.connect(AbstractPlainSocketImpl.java:213)
12-21 09:48:55.268  9187  9631 E tv.alphonso.alphonsoclient.RESTService: 	at java.net.SocksSocketImpl.connect(SocksSocketImpl.java:436)
12-21 09:48:55.268  9187  9631 E tv.alphonso.alphonsoclient.RESTService: 	at java.net.Socket.connect(Socket.java:621)
12-21 09:48:55.268  9187  9631 E tv.alphonso.alphonsoclient.RESTService: 	at org.apache.http.conn.scheme.PlainSocketFactory.connectSocket(PlainSocketFactory.java:124)
12-21 09:48:55.268  9187  9631 E tv.alphonso.alphonsoclient.RESTService: 	at org.apache.http.impl.conn.DefaultClientConnectionOperator.openConnection(DefaultClientConnectionOperator.java:151)
12-21 09:48:55.268  9187  9631 E tv.alphonso.alphonsoclient.RESTService: 	... 14 more
12-21 09:48:55.268  9187  9631 E tv.alphonso.alphonsoclient.RESTService: Caused by: android.system.ErrnoException: connect failed: ECONNREFUSED (Connection refused)
12-21 09:48:55.268  9187  9631 E tv.alphonso.alphonsoclient.RESTService: 	at libcore.io.Linux.connect(Native Method)
12-21 09:48:55.268  9187  9631 E tv.alphonso.alphonsoclient.RESTService: 	at libcore.io.BlockGuardOs.connect(BlockGuardOs.java:118)
12-21 09:48:55.268  9187  9631 E tv.alphonso.alphonsoclient.RESTService: 	at libcore.io.IoBridge.connectErrno(IoBridge.java:151)
12-21 09:48:55.268  9187  9631 E tv.alphonso.alphonsoclient.RESTService: 	at libcore.io.IoBridge.connect(IoBridge.java:129)
12-21 09:48:55.268  9187  9631 E tv.alphonso.alphonsoclient.RESTService: 	... 22 more
12-21 09:48:55.269  9187  9631 E tv.alphonso.alphonsoclient.AlphonsoClient: ProvServerConfigRequest failed with error 0
12-21 09:48:55.269  9187  9187 E tv.alphonso.service.ProvClient: REST API call response is with error and code: 1
12-21 09:48:55.430  9187  9737 E tv.alphonso.alphonsoclient.HttpRestService: HTTP SocketException, no presponse from server.
12-21 09:48:55.430  9187  9737 E tv.alphonso.alphonsoclient.ViewingInfoAPI: REST API Call to server failed. HTTP code: 1002
