12-21 10:00:10.379 12373 12649 W System.err: 	at tv.alphonso.alphonsoclient.ViewingInfoService.access$200(ViewingInfoService.java:16)
12-21 10:00:10.379 12373 12649 W System.err: 	at tv.alphonso.alphonsoclient.ViewingInfoService$1.handleMessage(ViewingInfoService.java:198)
12-21 10:00:10.380 12373 12373 E tv.alphonso.service.AlphonsoService: Error response is with error code: 1
12-21 10:00:10.655 12373 12649 E tv.alphonso.alphonsoclient.ViewingInfoAPI: JSONException: org.json.JSONException: Value <html><head><title>Burp of type java.lang.String cannot be converted to JSONObject
12-21 10:00:10.656 12373 12649 W System.err: 	at tv.alphonso.alphonsoclient.ViewingInfoAPI.process200(ViewingInfoAPI.java:162)
12-21 10:00:10.656 12373 12649 W System.err: 	at tv.alphonso.alphonsoclient.ViewingInfoAPI.processResponse(ViewingInfoAPI.java:134)
12-21 10:00:10.656 12373 12649 W System.err: 	at tv.alphonso.alphonsoclient.ViewingInfoAPI.sendRequest(ViewingInfoAPI.java:113)
12-21 10:00:10.656 12373 12649 W System.err: 	at tv.alphonso.alphonsoclient.ViewingInfoService.processSendViewingInfoRquest(ViewingInfoService.java:280)
12-21 10:00:10.656 12373 12649 W System.err: 	at tv.alphonso.alphonsoclient.ViewingInfoService.access$200(ViewingInfoService.java:16)
12-21 10:00:10.656 12373 12649 W System.err: 	at tv.alphonso.alphonsoclient.ViewingInfoService$1.handleMessage(ViewingInfoService.java:198)
12-21 10:00:10.656 12373 12373 E tv.alphonso.service.AlphonsoService: Error response is with error code: 1
12-21 10:00:10.690 12401 12426 I chatty  : uid=10150(com.dumadugames.honeyquest) UnityMain identical 1 line
12-21 10:00:10.905 12373 12649 E tv.alphonso.alphonsoclient.ViewingInfoAPI: JSONException: org.json.JSONException: Value <html><head><title>Burp of type java.lang.String cannot be converted to JSONObject
12-21 10:00:10.906 12373 12649 W System.err: 	at tv.alphonso.alphonsoclient.ViewingInfoAPI.process200(ViewingInfoAPI.java:162)
12-21 10:00:10.906 12373 12649 W System.err: 	at tv.alphonso.alphonsoclient.ViewingInfoAPI.processResponse(ViewingInfoAPI.java:134)
12-21 10:00:10.906 12373 12649 W System.err: 	at tv.alphonso.alphonsoclient.ViewingInfoAPI.sendRequest(ViewingInfoAPI.java:113)
12-21 10:00:10.906 12373 12649 W System.err: 	at tv.alphonso.alphonsoclient.ViewingInfoService.processSendViewingInfoRquest(ViewingInfoService.java:280)
12-21 10:00:10.906 12373 12649 W System.err: 	at tv.alphonso.alphonsoclient.ViewingInfoService.access$200(ViewingInfoService.java:16)
12-21 10:00:10.906 12373 12649 W System.err: 	at tv.alphonso.alphonsoclient.ViewingInfoService$1.handleMessage(ViewingInfoService.java:198)
12-21 10:00:10.906 12373 12373 E tv.alphonso.service.AlphonsoService: Error response is with error code: 1
12-21 10:00:11.008 12401 12426 I chatty  : uid=10150(com.dumadugames.honeyquest) UnityMain identical 4 lines
12-21 10:00:11.159 12373 12649 E tv.alphonso.alphonsoclient.ViewingInfoAPI: JSONException: org.json.JSONException: Value <html><head><title>Burp of type java.lang.String cannot be converted to JSONObject
12-21 10:00:11.160 12373 12649 W System.err: 	at tv.alphonso.alphonsoclient.ViewingInfoAPI.process200(ViewingInfoAPI.java:162)
12-21 10:00:11.160 12373 12649 W System.err: 	at tv.alphonso.alphonsoclient.ViewingInfoAPI.processResponse(ViewingInfoAPI.java:134)
12-21 10:00:11.160 12373 12649 W System.err: 	at tv.alphonso.alphonsoclient.ViewingInfoAPI.sendRequest(ViewingInfoAPI.java:113)
12-21 10:00:11.160 12373 12649 W System.err: 	at tv.alphonso.alphonsoclient.ViewingInfoService.processSendViewingInfoRquest(ViewingInfoService.java:280)
12-21 10:00:11.160 12373 12649 W System.err: 	at tv.alphonso.alphonsoclient.ViewingInfoService.access$200(ViewingInfoService.java:16)
12-21 10:00:11.160 12373 12649 W System.err: 	at tv.alphonso.alphonsoclient.ViewingInfoService$1.handleMessage(ViewingInfoService.java:198)
12-21 10:00:11.160 12373 12373 E tv.alphonso.service.AlphonsoService: Error response is with error code: 1
12-21 10:00:11.226 12401 12426 I chatty  : uid=10150(com.dumadugames.honeyquest) UnityMain identical 3 lines
12-21 10:00:11.344 12401 12426 I chatty  : uid=10150(com.dumadugames.honeyquest) UnityMain identical 1 line
12-21 10:00:11.414 12373 12649 E tv.alphonso.alphonsoclient.ViewingInfoAPI: JSONException: org.json.JSONException: Value <html><head><title>Burp of type java.lang.String cannot be converted to JSONObject
12-21 10:00:11.415 12373 12649 W System.err: 	at tv.alphonso.alphonsoclient.ViewingInfoAPI.process200(ViewingInfoAPI.java:162)
12-21 10:00:11.415 12373 12649 W System.err: 	at tv.alphonso.alphonsoclient.ViewingInfoAPI.processResponse(ViewingInfoAPI.java:134)
12-21 10:00:11.415 12373 12649 W System.err: 	at tv.alphonso.alphonsoclient.ViewingInfoAPI.sendRequest(ViewingInfoAPI.java:113)
12-21 10:00:11.415 12373 12649 W System.err: 	at tv.alphonso.alphonsoclient.ViewingInfoService.processSendViewingInfoRquest(ViewingInfoService.java:280)
12-21 10:00:11.415 12373 12649 W System.err: 	at tv.alphonso.alphonsoclient.ViewingInfoService.access$200(ViewingInfoService.java:16)
12-21 10:00:11.415 12373 12649 W System.err: 	at tv.alphonso.alphonsoclient.ViewingInfoService$1.handleMessage(ViewingInfoService.java:198)
12-21 10:00:11.415 12373 12373 E tv.alphonso.service.AlphonsoService: Error response is with error code: 1
12-21 10:00:11.579 12401 12426 I chatty  : uid=10150(com.dumadugames.honeyquest) UnityMain identical 1 line
12-21 10:00:11.663 12401 12426 I chatty  : uid=10150(com.dumadugames.honeyquest) UnityMain identical 3 lines
12-21 10:00:11.682 12373 12649 E tv.alphonso.alphonsoclient.ViewingInfoAPI: JSONException: org.json.JSONException: Value <html><head><title>Burp of type java.lang.String cannot be converted to JSONObject
12-21 10:00:11.682 12373 12649 W System.err: 	at tv.alphonso.alphonsoclient.ViewingInfoAPI.process200(ViewingInfoAPI.java:162)
12-21 10:00:11.682 12373 12649 W System.err: 	at tv.alphonso.alphonsoclient.ViewingInfoAPI.processResponse(ViewingInfoAPI.java:134)
12-21 10:00:11.682 12373 12649 W System.err: 	at tv.alphonso.alphonsoclient.ViewingInfoAPI.sendRequest(ViewingInfoAPI.java:113)
12-21 10:00:11.682 12373 12649 W System.err: 	at tv.alphonso.alphonsoclient.ViewingInfoService.processSendViewingInfoRquest(ViewingInfoService.java:280)
12-21 10:00:11.682 12373 12649 W System.err: 	at tv.alphonso.alphonsoclient.ViewingInfoService.access$200(ViewingInfoService.java:16)
12-21 10:00:11.682 12373 12649 W System.err: 	at tv.alphonso.alphonsoclient.ViewingInfoService$1.handleMessage(ViewingInfoService.java:198)
12-21 10:00:11.682 12373 12373 E tv.alphonso.service.AlphonsoService: Error response is with error code: 1
12-21 10:00:11.864 12401 12426 I chatty  : uid=10150(com.dumadugames.honeyquest) UnityMain identical 3 lines
12-21 10:00:11.937 12373 12649 E tv.alphonso.alphonsoclient.ViewingInfoAPI: JSONException: org.json.JSONException: Value <html><head><title>Burp of type java.lang.String cannot be converted to JSONObject
12-21 10:00:11.938 12373 12649 W System.err: 	at tv.alphonso.alphonsoclient.ViewingInfoAPI.process200(ViewingInfoAPI.java:162)
12-21 10:00:11.938 12373 12649 W System.err: 	at tv.alphonso.alphonsoclient.ViewingInfoAPI.processResponse(ViewingInfoAPI.java:134)
12-21 10:00:11.938 12373 12649 W System.err: 	at tv.alphonso.alphonsoclient.ViewingInfoAPI.sendRequest(ViewingInfoAPI.java:113)
12-21 10:00:11.938 12373 12649 W System.err: 	at tv.alphonso.alphonsoclient.ViewingInfoService.processSendViewingInfoRquest(ViewingInfoService.java:280)
12-21 10:00:11.938 12373 12649 W System.err: 	at tv.alphonso.alphonsoclient.ViewingInfoService.access$200(ViewingInfoService.java:16)
12-21 10:00:11.938 12373 12649 W System.err: 	at tv.alphonso.alphonsoclient.ViewingInfoService$1.handleMessage(ViewingInfoService.java:198)
12-21 10:00:11.939 12373 12373 E tv.alphonso.service.AlphonsoService: Error response is with error code: 1
12-21 10:00:12.098 12401 12411 I ames.honeyques: Background concurrent copying GC freed 204503(10MB) AllocSpace objects, 36(1872KB) LOS objects, 69% free, 5MB/17MB, paused 959us total 170.844ms
12-21 10:00:12.142 12401 12409 I chatty  : uid=10150(com.dumadugames.honeyquest) FinalizerDaemon identical 16 lines
12-21 10:00:12.142 12401 12409 W SQLiteConnectionPool: A SQLiteConnection object for database '/data/user/0/com.dumadugames.honeyquest/databases/OfflineUpload.db' was leaked!  Please fix your application to end transactions in progress properly and to close the database when it is no longer needed.
12-21 10:00:12.143 12401 12409 W SQLiteConnectionPool: A SQLiteConnection object for database '/data/user/0/com.dumadugames.honeyquest/databases/OfflineUpload.db' was leaked!  Please fix your application to end transactions in progress properly and to close the database when it is no longer needed.
12-21 10:00:12.144 12401 12409 W SQLiteConnectionPool: A SQLiteConnection object for database '/data/user/0/com.dumadugames.honeyquest/databases/OfflineUpload.db' was leaked!  Please fix your application to end transactions in progress properly and to close the database when it is no longer needed.
12-21 10:00:12.144 12401 12409 W SQLiteConnectionPool: A SQLiteConnection object for database '/data/user/0/com.dumadugames.honeyquest/databases/OfflineUpload.db' was leaked!  Please fix your application to end transactions in progress properly and to close the database when it is no longer needed.
12-21 10:00:12.145 12401 12409 W SQLiteConnectionPool: A SQLiteConnection object for database '/data/user/0/com.dumadugames.honeyquest/databases/OfflineUpload.db' was leaked!  Please fix your application to end transactions in progress properly and to close the database when it is no longer needed.
12-21 10:00:12.145 12401 12409 W SQLiteConnectionPool: A SQLiteConnection object for database '/data/user/0/com.dumadugames.honeyquest/databases/OfflineUpload.db' was leaked!  Please fix your application to end transactions in progress properly and to close the database when it is no longer needed.
12-21 10:00:12.146 12401 12409 W SQLiteConnectionPool: A SQLiteConnection object for database '/data/user/0/com.dumadugames.honeyquest/databases/OfflineUpload.db' was leaked!  Please fix your application to end transactions in progress properly and to close the database when it is no longer needed.
12-21 10:00:12.147 12401 12409 W SQLiteConnectionPool: A SQLiteConnection object for database '/data/user/0/com.dumadugames.honeyquest/databases/OfflineUpload.db' was leaked!  Please fix your application to end transactions in progress properly and to close the database when it is no longer needed.
12-21 10:00:12.148 12401 12409 W SQLiteConnectionPool: A SQLiteConnection object for database '/data/user/0/com.dumadugames.honeyquest/databases/OfflineUpload.db' was leaked!  Please fix your application to end transactions in progress properly and to close the database when it is no longer needed.
12-21 10:00:12.149 12401 12409 W SQLiteConnectionPool: A SQLiteConnection object for database '/data/user/0/com.dumadugames.honeyquest/databases/OfflineUpload.db' was leaked!  Please fix your application to end transactions in progress properly and to close the database when it is no longer needed.
12-21 10:00:12.149 12401 12409 I chatty  : uid=10150(com.dumadugames.honeyquest) FinalizerDaemon identical 1 line
12-21 10:00:12.150 12401 12409 W SQLiteConnectionPool: A SQLiteConnection object for database '/data/user/0/com.dumadugames.honeyquest/databases/OfflineUpload.db' was leaked!  Please fix your application to end transactions in progress properly and to close the database when it is no longer needed.
12-21 10:00:12.150 12401 12409 W SQLiteConnectionPool: A SQLiteConnection object for database '/data/user/0/com.dumadugames.honeyquest/databases/OfflineUpload.db' was leaked!  Please fix your application to end transactions in progress properly and to close the database when it is no longer needed.
12-21 10:00:12.150 12401 12409 W SQLiteConnectionPool: A SQLiteConnection object for database '/data/user/0/com.dumadugames.honeyquest/databases/OfflineUpload.db' was leaked!  Please fix your application to end transactions in progress properly and to close the database when it is no longer needed.
12-21 10:00:12.151 12401 12409 I chatty  : uid=10150(com.dumadugames.honeyquest) FinalizerDaemon identical 2 lines
12-21 10:00:12.151 12401 12409 W SQLiteConnectionPool: A SQLiteConnection object for database '/data/user/0/com.dumadugames.honeyquest/databases/OfflineUpload.db' was leaked!  Please fix your application to end transactions in progress properly and to close the database when it is no longer needed.
12-21 10:00:12.152 12401 12409 W SQLiteConnectionPool: A SQLiteConnection object for database '/data/user/0/com.dumadugames.honeyquest/databases/OfflineUpload.db' was leaked!  Please fix your application to end transactions in progress properly and to close the database when it is no longer needed.
12-21 10:00:12.152 12401 12409 W SQLiteConnectionPool: A SQLiteConnection object for database '/data/user/0/com.dumadugames.honeyquest/databases/OfflineUpload.db' was leaked!  Please fix your application to end transactions in progress properly and to close the database when it is no longer needed.
12-21 10:00:12.153 12401 12409 W SQLiteConnectionPool: A SQLiteConnection object for database '/data/user/0/com.dumadugames.honeyquest/databases/OfflineUpload.db' was leaked!  Please fix your application to end transactions in progress properly and to close the database when it is no longer needed.
12-21 10:00:12.155 12401 12409 W SQLiteConnectionPool: A SQLiteConnection object for database '/data/user/0/com.dumadugames.honeyquest/databases/OfflineUpload.db' was leaked!  Please fix your application to end transactions in progress properly and to close the database when it is no longer needed.
12-21 10:00:12.190 12401 12426 I chatty  : uid=10150(com.dumadugames.honeyquest) UnityMain identical 1 line
12-21 10:00:12.211 12373 12649 E tv.alphonso.alphonsoclient.ViewingInfoAPI: JSONException: org.json.JSONException: Value <html><head><title>Burp of type java.lang.String cannot be converted to JSONObject
12-21 10:00:12.215 12373 12649 W System.err: 	at tv.alphonso.alphonsoclient.ViewingInfoAPI.process200(ViewingInfoAPI.java:162)
12-21 10:00:12.215 12373 12649 W System.err: 	at tv.alphonso.alphonsoclient.ViewingInfoAPI.processResponse(ViewingInfoAPI.java:134)
12-21 10:00:12.215 12373 12649 W System.err: 	at tv.alphonso.alphonsoclient.ViewingInfoAPI.sendRequest(ViewingInfoAPI.java:113)
12-21 10:00:12.215 12373 12649 W System.err: 	at tv.alphonso.alphonsoclient.ViewingInfoService.processSendViewingInfoRquest(ViewingInfoService.java:280)
12-21 10:00:12.215 12373 12649 W System.err: 	at tv.alphonso.alphonsoclient.ViewingInfoService.access$200(ViewingInfoService.java:16)
12-21 10:00:12.215 12373 12649 W System.err: 	at tv.alphonso.alphonsoclient.ViewingInfoService$1.handleMessage(ViewingInfoService.java:198)
12-21 10:00:12.215 12373 12373 E tv.alphonso.service.AlphonsoService: Error response is with error code: 1
12-21 10:00:12.391 12401 12426 I chatty  : uid=10150(com.dumadugames.honeyquest) UnityMain identical 1 line
12-21 10:00:12.485 12373 12649 E tv.alphonso.alphonsoclient.ViewingInfoAPI: JSONException: org.json.JSONException: Value <html><head><title>Burp of type java.lang.String cannot be converted to JSONObject
12-21 10:00:12.486 12373 12649 W System.err: 	at tv.alphonso.alphonsoclient.ViewingInfoAPI.process200(ViewingInfoAPI.java:162)
12-21 10:00:12.486 12373 12649 W System.err: 	at tv.alphonso.alphonsoclient.ViewingInfoAPI.processResponse(ViewingInfoAPI.java:134)
12-21 10:00:12.486 12373 12649 W System.err: 	at tv.alphonso.alphonsoclient.ViewingInfoAPI.sendRequest(ViewingInfoAPI.java:113)
12-21 10:00:12.486 12373 12649 W System.err: 	at tv.alphonso.alphonsoclient.ViewingInfoService.processSendViewingInfoRquest(ViewingInfoService.java:280)
12-21 10:00:12.486 12373 12649 W System.err: 	at tv.alphonso.alphonsoclient.ViewingInfoService.access$200(ViewingInfoService.java:16)
12-21 10:00:12.486 12373 12649 W System.err: 	at tv.alphonso.alphonsoclient.ViewingInfoService$1.handleMessage(ViewingInfoService.java:198)
12-21 10:00:12.486 12373 12373 E tv.alphonso.service.AlphonsoService: Error response is with error code: 1
12-21 10:00:12.530 12401 12401 D ConnectivityManager: requestNetwork and the calling app is: com.dumadugames.honeyquest
12-21 10:00:12.594  1265  1290 I ActivityManager: Start proc 12670:com.android.chrome:sandboxed_process1/u0i114 for webview_service com.dumadugames.honeyquest/org.chromium.content.app.SandboxedProcessService1
12-21 10:00:12.756 12373 12649 E tv.alphonso.alphonsoclient.ViewingInfoAPI: JSONException: org.json.JSONException: Value <html><head><title>Burp of type java.lang.String cannot be converted to JSONObject
12-21 10:00:12.757 12373 12649 W System.err: 	at tv.alphonso.alphonsoclient.ViewingInfoAPI.process200(ViewingInfoAPI.java:162)
12-21 10:00:12.757 12373 12649 W System.err: 	at tv.alphonso.alphonsoclient.ViewingInfoAPI.processResponse(ViewingInfoAPI.java:134)
12-21 10:00:12.757 12373 12649 W System.err: 	at tv.alphonso.alphonsoclient.ViewingInfoAPI.sendRequest(ViewingInfoAPI.java:113)
12-21 10:00:12.757 12373 12649 W System.err: 	at tv.alphonso.alphonsoclient.ViewingInfoService.processSendViewingInfoRquest(ViewingInfoService.java:280)
12-21 10:00:12.757 12373 12649 W System.err: 	at tv.alphonso.alphonsoclient.ViewingInfoService.access$200(ViewingInfoService.java:16)
12-21 10:00:12.757 12373 12649 W System.err: 	at tv.alphonso.alphonsoclient.ViewingInfoService$1.handleMessage(ViewingInfoService.java:198)
12-21 10:00:12.761 12373 12373 E tv.alphonso.service.AlphonsoService: Error response is with error code: 1
12-21 10:00:12.979 12401 12426 I chatty  : uid=10150(com.dumadugames.honeyquest) UnityMain identical 5 lines
12-21 10:00:13.035 12373 12649 E tv.alphonso.alphonsoclient.ViewingInfoAPI: JSONException: org.json.JSONException: Value <html><head><title>Burp of type java.lang.String cannot be converted to JSONObject
12-21 10:00:13.035 12373 12649 W System.err: 	at tv.alphonso.alphonsoclient.ViewingInfoAPI.process200(ViewingInfoAPI.java:162)
12-21 10:00:13.035 12373 12649 W System.err: 	at tv.alphonso.alphonsoclient.ViewingInfoAPI.processResponse(ViewingInfoAPI.java:134)
12-21 10:00:13.035 12373 12649 W System.err: 	at tv.alphonso.alphonsoclient.ViewingInfoAPI.sendRequest(ViewingInfoAPI.java:113)
12-21 10:00:13.035 12373 12649 W System.err: 	at tv.alphonso.alphonsoclient.ViewingInfoService.processSendViewingInfoRquest(ViewingInfoService.java:280)
12-21 10:00:13.035 12373 12649 W System.err: 	at tv.alphonso.alphonsoclient.ViewingInfoService.access$200(ViewingInfoService.java:16)
12-21 10:00:13.035 12373 12649 W System.err: 	at tv.alphonso.alphonsoclient.ViewingInfoService$1.handleMessage(ViewingInfoService.java:198)
12-21 10:00:13.038 12373 12373 E tv.alphonso.service.AlphonsoService: Error response is with error code: 1
12-21 10:00:13.097 12401 12426 I chatty  : uid=10150(com.dumadugames.honeyquest) UnityMain identical 1 line
12-21 10:00:13.184 12401 12426 I chatty  : uid=10150(com.dumadugames.honeyquest) UnityMain identical 1 line
12-21 10:00:13.300 12373 12649 E tv.alphonso.alphonsoclient.ViewingInfoAPI: JSONException: org.json.JSONException: Value <html><head><title>Burp of type java.lang.String cannot be converted to JSONObject
12-21 10:00:13.301 12373 12649 W System.err: 	at tv.alphonso.alphonsoclient.ViewingInfoAPI.process200(ViewingInfoAPI.java:162)
12-21 10:00:13.301 12373 12649 W System.err: 	at tv.alphonso.alphonsoclient.ViewingInfoAPI.processResponse(ViewingInfoAPI.java:134)
12-21 10:00:13.301 12373 12649 W System.err: 	at tv.alphonso.alphonsoclient.ViewingInfoAPI.sendRequest(ViewingInfoAPI.java:113)
12-21 10:00:13.301 12373 12649 W System.err: 	at tv.alphonso.alphonsoclient.ViewingInfoService.processSendViewingInfoRquest(ViewingInfoService.java:280)
12-21 10:00:13.301 12373 12649 W System.err: 	at tv.alphonso.alphonsoclient.ViewingInfoService.access$200(ViewingInfoService.java:16)
12-21 10:00:13.301 12373 12649 W System.err: 	at tv.alphonso.alphonsoclient.ViewingInfoService$1.handleMessage(ViewingInfoService.java:198)
12-21 10:00:13.301 12373 12373 E tv.alphonso.service.AlphonsoService: Error response is with error code: 1
12-21 10:00:13.382 12401 12426 I chatty  : uid=10150(com.dumadugames.honeyquest) UnityMain identical 2 lines
12-21 10:00:13.552 12373 12649 E tv.alphonso.alphonsoclient.ViewingInfoAPI: JSONException: org.json.JSONException: Value <html><head><title>Burp of type java.lang.String cannot be converted to JSONObject
12-21 10:00:13.552 12373 12649 W System.err: 	at tv.alphonso.alphonsoclient.ViewingInfoAPI.process200(ViewingInfoAPI.java:162)
12-21 10:00:13.552 12373 12649 W System.err: 	at tv.alphonso.alphonsoclient.ViewingInfoAPI.processResponse(ViewingInfoAPI.java:134)
12-21 10:00:13.552 12373 12649 W System.err: 	at tv.alphonso.alphonsoclient.ViewingInfoAPI.sendRequest(ViewingInfoAPI.java:113)
12-21 10:00:13.552 12373 12649 W System.err: 	at tv.alphonso.alphonsoclient.ViewingInfoService.processSendViewingInfoRquest(ViewingInfoService.java:280)
12-21 10:00:13.552 12373 12649 W System.err: 	at tv.alphonso.alphonsoclient.ViewingInfoService.access$200(ViewingInfoService.java:16)
12-21 10:00:13.552 12373 12649 W System.err: 	at tv.alphonso.alphonsoclient.ViewingInfoService$1.handleMessage(ViewingInfoService.java:198)
12-21 10:00:13.553 12373 12373 E tv.alphonso.service.AlphonsoService: Error response is with error code: 1
12-21 10:00:13.667 12401 12426 I chatty  : uid=10150(com.dumadugames.honeyquest) UnityMain identical 3 lines
12-21 10:00:13.810 12373 12649 E tv.alphonso.alphonsoclient.ViewingInfoAPI: JSONException: org.json.JSONException: Value <html><head><title>Burp of type java.lang.String cannot be converted to JSONObject
12-21 10:00:13.810 12373 12649 W System.err: 	at tv.alphonso.alphonsoclient.ViewingInfoAPI.process200(ViewingInfoAPI.java:162)
12-21 10:00:13.810 12373 12649 W System.err: 	at tv.alphonso.alphonsoclient.ViewingInfoAPI.processResponse(ViewingInfoAPI.java:134)
12-21 10:00:13.810 12373 12649 W System.err: 	at tv.alphonso.alphonsoclient.ViewingInfoAPI.sendRequest(ViewingInfoAPI.java:113)
12-21 10:00:13.810 12373 12649 W System.err: 	at tv.alphonso.alphonsoclient.ViewingInfoService.processSendViewingInfoRquest(ViewingInfoService.java:280)
12-21 10:00:13.810 12373 12649 W System.err: 	at tv.alphonso.alphonsoclient.ViewingInfoService.access$200(ViewingInfoService.java:16)
12-21 10:00:13.810 12373 12649 W System.err: 	at tv.alphonso.alphonsoclient.ViewingInfoService$1.handleMessage(ViewingInfoService.java:198)
12-21 10:00:13.810 12373 12373 E tv.alphonso.service.AlphonsoService: Error response is with error code: 1
12-21 10:00:13.886 12401 12426 I chatty  : uid=10150(com.dumadugames.honeyquest) UnityMain identical 4 lines
12-21 10:00:14.020 12401 12426 I chatty  : uid=10150(com.dumadugames.honeyquest) UnityMain identical 1 line
12-21 10:00:14.064 12373 12649 E tv.alphonso.alphonsoclient.ViewingInfoAPI: JSONException: org.json.JSONException: Value <html><head><title>Burp of type java.lang.String cannot be converted to JSONObject
12-21 10:00:14.064 12373 12649 W System.err: 	at tv.alphonso.alphonsoclient.ViewingInfoAPI.process200(ViewingInfoAPI.java:162)
12-21 10:00:14.064 12373 12649 W System.err: 	at tv.alphonso.alphonsoclient.ViewingInfoAPI.processResponse(ViewingInfoAPI.java:134)
12-21 10:00:14.064 12373 12649 W System.err: 	at tv.alphonso.alphonsoclient.ViewingInfoAPI.sendRequest(ViewingInfoAPI.java:113)
12-21 10:00:14.064 12373 12649 W System.err: 	at tv.alphonso.alphonsoclient.ViewingInfoService.processSendViewingInfoRquest(ViewingInfoService.java:280)
12-21 10:00:14.064 12373 12649 W System.err: 	at tv.alphonso.alphonsoclient.ViewingInfoService.access$200(ViewingInfoService.java:16)
12-21 10:00:14.064 12373 12649 W System.err: 	at tv.alphonso.alphonsoclient.ViewingInfoService$1.handleMessage(ViewingInfoService.java:198)
12-21 10:00:14.064 12373 12373 E tv.alphonso.service.AlphonsoService: Error response is with error code: 1
12-21 10:00:14.198  1265 12702 D HwWifiConnectivityMonitor: ENTER: notifyTopUidTcpInfo, rtt = 1368, rttPkts = 168, aveRtt = 8.142858, app = com.dumadugames.honeyquest
12-21 10:00:14.198  1265 12702 D HwUidTcpMonitor: parseWlanUidTcpStatistics lastUidTcpStatInfo = [ mUid = 10150 mPacketName = com.dumadugames.honeyquest mSendSegs = 38368 mResendSegs = 4 mRcvSegs = 38358 ]
12-21 10:00:14.314 12373 12649 E tv.alphonso.alphonsoclient.ViewingInfoAPI: JSONException: org.json.JSONException: Value <html><head><title>Burp of type java.lang.String cannot be converted to JSONObject
12-21 10:00:14.314 12373 12649 W System.err: 	at tv.alphonso.alphonsoclient.ViewingInfoAPI.process200(ViewingInfoAPI.java:162)
12-21 10:00:14.314 12373 12649 W System.err: 	at tv.alphonso.alphonsoclient.ViewingInfoAPI.processResponse(ViewingInfoAPI.java:134)
12-21 10:00:14.314 12373 12649 W System.err: 	at tv.alphonso.alphonsoclient.ViewingInfoAPI.sendRequest(ViewingInfoAPI.java:113)
12-21 10:00:14.314 12373 12649 W System.err: 	at tv.alphonso.alphonsoclient.ViewingInfoService.processSendViewingInfoRquest(ViewingInfoService.java:280)
12-21 10:00:14.314 12373 12649 W System.err: 	at tv.alphonso.alphonsoclient.ViewingInfoService.access$200(ViewingInfoService.java:16)
12-21 10:00:14.314 12373 12649 W System.err: 	at tv.alphonso.alphonsoclient.ViewingInfoService$1.handleMessage(ViewingInfoService.java:198)
12-21 10:00:14.315 12373 12373 E tv.alphonso.service.AlphonsoService: Error response is with error code: 1
12-21 10:00:14.580 12373 12649 E tv.alphonso.alphonsoclient.ViewingInfoAPI: JSONException: org.json.JSONException: Value <html><head><title>Burp of type java.lang.String cannot be converted to JSONObject
12-21 10:00:14.580 12373 12649 W System.err: 	at tv.alphonso.alphonsoclient.ViewingInfoAPI.process200(ViewingInfoAPI.java:162)
12-21 10:00:14.580 12373 12649 W System.err: 	at tv.alphonso.alphonsoclient.ViewingInfoAPI.processResponse(ViewingInfoAPI.java:134)
12-21 10:00:14.580 12373 12649 W System.err: 	at tv.alphonso.alphonsoclient.ViewingInfoAPI.sendRequest(ViewingInfoAPI.java:113)
12-21 10:00:14.580 12373 12649 W System.err: 	at tv.alphonso.alphonsoclient.ViewingInfoService.processSendViewingInfoRquest(ViewingInfoService.java:280)
12-21 10:00:14.580 12373 12649 W System.err: 	at tv.alphonso.alphonsoclient.ViewingInfoService.access$200(ViewingInfoService.java:16)
12-21 10:00:14.580 12373 12649 W System.err: 	at tv.alphonso.alphonsoclient.ViewingInfoService$1.handleMessage(ViewingInfoService.java:198)
12-21 10:00:14.581 12373 12373 E tv.alphonso.service.AlphonsoService: Error response is with error code: 1
12-21 10:00:14.708 12401 12426 I chatty  : uid=10150(com.dumadugames.honeyquest) UnityMain identical 1 line
12-21 10:00:14.835 12373 12649 E tv.alphonso.alphonsoclient.ViewingInfoAPI: JSONException: org.json.JSONException: Value <html><head><title>Burp of type java.lang.String cannot be converted to JSONObject
12-21 10:00:14.836 12373 12649 W System.err: 	at tv.alphonso.alphonsoclient.ViewingInfoAPI.process200(ViewingInfoAPI.java:162)
12-21 10:00:14.836 12373 12649 W System.err: 	at tv.alphonso.alphonsoclient.ViewingInfoAPI.processResponse(ViewingInfoAPI.java:134)
12-21 10:00:14.836 12373 12649 W System.err: 	at tv.alphonso.alphonsoclient.ViewingInfoAPI.sendRequest(ViewingInfoAPI.java:113)
12-21 10:00:14.836 12373 12649 W System.err: 	at tv.alphonso.alphonsoclient.ViewingInfoService.processSendViewingInfoRquest(ViewingInfoService.java:280)
12-21 10:00:14.836 12373 12649 W System.err: 	at tv.alphonso.alphonsoclient.ViewingInfoService.access$200(ViewingInfoService.java:16)
12-21 10:00:14.836 12373 12649 W System.err: 	at tv.alphonso.alphonsoclient.ViewingInfoService$1.handleMessage(ViewingInfoService.java:198)
12-21 10:00:14.837 12373 12373 E tv.alphonso.service.AlphonsoService: Error response is with error code: 1
12-21 10:00:15.044 12401 12426 I chatty  : uid=10150(com.dumadugames.honeyquest) UnityMain identical 4 lines
12-21 10:00:15.108 12373 12649 E tv.alphonso.alphonsoclient.ViewingInfoAPI: JSONException: org.json.JSONException: Value <html><head><title>Burp of type java.lang.String cannot be converted to JSONObject
12-21 10:00:15.108 12373 12649 W System.err: 	at tv.alphonso.alphonsoclient.ViewingInfoAPI.process200(ViewingInfoAPI.java:162)
12-21 10:00:15.108 12373 12649 W System.err: 	at tv.alphonso.alphonsoclient.ViewingInfoAPI.processResponse(ViewingInfoAPI.java:134)
12-21 10:00:15.108 12373 12649 W System.err: 	at tv.alphonso.alphonsoclient.ViewingInfoAPI.sendRequest(ViewingInfoAPI.java:113)
12-21 10:00:15.110 12373 12649 W System.err: 	at tv.alphonso.alphonsoclient.ViewingInfoService.processSendViewingInfoRquest(ViewingInfoService.java:280)
12-21 10:00:15.110 12373 12649 W System.err: 	at tv.alphonso.alphonsoclient.ViewingInfoService.access$200(ViewingInfoService.java:16)
12-21 10:00:15.110 12373 12649 W System.err: 	at tv.alphonso.alphonsoclient.ViewingInfoService$1.handleMessage(ViewingInfoService.java:198)
12-21 10:00:15.110 12373 12373 E tv.alphonso.service.AlphonsoService: Error response is with error code: 1
12-21 10:00:15.228 12401 12426 I chatty  : uid=10150(com.dumadugames.honeyquest) UnityMain identical 3 lines
12-21 10:00:15.279 12401 12426 I chatty  : uid=10150(com.dumadugames.honeyquest) UnityMain identical 1 line
12-21 10:00:15.362 12373 12649 E tv.alphonso.alphonsoclient.ViewingInfoAPI: JSONException: org.json.JSONException: Value <html><head><title>Burp of type java.lang.String cannot be converted to JSONObject
12-21 10:00:15.362 12373 12649 W System.err: 	at tv.alphonso.alphonsoclient.ViewingInfoAPI.process200(ViewingInfoAPI.java:162)
12-21 10:00:15.362 12373 12649 W System.err: 	at tv.alphonso.alphonsoclient.ViewingInfoAPI.processResponse(ViewingInfoAPI.java:134)
12-21 10:00:15.362 12373 12649 W System.err: 	at tv.alphonso.alphonsoclient.ViewingInfoAPI.sendRequest(ViewingInfoAPI.java:113)
12-21 10:00:15.362 12373 12649 W System.err: 	at tv.alphonso.alphonsoclient.ViewingInfoService.processSendViewingInfoRquest(ViewingInfoService.java:280)
12-21 10:00:15.362 12373 12649 W System.err: 	at tv.alphonso.alphonsoclient.ViewingInfoService.access$200(ViewingInfoService.java:16)
12-21 10:00:15.362 12373 12649 W System.err: 	at tv.alphonso.alphonsoclient.ViewingInfoService$1.handleMessage(ViewingInfoService.java:198)
12-21 10:00:15.362 12373 12373 E tv.alphonso.service.AlphonsoService: Error response is with error code: 1
12-21 10:00:15.380 12401 12426 I chatty  : uid=10150(com.dumadugames.honeyquest) UnityMain identical 1 line
12-21 10:00:15.498 12401 12426 I chatty  : uid=10150(com.dumadugames.honeyquest) UnityMain identical 1 line
12-21 10:00:15.563 12401 12411 I ames.honeyques: Background concurrent copying GC freed 194178(10MB) AllocSpace objects, 34(1768KB) LOS objects, 67% free, 5MB/17MB, paused 340us total 123.556ms
12-21 10:00:15.581 12401 12409 W SQLiteConnectionPool: A SQLiteConnection object for database '/data/user/0/com.dumadugames.honeyquest/databases/OfflineUpload.db' was leaked!  Please fix your application to end transactions in progress properly and to close the database when it is no longer needed.
12-21 10:00:15.582 12401 12409 W SQLiteConnectionPool: A SQLiteConnection object for database '/data/user/0/com.dumadugames.honeyquest/databases/OfflineUpload.db' was leaked!  Please fix your application to end transactions in progress properly and to close the database when it is no longer needed.
12-21 10:00:15.582 12401 12409 W SQLiteConnectionPool: A SQLiteConnection object for database '/data/user/0/com.dumadugames.honeyquest/databases/OfflineUpload.db' was leaked!  Please fix your application to end transactions in progress properly and to close the database when it is no longer needed.
12-21 10:00:15.583 12401 12409 I chatty  : uid=10150(com.dumadugames.honeyquest) FinalizerDaemon identical 1 line
12-21 10:00:15.583 12401 12409 W SQLiteConnectionPool: A SQLiteConnection object for database '/data/user/0/com.dumadugames.honeyquest/databases/OfflineUpload.db' was leaked!  Please fix your application to end transactions in progress properly and to close the database when it is no longer needed.
12-21 10:00:15.583 12401 12409 W SQLiteConnectionPool: A SQLiteConnection object for database '/data/user/0/com.dumadugames.honeyquest/databases/OfflineUpload.db' was leaked!  Please fix your application to end transactions in progress properly and to close the database when it is no longer needed.
12-21 10:00:15.584 12401 12409 W SQLiteConnectionPool: A SQLiteConnection object for database '/data/user/0/com.dumadugames.honeyquest/databases/OfflineUpload.db' was leaked!  Please fix your application to end transactions in progress properly and to close the database when it is no longer needed.
12-21 10:00:15.584 12401 12409 W SQLiteConnectionPool: A SQLiteConnection object for database '/data/user/0/com.dumadugames.honeyquest/databases/OfflineUpload.db' was leaked!  Please fix your application to end transactions in progress properly and to close the database when it is no longer needed.
12-21 10:00:15.584 12401 12409 I chatty  : uid=10150(com.dumadugames.honeyquest) FinalizerDaemon identical 1 line
12-21 10:00:15.585 12401 12409 W SQLiteConnectionPool: A SQLiteConnection object for database '/data/user/0/com.dumadugames.honeyquest/databases/OfflineUpload.db' was leaked!  Please fix your application to end transactions in progress properly and to close the database when it is no longer needed.
12-21 10:00:15.585 12401 12409 W SQLiteConnectionPool: A SQLiteConnection object for database '/data/user/0/com.dumadugames.honeyquest/databases/OfflineUpload.db' was leaked!  Please fix your application to end transactions in progress properly and to close the database when it is no longer needed.
12-21 10:00:15.585 12401 12409 W SQLiteConnectionPool: A SQLiteConnection object for database '/data/user/0/com.dumadugames.honeyquest/databases/OfflineUpload.db' was leaked!  Please fix your application to end transactions in progress properly and to close the database when it is no longer needed.
12-21 10:00:15.585 12401 12409 W SQLiteConnectionPool: A SQLiteConnection object for database '/data/user/0/com.dumadugames.honeyquest/databases/OfflineUpload.db' was leaked!  Please fix your application to end transactions in progress properly and to close the database when it is no longer needed.
12-21 10:00:15.586 12401 12409 W SQLiteConnectionPool: A SQLiteConnection object for database '/data/user/0/com.dumadugames.honeyquest/databases/OfflineUpload.db' was leaked!  Please fix your application to end transactions in progress properly and to close the database when it is no longer needed.
12-21 10:00:15.586 12401 12409 W SQLiteConnectionPool: A SQLiteConnection object for database '/data/user/0/com.dumadugames.honeyquest/databases/OfflineUpload.db' was leaked!  Please fix your application to end transactions in progress properly and to close the database when it is no longer needed.
12-21 10:00:15.587 12401 12409 W SQLiteConnectionPool: A SQLiteConnection object for database '/data/user/0/com.dumadugames.honeyquest/databases/OfflineUpload.db' was leaked!  Please fix your application to end transactions in progress properly and to close the database when it is no longer needed.
12-21 10:00:15.588 12401 12409 W SQLiteConnectionPool: A SQLiteConnection object for database '/data/user/0/com.dumadugames.honeyquest/databases/OfflineUpload.db' was leaked!  Please fix your application to end transactions in progress properly and to close the database when it is no longer needed.
12-21 10:00:15.588 12401 12409 W SQLiteConnectionPool: A SQLiteConnection object for database '/data/user/0/com.dumadugames.honeyquest/databases/OfflineUpload.db' was leaked!  Please fix your application to end transactions in progress properly and to close the database when it is no longer needed.
12-21 10:00:15.590 12401 12409 W SQLiteConnectionPool: A SQLiteConnection object for database '/data/user/0/com.dumadugames.honeyquest/databases/OfflineUpload.db' was leaked!  Please fix your application to end transactions in progress properly and to close the database when it is no longer needed.
12-21 10:00:15.590 12401 12409 I chatty  : uid=10150(com.dumadugames.honeyquest) FinalizerDaemon identical 1 line
12-21 10:00:15.590 12401 12409 W SQLiteConnectionPool: A SQLiteConnection object for database '/data/user/0/com.dumadugames.honeyquest/databases/OfflineUpload.db' was leaked!  Please fix your application to end transactions in progress properly and to close the database when it is no longer needed.
12-21 10:00:15.591 12401 12409 W SQLiteConnectionPool: A SQLiteConnection object for database '/data/user/0/com.dumadugames.honeyquest/databases/OfflineUpload.db' was leaked!  Please fix your application to end transactions in progress properly and to close the database when it is no longer needed.
12-21 10:00:15.591 12401 12409 W SQLiteConnectionPool: A SQLiteConnection object for database '/data/user/0/com.dumadugames.honeyquest/databases/OfflineUpload.db' was leaked!  Please fix your application to end transactions in progress properly and to close the database when it is no longer needed.
12-21 10:00:15.592 12401 12409 W SQLiteConnectionPool: A SQLiteConnection object for database '/data/user/0/com.dumadugames.honeyquest/databases/OfflineUpload.db' was leaked!  Please fix your application to end transactions in progress properly and to close the database when it is no longer needed.
12-21 10:00:15.594 12401 12409 I chatty  : uid=10150(com.dumadugames.honeyquest) FinalizerDaemon identical 15 lines
12-21 10:00:15.613 12373 12649 E tv.alphonso.alphonsoclient.ViewingInfoAPI: JSONException: org.json.JSONException: Value <html><head><title>Burp of type java.lang.String cannot be converted to JSONObject
12-21 10:00:15.614 12373 12649 W System.err: 	at tv.alphonso.alphonsoclient.ViewingInfoAPI.process200(ViewingInfoAPI.java:162)
12-21 10:00:15.614 12373 12649 W System.err: 	at tv.alphonso.alphonsoclient.ViewingInfoAPI.processResponse(ViewingInfoAPI.java:134)
12-21 10:00:15.614 12373 12649 W System.err: 	at tv.alphonso.alphonsoclient.ViewingInfoAPI.sendRequest(ViewingInfoAPI.java:113)
12-21 10:00:15.614 12373 12649 W System.err: 	at tv.alphonso.alphonsoclient.ViewingInfoService.processSendViewingInfoRquest(ViewingInfoService.java:280)
12-21 10:00:15.614 12373 12649 W System.err: 	at tv.alphonso.alphonsoclient.ViewingInfoService.access$200(ViewingInfoService.java:16)
12-21 10:00:15.614 12373 12649 W System.err: 	at tv.alphonso.alphonsoclient.ViewingInfoService$1.handleMessage(ViewingInfoService.java:198)
12-21 10:00:15.614 12373 12373 E tv.alphonso.service.AlphonsoService: Error response is with error code: 1
12-21 10:00:15.699 12401 12426 I chatty  : uid=10150(com.dumadugames.honeyquest) UnityMain identical 4 lines
12-21 10:00:15.816 12401 12426 I chatty  : uid=10150(com.dumadugames.honeyquest) UnityMain identical 1 line
12-21 10:00:15.864 12373 12649 E tv.alphonso.alphonsoclient.ViewingInfoAPI: JSONException: org.json.JSONException: Value <html><head><title>Burp of type java.lang.String cannot be converted to JSONObject
12-21 10:00:15.864 12373 12649 W System.err: 	at tv.alphonso.alphonsoclient.ViewingInfoAPI.process200(ViewingInfoAPI.java:162)
12-21 10:00:15.864 12373 12649 W System.err: 	at tv.alphonso.alphonsoclient.ViewingInfoAPI.processResponse(ViewingInfoAPI.java:134)
12-21 10:00:15.864 12373 12649 W System.err: 	at tv.alphonso.alphonsoclient.ViewingInfoAPI.sendRequest(ViewingInfoAPI.java:113)
12-21 10:00:15.864 12373 12649 W System.err: 	at tv.alphonso.alphonsoclient.ViewingInfoService.processSendViewingInfoRquest(ViewingInfoService.java:280)
12-21 10:00:15.864 12373 12649 W System.err: 	at tv.alphonso.alphonsoclient.ViewingInfoService.access$200(ViewingInfoService.java:16)
12-21 10:00:15.864 12373 12649 W System.err: 	at tv.alphonso.alphonsoclient.ViewingInfoService$1.handleMessage(ViewingInfoService.java:198)
12-21 10:00:15.865 12373 12373 E tv.alphonso.service.AlphonsoService: Error response is with error code: 1
12-21 10:00:15.917 12401 12426 I chatty  : uid=10150(com.dumadugames.honeyquest) UnityMain identical 3 lines
12-21 10:00:16.114 12373 12649 E tv.alphonso.alphonsoclient.ViewingInfoAPI: JSONException: org.json.JSONException: Value <html><head><title>Burp of type java.lang.String cannot be converted to JSONObject
12-21 10:00:16.114 12373 12649 W System.err: 	at tv.alphonso.alphonsoclient.ViewingInfoAPI.process200(ViewingInfoAPI.java:162)
12-21 10:00:16.114 12373 12649 W System.err: 	at tv.alphonso.alphonsoclient.ViewingInfoAPI.processResponse(ViewingInfoAPI.java:134)
12-21 10:00:16.114 12373 12649 W System.err: 	at tv.alphonso.alphonsoclient.ViewingInfoAPI.sendRequest(ViewingInfoAPI.java:113)
12-21 10:00:16.114 12373 12649 W System.err: 	at tv.alphonso.alphonsoclient.ViewingInfoService.processSendViewingInfoRquest(ViewingInfoService.java:280)
12-21 10:00:16.114 12373 12649 W System.err: 	at tv.alphonso.alphonsoclient.ViewingInfoService.access$200(ViewingInfoService.java:16)
12-21 10:00:16.114 12373 12649 W System.err: 	at tv.alphonso.alphonsoclient.ViewingInfoService$1.handleMessage(ViewingInfoService.java:198)
12-21 10:00:16.115 12373 12373 E tv.alphonso.service.AlphonsoService: Error response is with error code: 1
12-21 10:00:16.365 12373 12649 E tv.alphonso.alphonsoclient.ViewingInfoAPI: JSONException: org.json.JSONException: Value <html><head><title>Burp of type java.lang.String cannot be converted to JSONObject
12-21 10:00:16.365 12373 12649 W System.err: 	at tv.alphonso.alphonsoclient.ViewingInfoAPI.process200(ViewingInfoAPI.java:162)
12-21 10:00:16.365 12373 12649 W System.err: 	at tv.alphonso.alphonsoclient.ViewingInfoAPI.processResponse(ViewingInfoAPI.java:134)
12-21 10:00:16.365 12373 12649 W System.err: 	at tv.alphonso.alphonsoclient.ViewingInfoAPI.sendRequest(ViewingInfoAPI.java:113)
12-21 10:00:16.365 12373 12649 W System.err: 	at tv.alphonso.alphonsoclient.ViewingInfoService.processSendViewingInfoRquest(ViewingInfoService.java:280)
12-21 10:00:16.365 12373 12649 W System.err: 	at tv.alphonso.alphonsoclient.ViewingInfoService.access$200(ViewingInfoService.java:16)
12-21 10:00:16.365 12373 12649 W System.err: 	at tv.alphonso.alphonsoclient.ViewingInfoService$1.handleMessage(ViewingInfoService.java:198)
12-21 10:00:16.366 12373 12373 E tv.alphonso.service.AlphonsoService: Error response is with error code: 1
12-21 10:00:16.636 12373 12649 E tv.alphonso.alphonsoclient.ViewingInfoAPI: JSONException: org.json.JSONException: Value <html><head><title>Burp of type java.lang.String cannot be converted to JSONObject
12-21 10:00:16.636 12373 12649 W System.err: 	at tv.alphonso.alphonsoclient.ViewingInfoAPI.process200(ViewingInfoAPI.java:162)
12-21 10:00:16.636 12373 12649 W System.err: 	at tv.alphonso.alphonsoclient.ViewingInfoAPI.processResponse(ViewingInfoAPI.java:134)
12-21 10:00:16.636 12373 12649 W System.err: 	at tv.alphonso.alphonsoclient.ViewingInfoAPI.sendRequest(ViewingInfoAPI.java:113)
12-21 10:00:16.637 12373 12649 W System.err: 	at tv.alphonso.alphonsoclient.ViewingInfoService.processSendViewingInfoRquest(ViewingInfoService.java:280)
12-21 10:00:16.639 12373 12649 W System.err: 	at tv.alphonso.alphonsoclient.ViewingInfoService.access$200(ViewingInfoService.java:16)
12-21 10:00:16.639 12373 12649 W System.err: 	at tv.alphonso.alphonsoclient.ViewingInfoService$1.handleMessage(ViewingInfoService.java:198)
12-21 10:00:16.640 12373 12373 E tv.alphonso.service.AlphonsoService: Error response is with error code: 1
12-21 10:00:16.874 12401 12426 I chatty  : uid=10150(com.dumadugames.honeyquest) UnityMain identical 5 lines
12-21 10:00:16.914 12373 12649 E tv.alphonso.alphonsoclient.ViewingInfoAPI: JSONException: org.json.JSONException: Value <html><head><title>Burp of type java.lang.String cannot be converted to JSONObject
12-21 10:00:16.918 12373 12649 W System.err: 	at tv.alphonso.alphonsoclient.ViewingInfoAPI.process200(ViewingInfoAPI.java:162)
12-21 10:00:16.918 12373 12649 W System.err: 	at tv.alphonso.alphonsoclient.ViewingInfoAPI.processResponse(ViewingInfoAPI.java:134)
12-21 10:00:16.918 12373 12649 W System.err: 	at tv.alphonso.alphonsoclient.ViewingInfoAPI.sendRequest(ViewingInfoAPI.java:113)
12-21 10:00:16.918 12373 12649 W System.err: 	at tv.alphonso.alphonsoclient.ViewingInfoService.processSendViewingInfoRquest(ViewingInfoService.java:280)
12-21 10:00:16.918 12373 12649 W System.err: 	at tv.alphonso.alphonsoclient.ViewingInfoService.access$200(ViewingInfoService.java:16)
12-21 10:00:16.918 12373 12649 W System.err: 	at tv.alphonso.alphonsoclient.ViewingInfoService$1.handleMessage(ViewingInfoService.java:198)
12-21 10:00:16.918 12373 12373 E tv.alphonso.service.AlphonsoService: Error response is with error code: 1
12-21 10:00:16.991 12401 12426 I chatty  : uid=10150(com.dumadugames.honeyquest) UnityMain identical 1 line
12-21 10:00:17.041 12401 12426 I chatty  : uid=10150(com.dumadugames.honeyquest) UnityMain identical 1 line
12-21 10:00:17.092 12401 12426 I chatty  : uid=10150(com.dumadugames.honeyquest) UnityMain identical 1 line
12-21 10:00:17.185 12373 12649 E tv.alphonso.alphonsoclient.ViewingInfoAPI: JSONException: org.json.JSONException: Value <html><head><title>Burp of type java.lang.String cannot be converted to JSONObject
12-21 10:00:17.186 12373 12649 W System.err: 	at tv.alphonso.alphonsoclient.ViewingInfoAPI.process200(ViewingInfoAPI.java:162)
12-21 10:00:17.186 12373 12649 W System.err: 	at tv.alphonso.alphonsoclient.ViewingInfoAPI.processResponse(ViewingInfoAPI.java:134)
12-21 10:00:17.186 12373 12649 W System.err: 	at tv.alphonso.alphonsoclient.ViewingInfoAPI.sendRequest(ViewingInfoAPI.java:113)
12-21 10:00:17.186 12373 12649 W System.err: 	at tv.alphonso.alphonsoclient.ViewingInfoService.processSendViewingInfoRquest(ViewingInfoService.java:280)
12-21 10:00:17.186 12373 12649 W System.err: 	at tv.alphonso.alphonsoclient.ViewingInfoService.access$200(ViewingInfoService.java:16)
12-21 10:00:17.186 12373 12649 W System.err: 	at tv.alphonso.alphonsoclient.ViewingInfoService$1.handleMessage(ViewingInfoService.java:198)
12-21 10:00:17.186 12373 12373 E tv.alphonso.service.AlphonsoService: Error response is with error code: 1
12-21 10:00:17.277 12401 12426 I chatty  : uid=10150(com.dumadugames.honeyquest) UnityMain identical 3 lines
12-21 10:00:17.432  1734  2518 I ThermalTrace: com.dumadugames.honeyquest:0-3
12-21 10:00:17.453 12373 12649 E tv.alphonso.alphonsoclient.ViewingInfoAPI: JSONException: org.json.JSONException: Value <html><head><title>Burp of type java.lang.String cannot be converted to JSONObject
12-21 10:00:17.454 12373 12649 W System.err: 	at tv.alphonso.alphonsoclient.ViewingInfoAPI.process200(ViewingInfoAPI.java:162)
12-21 10:00:17.454 12373 12649 W System.err: 	at tv.alphonso.alphonsoclient.ViewingInfoAPI.processResponse(ViewingInfoAPI.java:134)
12-21 10:00:17.454 12373 12649 W System.err: 	at tv.alphonso.alphonsoclient.ViewingInfoAPI.sendRequest(ViewingInfoAPI.java:113)
12-21 10:00:17.454 12373 12649 W System.err: 	at tv.alphonso.alphonsoclient.ViewingInfoService.processSendViewingInfoRquest(ViewingInfoService.java:280)
12-21 10:00:17.455 12373 12649 W System.err: 	at tv.alphonso.alphonsoclient.ViewingInfoService.access$200(ViewingInfoService.java:16)
12-21 10:00:17.455 12373 12649 W System.err: 	at tv.alphonso.alphonsoclient.ViewingInfoService$1.handleMessage(ViewingInfoService.java:198)
12-21 10:00:17.456 12373 12373 E tv.alphonso.service.AlphonsoService: Error response is with error code: 1
12-21 10:00:17.529 12401 12426 I chatty  : uid=10150(com.dumadugames.honeyquest) UnityMain identical 2 lines
12-21 10:00:17.581 12401 12426 I chatty  : uid=10150(com.dumadugames.honeyquest) UnityMain identical 1 line
12-21 10:00:17.709 12373 12649 E tv.alphonso.alphonsoclient.ViewingInfoAPI: JSONException: org.json.JSONException: Value <html><head><title>Burp of type java.lang.String cannot be converted to JSONObject
12-21 10:00:17.709 12373 12649 W System.err: 	at tv.alphonso.alphonsoclient.ViewingInfoAPI.process200(ViewingInfoAPI.java:162)
12-21 10:00:17.709 12373 12649 W System.err: 	at tv.alphonso.alphonsoclient.ViewingInfoAPI.processResponse(ViewingInfoAPI.java:134)
12-21 10:00:17.709 12373 12649 W System.err: 	at tv.alphonso.alphonsoclient.ViewingInfoAPI.sendRequest(ViewingInfoAPI.java:113)
12-21 10:00:17.710 12373 12649 W System.err: 	at tv.alphonso.alphonsoclient.ViewingInfoService.processSendViewingInfoRquest(ViewingInfoService.java:280)
12-21 10:00:17.710 12373 12649 W System.err: 	at tv.alphonso.alphonsoclient.ViewingInfoService.access$200(ViewingInfoService.java:16)
12-21 10:00:17.710 12373 12649 W System.err: 	at tv.alphonso.alphonsoclient.ViewingInfoService$1.handleMessage(ViewingInfoService.java:198)
12-21 10:00:17.710 12373 12373 E tv.alphonso.service.AlphonsoService: Error response is with error code: 1
12-21 10:00:17.814 12401 12426 I chatty  : uid=10150(com.dumadugames.honeyquest) UnityMain identical 5 lines
12-21 10:00:17.932 12401 12426 I chatty  : uid=10150(com.dumadugames.honeyquest) UnityMain identical 1 line
12-21 10:00:17.965 12373 12649 E tv.alphonso.alphonsoclient.ViewingInfoAPI: JSONException: org.json.JSONException: Value <html><head><title>Burp of type java.lang.String cannot be converted to JSONObject
12-21 10:00:17.966 12373 12649 W System.err: 	at tv.alphonso.alphonsoclient.ViewingInfoAPI.process200(ViewingInfoAPI.java:162)
12-21 10:00:17.966 12373 12649 W System.err: 	at tv.alphonso.alphonsoclient.ViewingInfoAPI.processResponse(ViewingInfoAPI.java:134)
12-21 10:00:17.966 12373 12649 W System.err: 	at tv.alphonso.alphonsoclient.ViewingInfoAPI.sendRequest(ViewingInfoAPI.java:113)
12-21 10:00:17.966 12373 12649 W System.err: 	at tv.alphonso.alphonsoclient.ViewingInfoService.processSendViewingInfoRquest(ViewingInfoService.java:280)
