12-21 09:27:16.135  1519  1519 W KeyguardViewMediator: kgsvc callback -> .keyguardGoingAway 4 false false
12-21 09:27:16.203  1519  1519 W KeyguardViewMediator: callback -> onShowingStateChanged.
12-21 09:27:46.647  1519  1519 W KeyguardViewMediator: callback -> onShowingStateChanged.
12-21 09:42:38.338  1519  1519 W KeyguardViewMediator: kgsvc callback -> .keyguardGoingAway 4 false false
12-21 09:42:38.417  1519  1519 W KeyguardViewMediator: callback -> onShowingStateChanged.
12-21 09:44:00.004 16328  8731 E tv.alphonso.alphonsoclient.HttpRestService: HTTP SocketException, no presponse from server.
12-21 09:44:00.004 16328  8731 E tv.alphonso.alphonsoclient.ViewingInfoAPI: REST API Call to server failed. HTTP code: 1002
12-21 09:44:00.005 16328 16328 E tv.alphonso.service.AlphonsoService: Error response is with error code: 1
12-21 09:44:00.312 16328  8731 E tv.alphonso.alphonsoclient.HttpRestService: HTTP SocketException, no presponse from server.
12-21 09:44:00.313 16328  8731 E tv.alphonso.alphonsoclient.ViewingInfoAPI: REST API Call to server failed. HTTP code: 1002
12-21 09:44:00.313 16328 16328 E tv.alphonso.service.AlphonsoService: Error response is with error code: 1
12-21 09:44:00.566 16328  8731 E tv.alphonso.alphonsoclient.HttpRestService: HTTP SocketException, no presponse from server.
12-21 09:44:00.567 16328  8731 E tv.alphonso.alphonsoclient.ViewingInfoAPI: REST API Call to server failed. HTTP code: 1002
12-21 09:44:00.567 16328 16328 E tv.alphonso.service.AlphonsoService: Error response is with error code: 1
12-21 09:44:00.933 16328  8731 E tv.alphonso.alphonsoclient.HttpRestService: HTTP SocketException, no presponse from server.
12-21 09:44:00.933 16328  8731 E tv.alphonso.alphonsoclient.ViewingInfoAPI: REST API Call to server failed. HTTP code: 1002
12-21 09:44:00.933 16328 16328 E tv.alphonso.service.AlphonsoService: Error response is with error code: 1
12-21 09:44:05.847 16328  8731 E tv.alphonso.alphonsoclient.HttpRestService: HTTP SocketException, no presponse from server.
12-21 09:44:05.849 16328  8731 E tv.alphonso.alphonsoclient.ViewingInfoAPI: REST API Call to server failed. HTTP code: 1002
12-21 09:44:05.849 16328 16328 E tv.alphonso.service.AlphonsoService: Error response is with error code: 1
12-21 09:44:06.159 16328  8731 E tv.alphonso.alphonsoclient.HttpRestService: HTTP SocketException, no presponse from server.
12-21 09:44:06.159 16328  8731 E tv.alphonso.alphonsoclient.ViewingInfoAPI: REST API Call to server failed. HTTP code: 1002
12-21 09:44:06.160 16328 16328 E tv.alphonso.service.AlphonsoService: Error response is with error code: 1
12-21 09:44:06.470 16328  8731 E tv.alphonso.alphonsoclient.HttpRestService: HTTP SocketException, no presponse from server.
12-21 09:44:06.470 16328  8731 E tv.alphonso.alphonsoclient.ViewingInfoAPI: REST API Call to server failed. HTTP code: 1002
12-21 09:44:06.470 16328 16328 E tv.alphonso.service.AlphonsoService: Error response is with error code: 1
12-21 09:44:06.773 16328  8731 E tv.alphonso.alphonsoclient.HttpRestService: HTTP SocketException, no presponse from server.
12-21 09:44:06.774 16328  8731 E tv.alphonso.alphonsoclient.ViewingInfoAPI: REST API Call to server failed. HTTP code: 1002
12-21 09:44:06.776 16328 16328 E tv.alphonso.service.AlphonsoService: Error response is with error code: 1
12-21 09:44:07.096 16328  8731 E tv.alphonso.alphonsoclient.HttpRestService: HTTP SocketException, no presponse from server.
12-21 09:44:07.097 16328  8731 E tv.alphonso.alphonsoclient.ViewingInfoAPI: REST API Call to server failed. HTTP code: 1002
12-21 09:44:07.097 16328 16328 E tv.alphonso.service.AlphonsoService: Error response is with error code: 1
12-21 09:44:07.382 16328  8731 E tv.alphonso.alphonsoclient.HttpRestService: HTTP SocketException, no presponse from server.
12-21 09:44:07.382 16328  8731 E tv.alphonso.alphonsoclient.ViewingInfoAPI: REST API Call to server failed. HTTP code: 1002
12-21 09:44:07.382 16328 16328 E tv.alphonso.service.AlphonsoService: Error response is with error code: 1
12-21 09:44:07.632 16328  8731 E tv.alphonso.alphonsoclient.HttpRestService: HTTP SocketException, no presponse from server.
12-21 09:44:07.632 16328  8731 E tv.alphonso.alphonsoclient.ViewingInfoAPI: REST API Call to server failed. HTTP code: 1002
12-21 09:44:07.632 16328 16328 E tv.alphonso.service.AlphonsoService: Error response is with error code: 1
12-21 09:44:08.016 16328  8731 E tv.alphonso.alphonsoclient.HttpRestService: HTTP SocketException, no presponse from server.
12-21 09:44:08.016 16328  8731 E tv.alphonso.alphonsoclient.ViewingInfoAPI: REST API Call to server failed. HTTP code: 1002
12-21 09:44:08.017 16328 16328 E tv.alphonso.service.AlphonsoService: Error response is with error code: 1
12-21 09:44:08.299 16328  8731 E tv.alphonso.alphonsoclient.HttpRestService: HTTP SocketException, no presponse from server.
12-21 09:44:08.299 16328  8731 E tv.alphonso.alphonsoclient.ViewingInfoAPI: REST API Call to server failed. HTTP code: 1002
12-21 09:44:08.299 16328 16328 E tv.alphonso.service.AlphonsoService: Error response is with error code: 1
12-21 09:44:08.547 16328  8731 E tv.alphonso.alphonsoclient.HttpRestService: HTTP SocketException, no presponse from server.
12-21 09:44:08.547 16328  8731 E tv.alphonso.alphonsoclient.ViewingInfoAPI: REST API Call to server failed. HTTP code: 1002
12-21 09:44:08.548 16328 16328 E tv.alphonso.service.AlphonsoService: Error response is with error code: 1
12-21 09:44:08.646  1265  1775 I ActivityManager: Killing 16328:tv.alphonso.service/u0a150 (adj 500): remove task
12-21 09:44:08.689  1265  1775 D ActivityManager: cleanUpApplicationRecord app: ProcessRecord{63336d4 16328:tv.alphonso.service/u0a150}, app.bad: false, restarting: false, allowRestart: true
12-21 09:44:08.689  1265  1775 W ActivityManager: Scheduling restart of crashed service com.dumadugames.honeyquest/tv.alphonso.service.AlphonsoService in 1000ms
12-21 09:44:09.301 16777 16777 I Cloud[10.6.0.332]Files.RecentMainFragment: category fragment is destory, unregister callback: 2686620
12-21 09:44:09.693  1265  1287 V ActivityManager: startProcess: name=tv.alphonso.service app=null knownToBeDead=true thread=null pid=-1
12-21 09:44:09.740  1265  1290 I ActivityManager: Start proc 9187:tv.alphonso.service/u0a150 for service com.dumadugames.honeyquest/tv.alphonso.service.AlphonsoService
12-21 09:44:09.801  9187  9215 I AwareBitmapCacher: init processName:tv.alphonso.service pid=9187 uid=10150
12-21 09:44:09.805  9187  9187 D tv.alphonso.service.AlphonsoService: onCreate
12-21 09:44:09.835  9187  9187 E tv.alphonso.service.AlphonsoService: NULL intent, ignoring startComamnd!
12-21 09:44:40.294  1519  1519 W KeyguardViewMediator: callback -> onShowingStateChanged.
12-21 09:44:40.900  8028  8028 D Mms_TX_NOTIFY: Get no-perm notification callback android.intent.action.SCREEN_OFF
12-21 09:44:41.752  1519  1666 W ExHandler: KG_Background_Handle_Thread running too long, use 14  { when=-15ms callback=com.huawei.keyguard.support.OucScreenOnCounter$OucTrigger target=com.huawei.keyguard.basetype.ExHandler }
12-21 09:45:21.879 24187 24187 W tv.alphonso.service.ASFSM: Invalid Event: CLOCK_SYNC_POLL_TIMER in state tv.alphonso.service.ASNull
12-21 09:45:21.890 24187 24187 W tv.alphonso.service.ASFSM: Invalid Event: LOCATION_POLL_TIMER_EXPIRY in state tv.alphonso.service.ASState
12-21 09:45:21.896 16970 16970 W tv.alphonso.service.ASFSM: Invalid Event: CLOCK_SYNC_POLL_TIMER in state tv.alphonso.service.ASNull
12-21 09:45:21.902  9187  9187 W tv.alphonso.service.ASFSM: Invalid Event: PROV_CLIENT_CONFIG_REQUEST_RETRY_TIMER_EXPIRY in state tv.alphonso.service.ASNull
12-21 09:47:43.443  8028  8028 D Mms_TX_NOTIFY: Get no-perm notification callback android.intent.action.SCREEN_ON
12-21 09:47:46.136  1519  1519 W KeyguardViewMediator: kgsvc callback -> .keyguardGoingAway 4 false false
12-21 09:47:46.205  1519  1519 W KeyguardViewMediator: callback -> onShowingStateChanged.
12-21 09:47:46.318  8028  8028 D Mms_TX_NOTIFY: Get no-perm notification callback android.intent.action.USER_PRESENT
12-21 09:47:46.654  1519  1666 W ExHandler: KG_Background_Handle_Thread running too long, use 12  { when=-13ms callback=com.android.keyguard.hwlockscreen.magazine.MagazineDetailView$3 target=com.huawei.keyguard.basetype.ExHandler }
12-21 09:47:48.425  9515  9515 D tv.alphonso.service.client.AlphonsoServiceClient: appId: D-HoneyQuest-A-TsrtBebik2w4wfIuappname: Honey Quest
12-21 09:47:48.425  9515  9515 D tv.alphonso.service.client.ASClientFSM: Processing INIT event in tv.alphonso.service.client.ASClientNull state.
12-21 09:47:48.430  9515  9515 E alphonso: Key usedD-HoneyQuest-A-TsrtBebik2w4wfIu
12-21 09:47:48.737  9515  9515 D tv.alphonso.service.client.ASClientFSM: Processing PROV_SERVER_PARAMS event in tv.alphonso.service.client.ASClientNull state.
12-21 09:47:48.737  9515  9515 D tv.alphonso.service.client.ASClientUtils: Binding to the AlphonsoService.
12-21 09:47:48.741  9515  9515 D tv.alphonso.service.client.ASClientUtils: Found a running instance of AlphonsoService, using that app's package: com.dumadugames.honeyquest
12-21 09:47:48.746  9187  9187 D tv.alphonso.service.AlphonsoService: onBind()
12-21 09:47:48.806  9515  9515 D tv.alphonso.service.client.ASClientFSM: Processing SERVICE_CONNECTION_UP event in tv.alphonso.service.client.ASClientInitInProgress state.
12-21 09:47:48.806  9515  9515 D tv.alphonso.service.client.ASClientInitInProgress: AlphonsoService connected!
12-21 09:47:48.806  9515  9515 D tv.alphonso.service.client.ASClientInitInProgress: Sending INIT message to AlphonsoService.
12-21 09:47:48.820  9187  9624 W AdvertisingIdClient: 	at tv.alphonso.service.AlphonsoService$1.run(AlphonsoService.java:197)
12-21 09:47:48.863  9187  9187 D tv.alphonso.alphonsoclient.AlphonsoClient: Alphonso Server Domain set as: http://api.alphonso.tv
12-21 09:47:48.864  9187  9187 D tv.alphonso.alphonsoclient.AlphonsoClient: Alphonso Server Port set as: 4430
12-21 09:47:48.864  9187  9187 D tv.alphonso.alphonsoclient.AlphonsoClient: Alphonso Server Domain SSL set as: 
12-21 09:47:48.864  9187  9187 D tv.alphonso.alphonsoclient.AlphonsoClient: Alphonso Server Port SSL set as: 
12-21 09:47:48.887  9187  9631 D tv.alphonso.alphonsoclient.AlphonsoClient: Alphonso Prov Server Domain set as: http://prov.alphonso.tv
12-21 09:47:48.887  9187  9631 D tv.alphonso.alphonsoclient.AlphonsoClient: Alphonso Prov Server Port set as: 4000
12-21 09:47:49.060  9187  9631 E tv.alphonso.alphonsoclient.RESTService: There was a problem when sending the request.
12-21 09:47:49.060  9187  9631 E tv.alphonso.alphonsoclient.RESTService: org.apache.http.conn.HttpHostConnectException: Connection to http://192.168.0.106:8081 refused
12-21 09:47:49.060  9187  9631 E tv.alphonso.alphonsoclient.RESTService: 	at org.apache.http.impl.conn.DefaultClientConnectionOperator.openConnection(DefaultClientConnectionOperator.java:195)
12-21 09:47:49.060  9187  9631 E tv.alphonso.alphonsoclient.RESTService: 	at org.apache.http.impl.conn.AbstractPoolEntry.open(AbstractPoolEntry.java:170)
12-21 09:47:49.060  9187  9631 E tv.alphonso.alphonsoclient.RESTService: 	at org.apache.http.impl.conn.AbstractPooledConnAdapter.open(AbstractPooledConnAdapter.java:124)
12-21 09:47:49.060  9187  9631 E tv.alphonso.alphonsoclient.RESTService: 	at org.apache.http.impl.client.DefaultRequestDirector.execute(DefaultRequestDirector.java:366)
12-21 09:47:49.060  9187  9631 E tv.alphonso.alphonsoclient.RESTService: 	at org.apache.http.impl.client.AbstractHttpClient.execute(AbstractHttpClient.java:596)
12-21 09:47:49.060  9187  9631 E tv.alphonso.alphonsoclient.RESTService: 	at org.apache.http.impl.client.AbstractHttpClient.execute(AbstractHttpClient.java:517)
12-21 09:47:49.060  9187  9631 E tv.alphonso.alphonsoclient.RESTService: 	at org.apache.http.impl.client.AbstractHttpClient.execute(AbstractHttpClient.java:495)
12-21 09:47:49.060  9187  9631 E tv.alphonso.alphonsoclient.RESTService: 	at tv.alphonso.alphonsoclient.RESTService.handleMessage(RESTService.java:169)
12-21 09:47:49.060  9187  9631 E tv.alphonso.alphonsoclient.RESTService: 	at tv.alphonso.alphonsoclient.AlphonsoClient.invokeGenericRESTApi(AlphonsoClient.java:1107)
12-21 09:47:49.060  9187  9631 E tv.alphonso.alphonsoclient.RESTService: 	at tv.alphonso.alphonsoclient.AlphonsoClient.sendProvServerConfigRequest(AlphonsoClient.java:754)
12-21 09:47:49.060  9187  9631 E tv.alphonso.alphonsoclient.RESTService: 	at tv.alphonso.alphonsoclient.AlphonsoClient.access$1100(AlphonsoClient.java:33)
12-21 09:47:49.060  9187  9631 E tv.alphonso.alphonsoclient.RESTService: 	at tv.alphonso.alphonsoclient.AlphonsoClient$1.handleMessage(AlphonsoClient.java:472)
12-21 09:47:49.060  9187  9631 E tv.alphonso.alphonsoclient.RESTService: 	at android.os.Handler.dispatchMessage(Handler.java:108)
12-21 09:47:49.060  9187  9631 E tv.alphonso.alphonsoclient.RESTService: 	at android.os.Looper.loop(Looper.java:216)
12-21 09:47:49.060  9187  9631 E tv.alphonso.alphonsoclient.RESTService: 	at android.os.HandlerThread.run(HandlerThread.java:65)
12-21 09:47:49.060  9187  9631 E tv.alphonso.alphonsoclient.RESTService: Caused by: java.net.ConnectException: failed to connect to /192.168.0.106 (port 8081) from /:: (port 59310): connect failed: ECONNREFUSED (Connection refused)
12-21 09:47:49.060  9187  9631 E tv.alphonso.alphonsoclient.RESTService: 	at libcore.io.IoBridge.connect(IoBridge.java:137)
12-21 09:47:49.060  9187  9631 E tv.alphonso.alphonsoclient.RESTService: 	at java.net.PlainSocketImpl.socketConnect(PlainSocketImpl.java:137)
12-21 09:47:49.060  9187  9631 E tv.alphonso.alphonsoclient.RESTService: 	at java.net.AbstractPlainSocketImpl.doConnect(AbstractPlainSocketImpl.java:391)
12-21 09:47:49.060  9187  9631 E tv.alphonso.alphonsoclient.RESTService: 	at java.net.AbstractPlainSocketImpl.connectToAddress(AbstractPlainSocketImpl.java:231)
12-21 09:47:49.060  9187  9631 E tv.alphonso.alphonsoclient.RESTService: 	at java.net.AbstractPlainSocketImpl.connect(AbstractPlainSocketImpl.java:213)
12-21 09:47:49.060  9187  9631 E tv.alphonso.alphonsoclient.RESTService: 	at java.net.SocksSocketImpl.connect(SocksSocketImpl.java:436)
12-21 09:47:49.060  9187  9631 E tv.alphonso.alphonsoclient.RESTService: 	at java.net.Socket.connect(Socket.java:621)
12-21 09:47:49.060  9187  9631 E tv.alphonso.alphonsoclient.RESTService: 	at org.apache.http.conn.scheme.PlainSocketFactory.connectSocket(PlainSocketFactory.java:124)
12-21 09:47:49.060  9187  9631 E tv.alphonso.alphonsoclient.RESTService: 	at org.apache.http.impl.conn.DefaultClientConnectionOperator.openConnection(DefaultClientConnectionOperator.java:151)
12-21 09:47:49.060  9187  9631 E tv.alphonso.alphonsoclient.RESTService: 	... 14 more
12-21 09:47:49.060  9187  9631 E tv.alphonso.alphonsoclient.RESTService: Caused by: android.system.ErrnoException: connect failed: ECONNREFUSED (Connection refused)
12-21 09:47:49.060  9187  9631 E tv.alphonso.alphonsoclient.RESTService: 	at libcore.io.Linux.connect(Native Method)
12-21 09:47:49.060  9187  9631 E tv.alphonso.alphonsoclient.RESTService: 	at libcore.io.BlockGuardOs.connect(BlockGuardOs.java:118)
12-21 09:47:49.060  9187  9631 E tv.alphonso.alphonsoclient.RESTService: 	at libcore.io.IoBridge.connectErrno(IoBridge.java:151)
12-21 09:47:49.060  9187  9631 E tv.alphonso.alphonsoclient.RESTService: 	at libcore.io.IoBridge.connect(IoBridge.java:129)
12-21 09:47:49.060  9187  9631 E tv.alphonso.alphonsoclient.RESTService: 	... 22 more
12-21 09:47:49.061  9187  9631 E tv.alphonso.alphonsoclient.AlphonsoClient: ProvServerConfigRequest failed with error 0
12-21 09:47:49.062  9187  9187 E tv.alphonso.service.ProvClient: REST API call response is with error and code: 1
12-21 09:47:49.246  9187  9632 E tv.alphonso.alphonsoclient.HttpRestService: HTTP SocketException, no presponse from server.
12-21 09:47:49.246  9187  9632 E tv.alphonso.alphonsoclient.ViewingInfoAPI: REST API Call to server failed. HTTP code: 1002
12-21 09:47:49.246  9187  9187 E tv.alphonso.service.AlphonsoService: Error response is with error code: 1
12-21 09:47:49.335  9187  9631 E tv.alphonso.alphonsoclient.HttpRestService: HTTP SocketException, no presponse from server.
12-21 09:47:49.335  9187  9187 E tv.alphonso.service.ProvClient: REST API call response is with error and code: 1
12-21 09:47:49.340  9187  9631 E tv.alphonso.alphonsoclient.AlphonsoClient: REST API Call to server failed with error 1002
12-21 09:47:49.358  9187  9631 E tv.alphonso.alphonsoclient.RESTService: There was a problem when sending the request.
12-21 09:47:49.358  9187  9631 E tv.alphonso.alphonsoclient.RESTService: org.apache.http.conn.HttpHostConnectException: Connection to http://192.168.0.106:8081 refused
12-21 09:47:49.358  9187  9631 E tv.alphonso.alphonsoclient.RESTService: 	at org.apache.http.impl.conn.DefaultClientConnectionOperator.openConnection(DefaultClientConnectionOperator.java:195)
12-21 09:47:49.358  9187  9631 E tv.alphonso.alphonsoclient.RESTService: 	at org.apache.http.impl.conn.AbstractPoolEntry.open(AbstractPoolEntry.java:170)
12-21 09:47:49.358  9187  9631 E tv.alphonso.alphonsoclient.RESTService: 	at org.apache.http.impl.conn.AbstractPooledConnAdapter.open(AbstractPooledConnAdapter.java:124)
12-21 09:47:49.358  9187  9631 E tv.alphonso.alphonsoclient.RESTService: 	at org.apache.http.impl.client.DefaultRequestDirector.execute(DefaultRequestDirector.java:366)
12-21 09:47:49.358  9187  9631 E tv.alphonso.alphonsoclient.RESTService: 	at org.apache.http.impl.client.AbstractHttpClient.execute(AbstractHttpClient.java:596)
12-21 09:47:49.358  9187  9631 E tv.alphonso.alphonsoclient.RESTService: 	at org.apache.http.impl.client.AbstractHttpClient.execute(AbstractHttpClient.java:517)
12-21 09:47:49.358  9187  9631 E tv.alphonso.alphonsoclient.RESTService: 	at org.apache.http.impl.client.AbstractHttpClient.execute(AbstractHttpClient.java:495)
12-21 09:47:49.358  9187  9631 E tv.alphonso.alphonsoclient.RESTService: 	at tv.alphonso.alphonsoclient.RESTService.handleMessage(RESTService.java:169)
12-21 09:47:49.358  9187  9631 E tv.alphonso.alphonsoclient.RESTService: 	at tv.alphonso.alphonsoclient.AlphonsoClient.invokeGenericRESTApi(AlphonsoClient.java:1107)
12-21 09:47:49.358  9187  9631 E tv.alphonso.alphonsoclient.RESTService: 	at tv.alphonso.alphonsoclient.AlphonsoClient.invokeRESTApi(AlphonsoClient.java:1095)
12-21 09:47:49.358  9187  9631 E tv.alphonso.alphonsoclient.RESTService: 	at tv.alphonso.alphonsoclient.AlphonsoClient.sendLocationUpdateToServer(AlphonsoClient.java:1402)
12-21 09:47:49.358  9187  9631 E tv.alphonso.alphonsoclient.RESTService: 	at tv.alphonso.alphonsoclient.AlphonsoClient.sendRegistrationRequest(AlphonsoClient.java:934)
12-21 09:47:49.358  9187  9631 E tv.alphonso.alphonsoclient.RESTService: 	at tv.alphonso.alphonsoclient.AlphonsoClient.processRegistrationRequest(AlphonsoClient.java:613)
12-21 09:47:49.358  9187  9631 E tv.alphonso.alphonsoclient.RESTService: 	at tv.alphonso.alphonsoclient.AlphonsoClient.access$400(AlphonsoClient.java:33)
12-21 09:47:49.358  9187  9631 E tv.alphonso.alphonsoclient.RESTService: 	at tv.alphonso.alphonsoclient.AlphonsoClient$1.handleMessage(AlphonsoClient.java:444)
12-21 09:47:49.358  9187  9631 E tv.alphonso.alphonsoclient.RESTService: 	at android.os.Handler.dispatchMessage(Handler.java:108)
12-21 09:47:49.358  9187  9631 E tv.alphonso.alphonsoclient.RESTService: 	at android.os.Looper.loop(Looper.java:216)
12-21 09:47:49.358  9187  9631 E tv.alphonso.alphonsoclient.RESTService: 	at android.os.HandlerThread.run(HandlerThread.java:65)
12-21 09:47:49.358  9187  9631 E tv.alphonso.alphonsoclient.RESTService: Caused by: java.net.ConnectException: failed to connect to /192.168.0.106 (port 8081) from /:: (port 59322): connect failed: ECONNREFUSED (Connection refused)
12-21 09:47:49.358  9187  9631 E tv.alphonso.alphonsoclient.RESTService: 	at libcore.io.IoBridge.connect(IoBridge.java:137)
12-21 09:47:49.358  9187  9631 E tv.alphonso.alphonsoclient.RESTService: 	at java.net.PlainSocketImpl.socketConnect(PlainSocketImpl.java:137)
12-21 09:47:49.358  9187  9631 E tv.alphonso.alphonsoclient.RESTService: 	at java.net.AbstractPlainSocketImpl.doConnect(AbstractPlainSocketImpl.java:391)
12-21 09:47:49.358  9187  9631 E tv.alphonso.alphonsoclient.RESTService: 	at java.net.AbstractPlainSocketImpl.connectToAddress(AbstractPlainSocketImpl.java:231)
12-21 09:47:49.358  9187  9631 E tv.alphonso.alphonsoclient.RESTService: 	at java.net.AbstractPlainSocketImpl.connect(AbstractPlainSocketImpl.java:213)
12-21 09:47:49.358  9187  9631 E tv.alphonso.alphonsoclient.RESTService: 	at java.net.SocksSocketImpl.connect(SocksSocketImpl.java:436)
12-21 09:47:49.358  9187  9631 E tv.alphonso.alphonsoclient.RESTService: 	at java.net.Socket.connect(Socket.java:621)
12-21 09:47:49.358  9187  9631 E tv.alphonso.alphonsoclient.RESTService: 	at org.apache.http.conn.scheme.PlainSocketFactory.connectSocket(PlainSocketFactory.java:124)
12-21 09:47:49.358  9187  9631 E tv.alphonso.alphonsoclient.RESTService: 	at org.apache.http.impl.conn.DefaultClientConnectionOperator.openConnection(DefaultClientConnectionOperator.java:151)
12-21 09:47:49.358  9187  9631 E tv.alphonso.alphonsoclient.RESTService: 	... 17 more
12-21 09:47:49.358  9187  9631 E tv.alphonso.alphonsoclient.RESTService: Caused by: android.system.ErrnoException: connect failed: ECONNREFUSED (Connection refused)
12-21 09:47:49.358  9187  9631 E tv.alphonso.alphonsoclient.RESTService: 	at libcore.io.Linux.connect(Native Method)
12-21 09:47:49.358  9187  9631 E tv.alphonso.alphonsoclient.RESTService: 	at libcore.io.BlockGuardOs.connect(BlockGuardOs.java:118)
12-21 09:47:49.358  9187  9631 E tv.alphonso.alphonsoclient.RESTService: 	at libcore.io.IoBridge.connectErrno(IoBridge.java:151)
12-21 09:47:49.358  9187  9631 E tv.alphonso.alphonsoclient.RESTService: 	at libcore.io.IoBridge.connect(IoBridge.java:129)
12-21 09:47:49.358  9187  9631 E tv.alphonso.alphonsoclient.RESTService: 	... 25 more
12-21 09:47:49.359  9187  9631 E tv.alphonso.alphonsoclient.AlphonsoClient: REST API Call for Location update to server failed with error 0
12-21 09:47:49.384  9187  9631 E tv.alphonso.alphonsoclient.RESTService: There was a problem when sending the request.
12-21 09:47:49.384  9187  9631 E tv.alphonso.alphonsoclient.RESTService: org.apache.http.conn.HttpHostConnectException: Connection to http://192.168.0.106:8081 refused
12-21 09:47:49.384  9187  9631 E tv.alphonso.alphonsoclient.RESTService: 	at org.apache.http.impl.conn.DefaultClientConnectionOperator.openConnection(DefaultClientConnectionOperator.java:195)
12-21 09:47:49.384  9187  9631 E tv.alphonso.alphonsoclient.RESTService: 	at org.apache.http.impl.conn.AbstractPoolEntry.open(AbstractPoolEntry.java:170)
12-21 09:47:49.384  9187  9631 E tv.alphonso.alphonsoclient.RESTService: 	at org.apache.http.impl.conn.AbstractPooledConnAdapter.open(AbstractPooledConnAdapter.java:124)
12-21 09:47:49.384  9187  9631 E tv.alphonso.alphonsoclient.RESTService: 	at org.apache.http.impl.client.DefaultRequestDirector.execute(DefaultRequestDirector.java:366)
12-21 09:47:49.384  9187  9631 E tv.alphonso.alphonsoclient.RESTService: 	at org.apache.http.impl.client.AbstractHttpClient.execute(AbstractHttpClient.java:596)
12-21 09:47:49.384  9187  9631 E tv.alphonso.alphonsoclient.RESTService: 	at org.apache.http.impl.client.AbstractHttpClient.execute(AbstractHttpClient.java:517)
12-21 09:47:49.384  9187  9631 E tv.alphonso.alphonsoclient.RESTService: 	at org.apache.http.impl.client.AbstractHttpClient.execute(AbstractHttpClient.java:495)
12-21 09:47:49.384  9187  9631 E tv.alphonso.alphonsoclient.RESTService: 	at tv.alphonso.alphonsoclient.RESTService.handleMessage(RESTService.java:169)
12-21 09:47:49.384  9187  9631 E tv.alphonso.alphonsoclient.RESTService: 	at tv.alphonso.alphonsoclient.AlphonsoClient.invokeGenericRESTApi(AlphonsoClient.java:1107)
12-21 09:47:49.384  9187  9631 E tv.alphonso.alphonsoclient.RESTService: 	at tv.alphonso.alphonsoclient.AlphonsoClient.sendProvServerConfigRequest(AlphonsoClient.java:754)
12-21 09:47:49.384  9187  9631 E tv.alphonso.alphonsoclient.RESTService: 	at tv.alphonso.alphonsoclient.AlphonsoClient.access$1100(AlphonsoClient.java:33)
12-21 09:47:49.384  9187  9631 E tv.alphonso.alphonsoclient.RESTService: 	at tv.alphonso.alphonsoclient.AlphonsoClient$1.handleMessage(AlphonsoClient.java:472)
12-21 09:47:49.384  9187  9631 E tv.alphonso.alphonsoclient.RESTService: 	at android.os.Handler.dispatchMessage(Handler.java:108)
12-21 09:47:49.384  9187  9631 E tv.alphonso.alphonsoclient.RESTService: 	at android.os.Looper.loop(Looper.java:216)
12-21 09:47:49.384  9187  9631 E tv.alphonso.alphonsoclient.RESTService: 	at android.os.HandlerThread.run(HandlerThread.java:65)
12-21 09:47:49.384  9187  9631 E tv.alphonso.alphonsoclient.RESTService: Caused by: java.net.ConnectException: failed to connect to /192.168.0.106 (port 8081) from /:: (port 59328): connect failed: ECONNREFUSED (Connection refused)
12-21 09:47:49.384  9187  9631 E tv.alphonso.alphonsoclient.RESTService: 	at libcore.io.IoBridge.connect(IoBridge.java:137)
12-21 09:47:49.384  9187  9631 E tv.alphonso.alphonsoclient.RESTService: 	at java.net.PlainSocketImpl.socketConnect(PlainSocketImpl.java:137)
12-21 09:47:49.384  9187  9631 E tv.alphonso.alphonsoclient.RESTService: 	at java.net.AbstractPlainSocketImpl.doConnect(AbstractPlainSocketImpl.java:391)
12-21 09:47:49.384  9187  9631 E tv.alphonso.alphonsoclient.RESTService: 	at java.net.AbstractPlainSocketImpl.connectToAddress(AbstractPlainSocketImpl.java:231)
12-21 09:47:49.384  9187  9631 E tv.alphonso.alphonsoclient.RESTService: 	at java.net.AbstractPlainSocketImpl.connect(AbstractPlainSocketImpl.java:213)
12-21 09:47:49.384  9187  9631 E tv.alphonso.alphonsoclient.RESTService: 	at java.net.SocksSocketImpl.connect(SocksSocketImpl.java:436)
12-21 09:47:49.384  9187  9631 E tv.alphonso.alphonsoclient.RESTService: 	at java.net.Socket.connect(Socket.java:621)
12-21 09:47:49.384  9187  9631 E tv.alphonso.alphonsoclient.RESTService: 	at org.apache.http.conn.scheme.PlainSocketFactory.connectSocket(PlainSocketFactory.java:124)
12-21 09:47:49.384  9187  9631 E tv.alphonso.alphonsoclient.RESTService: 	at org.apache.http.impl.conn.DefaultClientConnectionOperator.openConnection(DefaultClientConnectionOperator.java:151)
12-21 09:47:49.384  9187  9631 E tv.alphonso.alphonsoclient.RESTService: 	... 14 more
12-21 09:47:49.384  9187  9631 E tv.alphonso.alphonsoclient.RESTService: Caused by: android.system.ErrnoException: connect failed: ECONNREFUSED (Connection refused)
12-21 09:47:49.384  9187  9631 E tv.alphonso.alphonsoclient.RESTService: 	at libcore.io.Linux.connect(Native Method)
12-21 09:47:49.384  9187  9631 E tv.alphonso.alphonsoclient.RESTService: 	at libcore.io.BlockGuardOs.connect(BlockGuardOs.java:118)
12-21 09:47:49.384  9187  9631 E tv.alphonso.alphonsoclient.RESTService: 	at libcore.io.IoBridge.connectErrno(IoBridge.java:151)
12-21 09:47:49.384  9187  9631 E tv.alphonso.alphonsoclient.RESTService: 	at libcore.io.IoBridge.connect(IoBridge.java:129)
12-21 09:47:49.384  9187  9631 E tv.alphonso.alphonsoclient.RESTService: 	... 22 more
12-21 09:47:49.384  9187  9631 E tv.alphonso.alphonsoclient.AlphonsoClient: ProvServerConfigRequest failed with error 0
12-21 09:47:49.391  1265  8986 I ctaifs  : <Honey Quest>[Honey Quest][tv.alphonso.service]:[requestLocationUpdatesLocked] 定位..Wifi/基站定位
12-21 09:47:49.394  9515  9515 D tv.alphonso.service.client.ASClientFSM: Processing INIT_RESPONSE event in tv.alphonso.service.client.ASClientInitInProgress state.
12-21 09:47:49.394  9515  9515 D tv.alphonso.service.client.ASClientInitInProgress: SUCCESS for INIT from AlphonsoService.
12-21 09:47:49.395  9515  9515 E callback: AlphonsoService initialization SUCCESS.
12-21 09:47:49.395  9515  9515 D tv.alphonso.service.client.ASClientFSM: Processing REGISTER_BCAST_RECEIVER event in tv.alphonso.service.client.ASClientInited state.
12-21 09:47:49.395  9515  9515 D tv.alphonso.service.client.ASClientUtils: Registered Bcast recevier.
12-21 09:47:49.396  9515  9515 D tv.alphonso.service.client.ASClientFSM: Processing START event in tv.alphonso.service.client.ASClientInited state.
12-21 09:47:49.396  9515  9515 D tv.alphonso.service.client.ASClientUtils: Sending START message to AlphonsoService.
12-21 09:47:49.416  9187  9187 E tv.alphonso.service.ProvClient: REST API call response is with error and code: 1
12-21 09:47:49.454  9187  9634 D tv.alphonso.audiocaptureservice.FifoBuffer: setSizeLimit(): mSizeLimit: 64000; mCurrentPosition: 0
12-21 09:47:49.489  1265  6918 I ctaifs  : <null>[null][tv.alphonso.service][onTransact] 本地录音
12-21 09:47:49.503  1265  1265 D HiDATA_HiStream: --->Intent received, action=huawei.media.AUDIO_RECORD_STATE_CHANGED_ACTION, packageName tv.alphonso.service,state3
12-21 09:47:49.506  9187  9634 D tv.alphonso.audiocaptureservice.ACSPreBuffering: ACR is diabled, store the start event by setting the start-received flag
12-21 09:47:49.580  9187  9632 E tv.alphonso.alphonsoclient.HttpRestService: HTTP SocketException, no presponse from server.
12-21 09:47:49.581  9187  9632 E tv.alphonso.alphonsoclient.ViewingInfoAPI: REST API Call to server failed. HTTP code: 1002
12-21 09:47:49.581  9187  9187 E tv.alphonso.service.AlphonsoService: Error response is with error code: 1
12-21 09:47:49.612  9187  9727 E tv.alphonso.alphonsoclient.HttpRestService: HTTP SocketException, no presponse from server.
12-21 09:47:49.614  9187  9727 E tv.alphonso.alphonsoclient.ViewingInfoAPI: REST API Call to server failed. HTTP code: 1002
12-21 09:47:49.615  9187  9187 E tv.alphonso.service.AlphonsoService: Error response is with error code: 1
12-21 09:47:49.639  9187  9631 E tv.alphonso.alphonsoclient.HttpRestService: HTTP SocketException, no presponse from server.
12-21 09:47:49.639  9187  9631 E tv.alphonso.alphonsoclient.AlphonsoClient: REST API Call to server failed with error 1002
12-21 09:47:49.639  9187  9187 E tv.alphonso.service.ProvClient: REST API call response is with error and code: 1
12-21 09:47:49.658  9187  9631 E tv.alphonso.alphonsoclient.RESTService: There was a problem when sending the request.
12-21 09:47:49.658  9187  9631 E tv.alphonso.alphonsoclient.RESTService: org.apache.http.conn.HttpHostConnectException: Connection to http://192.168.0.106:8081 refused
12-21 09:47:49.658  9187  9631 E tv.alphonso.alphonsoclient.RESTService: 	at org.apache.http.impl.conn.DefaultClientConnectionOperator.openConnection(DefaultClientConnectionOperator.java:195)
12-21 09:47:49.658  9187  9631 E tv.alphonso.alphonsoclient.RESTService: 	at org.apache.http.impl.conn.AbstractPoolEntry.open(AbstractPoolEntry.java:170)
12-21 09:47:49.658  9187  9631 E tv.alphonso.alphonsoclient.RESTService: 	at org.apache.http.impl.conn.AbstractPooledConnAdapter.open(AbstractPooledConnAdapter.java:124)
12-21 09:47:49.658  9187  9631 E tv.alphonso.alphonsoclient.RESTService: 	at org.apache.http.impl.client.DefaultRequestDirector.execute(DefaultRequestDirector.java:366)
12-21 09:47:49.658  9187  9631 E tv.alphonso.alphonsoclient.RESTService: 	at org.apache.http.impl.client.AbstractHttpClient.execute(AbstractHttpClient.java:596)
12-21 09:47:49.658  9187  9631 E tv.alphonso.alphonsoclient.RESTService: 	at org.apache.http.impl.client.AbstractHttpClient.execute(AbstractHttpClient.java:517)
12-21 09:47:49.658  9187  9631 E tv.alphonso.alphonsoclient.RESTService: 	at org.apache.http.impl.client.AbstractHttpClient.execute(AbstractHttpClient.java:495)
12-21 09:47:49.658  9187  9631 E tv.alphonso.alphonsoclient.RESTService: 	at tv.alphonso.alphonsoclient.RESTService.handleMessage(RESTService.java:169)
12-21 09:47:49.658  9187  9631 E tv.alphonso.alphonsoclient.RESTService: 	at tv.alphonso.alphonsoclient.AlphonsoClient.invokeGenericRESTApi(AlphonsoClient.java:1107)
12-21 09:47:49.658  9187  9631 E tv.alphonso.alphonsoclient.RESTService: 	at tv.alphonso.alphonsoclient.AlphonsoClient.invokeRESTApi(AlphonsoClient.java:1095)
12-21 09:47:49.658  9187  9631 E tv.alphonso.alphonsoclient.RESTService: 	at tv.alphonso.alphonsoclient.AlphonsoClient.sendLocationUpdateToServer(AlphonsoClient.java:1402)
12-21 09:47:49.658  9187  9631 E tv.alphonso.alphonsoclient.RESTService: 	at tv.alphonso.alphonsoclient.AlphonsoClient.sendRegistrationRequest(AlphonsoClient.java:934)
12-21 09:47:49.658  9187  9631 E tv.alphonso.alphonsoclient.RESTService: 	at tv.alphonso.alphonsoclient.AlphonsoClient.processRegistrationRequest(AlphonsoClient.java:613)
12-21 09:47:49.658  9187  9631 E tv.alphonso.alphonsoclient.RESTService: 	at tv.alphonso.alphonsoclient.AlphonsoClient.access$400(AlphonsoClient.java:33)
12-21 09:47:49.658  9187  9631 E tv.alphonso.alphonsoclient.RESTService: 	at tv.alphonso.alphonsoclient.AlphonsoClient$1.handleMessage(AlphonsoClient.java:444)
12-21 09:47:49.658  9187  9631 E tv.alphonso.alphonsoclient.RESTService: 	at android.os.Handler.dispatchMessage(Handler.java:108)
12-21 09:47:49.658  9187  9631 E tv.alphonso.alphonsoclient.RESTService: 	at android.os.Looper.loop(Looper.java:216)
12-21 09:47:49.658  9187  9631 E tv.alphonso.alphonsoclient.RESTService: 	at android.os.HandlerThread.run(HandlerThread.java:65)
12-21 09:47:49.658  9187  9631 E tv.alphonso.alphonsoclient.RESTService: Caused by: java.net.ConnectException: failed to connect to /192.168.0.106 (port 8081) from /:: (port 59338): connect failed: ECONNREFUSED (Connection refused)
12-21 09:47:49.658  9187  9631 E tv.alphonso.alphonsoclient.RESTService: 	at libcore.io.IoBridge.connect(IoBridge.java:137)
12-21 09:47:49.658  9187  9631 E tv.alphonso.alphonsoclient.RESTService: 	at java.net.PlainSocketImpl.socketConnect(PlainSocketImpl.java:137)
12-21 09:47:49.658  9187  9631 E tv.alphonso.alphonsoclient.RESTService: 	at java.net.AbstractPlainSocketImpl.doConnect(AbstractPlainSocketImpl.java:391)
12-21 09:47:49.658  9187  9631 E tv.alphonso.alphonsoclient.RESTService: 	at java.net.AbstractPlainSocketImpl.connectToAddress(AbstractPlainSocketImpl.java:231)
12-21 09:47:49.658  9187  9631 E tv.alphonso.alphonsoclient.RESTService: 	at java.net.AbstractPlainSocketImpl.connect(AbstractPlainSocketImpl.java:213)
12-21 09:47:49.658  9187  9631 E tv.alphonso.alphonsoclient.RESTService: 	at java.net.SocksSocketImpl.connect(SocksSocketImpl.java:436)
12-21 09:47:49.658  9187  9631 E tv.alphonso.alphonsoclient.RESTService: 	at java.net.Socket.connect(Socket.java:621)
12-21 09:47:49.658  9187  9631 E tv.alphonso.alphonsoclient.RESTService: 	at org.apache.http.conn.scheme.PlainSocketFactory.connectSocket(PlainSocketFactory.java:124)
12-21 09:47:49.658  9187  9631 E tv.alphonso.alphonsoclient.RESTService: 	at org.apache.http.impl.conn.DefaultClientConnectionOperator.openConnection(DefaultClientConnectionOperator.java:151)
12-21 09:47:49.658  9187  9631 E tv.alphonso.alphonsoclient.RESTService: 	... 17 more
12-21 09:47:49.658  9187  9631 E tv.alphonso.alphonsoclient.RESTService: Caused by: android.system.ErrnoException: connect failed: ECONNREFUSED (Connection refused)
12-21 09:47:49.658  9187  9631 E tv.alphonso.alphonsoclient.RESTService: 	at libcore.io.Linux.connect(Native Method)
12-21 09:47:49.658  9187  9631 E tv.alphonso.alphonsoclient.RESTService: 	at libcore.io.BlockGuardOs.connect(BlockGuardOs.java:118)
12-21 09:47:49.658  9187  9631 E tv.alphonso.alphonsoclient.RESTService: 	at libcore.io.IoBridge.connectErrno(IoBridge.java:151)
12-21 09:47:49.658  9187  9631 E tv.alphonso.alphonsoclient.RESTService: 	at libcore.io.IoBridge.connect(IoBridge.java:129)
12-21 09:47:49.658  9187  9631 E tv.alphonso.alphonsoclient.RESTService: 	... 25 more
12-21 09:47:49.658  9187  9631 E tv.alphonso.alphonsoclient.AlphonsoClient: REST API Call for Location update to server failed with error 0
12-21 09:47:49.659  9187  9187 W tv.alphonso.service.ASFSM: Invalid Event: ALPHONSO_CLIENT_RIGISTRATION_RESPONSE in state tv.alphonso.service.ASStarted
12-21 09:47:49.851  9187  9631 E tv.alphonso.alphonsoclient.RESTService: There was a problem when sending the request.
12-21 09:47:49.851  9187  9631 E tv.alphonso.alphonsoclient.RESTService: org.apache.http.conn.HttpHostConnectException: Connection to http://192.168.0.106:8081 refused
12-21 09:47:49.851  9187  9631 E tv.alphonso.alphonsoclient.RESTService: 	at org.apache.http.impl.conn.DefaultClientConnectionOperator.openConnection(DefaultClientConnectionOperator.java:195)
12-21 09:47:49.851  9187  9631 E tv.alphonso.alphonsoclient.RESTService: 	at org.apache.http.impl.conn.AbstractPoolEntry.open(AbstractPoolEntry.java:170)
12-21 09:47:49.851  9187  9631 E tv.alphonso.alphonsoclient.RESTService: 	at org.apache.http.impl.conn.AbstractPooledConnAdapter.open(AbstractPooledConnAdapter.java:124)
12-21 09:47:49.851  9187  9631 E tv.alphonso.alphonsoclient.RESTService: 	at org.apache.http.impl.client.DefaultRequestDirector.execute(DefaultRequestDirector.java:366)
12-21 09:47:49.851  9187  9631 E tv.alphonso.alphonsoclient.RESTService: 	at org.apache.http.impl.client.AbstractHttpClient.execute(AbstractHttpClient.java:596)
12-21 09:47:49.851  9187  9631 E tv.alphonso.alphonsoclient.RESTService: 	at org.apache.http.impl.client.AbstractHttpClient.execute(AbstractHttpClient.java:517)
12-21 09:47:49.851  9187  9631 E tv.alphonso.alphonsoclient.RESTService: 	at org.apache.http.impl.client.AbstractHttpClient.execute(AbstractHttpClient.java:495)
12-21 09:47:49.851  9187  9631 E tv.alphonso.alphonsoclient.RESTService: 	at tv.alphonso.alphonsoclient.RESTService.handleMessage(RESTService.java:169)
12-21 09:47:49.851  9187  9631 E tv.alphonso.alphonsoclient.RESTService: 	at tv.alphonso.alphonsoclient.AlphonsoClient.invokeGenericRESTApi(AlphonsoClient.java:1107)
12-21 09:47:49.851  9187  9631 E tv.alphonso.alphonsoclient.RESTService: 	at tv.alphonso.alphonsoclient.AlphonsoClient.invokeRESTApi(AlphonsoClient.java:1095)
12-21 09:47:49.851  9187  9631 E tv.alphonso.alphonsoclient.RESTService: 	at tv.alphonso.alphonsoclient.AlphonsoClient.sendLocationUpdateToServer(AlphonsoClient.java:1402)
12-21 09:47:49.851  9187  9631 E tv.alphonso.alphonsoclient.RESTService: 	at tv.alphonso.alphonsoclient.AlphonsoClient.processLocationUpdateRequest(AlphonsoClient.java:992)
12-21 09:47:49.851  9187  9631 E tv.alphonso.alphonsoclient.RESTService: 	at tv.alphonso.alphonsoclient.AlphonsoClient.access$500(AlphonsoClient.java:33)
12-21 09:47:49.851  9187  9631 E tv.alphonso.alphonsoclient.RESTService: 	at tv.alphonso.alphonsoclient.AlphonsoClient$1.handleMessage(AlphonsoClient.java:448)
12-21 09:47:49.851  9187  9631 E tv.alphonso.alphonsoclient.RESTService: 	at android.os.Handler.dispatchMessage(Handler.java:108)
12-21 09:47:49.851  9187  9631 E tv.alphonso.alphonsoclient.RESTService: 	at android.os.Looper.loop(Looper.java:216)
12-21 09:47:49.851  9187  9631 E tv.alphonso.alphonsoclient.RESTService: 	at android.os.HandlerThread.run(HandlerThread.java:65)
12-21 09:47:49.851  9187  9631 E tv.alphonso.alphonsoclient.RESTService: Caused by: java.net.ConnectException: failed to connect to /192.168.0.106 (port 8081) from /:: (port 59344): connect failed: ECONNREFUSED (Connection refused)
12-21 09:47:49.851  9187  9631 E tv.alphonso.alphonsoclient.RESTService: 	at libcore.io.IoBridge.connect(IoBridge.java:137)
12-21 09:47:49.851  9187  9631 E tv.alphonso.alphonsoclient.RESTService: 	at java.net.PlainSocketImpl.socketConnect(PlainSocketImpl.java:137)
12-21 09:47:49.851  9187  9631 E tv.alphonso.alphonsoclient.RESTService: 	at java.net.AbstractPlainSocketImpl.doConnect(AbstractPlainSocketImpl.java:391)
12-21 09:47:49.851  9187  9631 E tv.alphonso.alphonsoclient.RESTService: 	at java.net.AbstractPlainSocketImpl.connectToAddress(AbstractPlainSocketImpl.java:231)
12-21 09:47:49.851  9187  9631 E tv.alphonso.alphonsoclient.RESTService: 	at java.net.AbstractPlainSocketImpl.connect(AbstractPlainSocketImpl.java:213)
12-21 09:47:49.851  9187  9631 E tv.alphonso.alphonsoclient.RESTService: 	at java.net.SocksSocketImpl.connect(SocksSocketImpl.java:436)
12-21 09:47:49.851  9187  9631 E tv.alphonso.alphonsoclient.RESTService: 	at java.net.Socket.connect(Socket.java:621)
12-21 09:47:49.851  9187  9631 E tv.alphonso.alphonsoclient.RESTService: 	at org.apache.http.conn.scheme.PlainSocketFactory.connectSocket(PlainSocketFactory.java:124)
12-21 09:47:49.851  9187  9631 E tv.alphonso.alphonsoclient.RESTService: 	at org.apache.http.impl.conn.DefaultClientConnectionOperator.openConnection(DefaultClientConnectionOperator.java:151)
12-21 09:47:49.851  9187  9631 E tv.alphonso.alphonsoclient.RESTService: 	... 16 more
12-21 09:47:49.851  9187  9631 E tv.alphonso.alphonsoclient.RESTService: Caused by: android.system.ErrnoException: connect failed: ECONNREFUSED (Connection refused)
12-21 09:47:49.851  9187  9631 E tv.alphonso.alphonsoclient.RESTService: 	at libcore.io.Linux.connect(Native Method)
12-21 09:47:49.851  9187  9631 E tv.alphonso.alphonsoclient.RESTService: 	at libcore.io.BlockGuardOs.connect(BlockGuardOs.java:118)
12-21 09:47:49.851  9187  9631 E tv.alphonso.alphonsoclient.RESTService: 	at libcore.io.IoBridge.connectErrno(IoBridge.java:151)
12-21 09:47:49.851  9187  9631 E tv.alphonso.alphonsoclient.RESTService: 	at libcore.io.IoBridge.connect(IoBridge.java:129)
12-21 09:47:49.851  9187  9631 E tv.alphonso.alphonsoclient.RESTService: 	... 24 more
12-21 09:47:49.854  9187  9631 E tv.alphonso.alphonsoclient.AlphonsoClient: REST API Call for Location update to server failed with error 0
12-21 09:47:49.896  9187  9631 E tv.alphonso.alphonsoclient.RESTService: There was a problem when sending the request.
12-21 09:47:49.896  9187  9631 E tv.alphonso.alphonsoclient.RESTService: org.apache.http.conn.HttpHostConnectException: Connection to http://192.168.0.106:8081 refused
12-21 09:47:49.896  9187  9631 E tv.alphonso.alphonsoclient.RESTService: 	at org.apache.http.impl.conn.DefaultClientConnectionOperator.openConnection(DefaultClientConnectionOperator.java:195)
12-21 09:47:49.896  9187  9631 E tv.alphonso.alphonsoclient.RESTService: 	at org.apache.http.impl.conn.AbstractPoolEntry.open(AbstractPoolEntry.java:170)
12-21 09:47:49.896  9187  9631 E tv.alphonso.alphonsoclient.RESTService: 	at org.apache.http.impl.conn.AbstractPooledConnAdapter.open(AbstractPooledConnAdapter.java:124)
12-21 09:47:49.896  9187  9631 E tv.alphonso.alphonsoclient.RESTService: 	at org.apache.http.impl.client.DefaultRequestDirector.execute(DefaultRequestDirector.java:366)
12-21 09:47:49.896  9187  9631 E tv.alphonso.alphonsoclient.RESTService: 	at org.apache.http.impl.client.AbstractHttpClient.execute(AbstractHttpClient.java:596)
12-21 09:47:49.896  9187  9631 E tv.alphonso.alphonsoclient.RESTService: 	at org.apache.http.impl.client.AbstractHttpClient.execute(AbstractHttpClient.java:517)
12-21 09:47:49.896  9187  9631 E tv.alphonso.alphonsoclient.RESTService: 	at org.apache.http.impl.client.AbstractHttpClient.execute(AbstractHttpClient.java:495)
12-21 09:47:49.896  9187  9631 E tv.alphonso.alphonsoclient.RESTService: 	at tv.alphonso.alphonsoclient.RESTService.handleMessage(RESTService.java:169)
12-21 09:47:49.896  9187  9631 E tv.alphonso.alphonsoclient.RESTService: 	at tv.alphonso.alphonsoclient.AlphonsoClient.invokeGenericRESTApi(AlphonsoClient.java:1107)
12-21 09:47:49.896  9187  9631 E tv.alphonso.alphonsoclient.RESTService: 	at tv.alphonso.alphonsoclient.AlphonsoClient.sendProvServerConfigRequest(AlphonsoClient.java:754)
12-21 09:47:49.896  9187  9631 E tv.alphonso.alphonsoclient.RESTService: 	at tv.alphonso.alphonsoclient.AlphonsoClient.access$1100(AlphonsoClient.java:33)
12-21 09:47:49.896  9187  9631 E tv.alphonso.alphonsoclient.RESTService: 	at tv.alphonso.alphonsoclient.AlphonsoClient$1.handleMessage(AlphonsoClient.java:472)
12-21 09:47:49.896  9187  9631 E tv.alphonso.alphonsoclient.RESTService: 	at android.os.Handler.dispatchMessage(Handler.java:108)
12-21 09:47:49.896  9187  9631 E tv.alphonso.alphonsoclient.RESTService: 	at android.os.Looper.loop(Looper.java:216)
12-21 09:47:49.896  9187  9631 E tv.alphonso.alphonsoclient.RESTService: 	at android.os.HandlerThread.run(HandlerThread.java:65)
12-21 09:47:49.896  9187  9631 E tv.alphonso.alphonsoclient.RESTService: Caused by: java.net.ConnectException: failed to connect to /192.168.0.106 (port 8081) from /:: (port 59356): connect failed: ECONNREFUSED (Connection refused)
12-21 09:47:49.896  9187  9631 E tv.alphonso.alphonsoclient.RESTService: 	at libcore.io.IoBridge.connect(IoBridge.java:137)
12-21 09:47:49.896  9187  9631 E tv.alphonso.alphonsoclient.RESTService: 	at java.net.PlainSocketImpl.socketConnect(PlainSocketImpl.java:137)
12-21 09:47:49.896  9187  9631 E tv.alphonso.alphonsoclient.RESTService: 	at java.net.AbstractPlainSocketImpl.doConnect(AbstractPlainSocketImpl.java:391)
12-21 09:47:49.896  9187  9631 E tv.alphonso.alphonsoclient.RESTService: 	at java.net.AbstractPlainSocketImpl.connectToAddress(AbstractPlainSocketImpl.java:231)
12-21 09:47:49.896  9187  9631 E tv.alphonso.alphonsoclient.RESTService: 	at java.net.AbstractPlainSocketImpl.connect(AbstractPlainSocketImpl.java:213)
12-21 09:47:49.896  9187  9631 E tv.alphonso.alphonsoclient.RESTService: 	at java.net.SocksSocketImpl.connect(SocksSocketImpl.java:436)
12-21 09:47:49.896  9187  9631 E tv.alphonso.alphonsoclient.RESTService: 	at java.net.Socket.connect(Socket.java:621)
12-21 09:47:49.896  9187  9631 E tv.alphonso.alphonsoclient.RESTService: 	at org.apache.http.conn.scheme.PlainSocketFactory.connectSocket(PlainSocketFactory.java:124)
12-21 09:47:49.896  9187  9631 E tv.alphonso.alphonsoclient.RESTService: 	at org.apache.http.impl.conn.DefaultClientConnectionOperator.openConnection(DefaultClientConnectionOperator.java:151)
12-21 09:47:49.896  9187  9631 E tv.alphonso.alphonsoclient.RESTService: 	... 14 more
12-21 09:47:49.896  9187  9631 E tv.alphonso.alphonsoclient.RESTService: Caused by: android.system.ErrnoException: connect failed: ECONNREFUSED (Connection refused)
12-21 09:47:49.896  9187  9631 E tv.alphonso.alphonsoclient.RESTService: 	at libcore.io.Linux.connect(Native Method)
12-21 09:47:49.896  9187  9631 E tv.alphonso.alphonsoclient.RESTService: 	at libcore.io.BlockGuardOs.connect(BlockGuardOs.java:118)
12-21 09:47:49.896  9187  9631 E tv.alphonso.alphonsoclient.RESTService: 	at libcore.io.IoBridge.connectErrno(IoBridge.java:151)
12-21 09:47:49.896  9187  9631 E tv.alphonso.alphonsoclient.RESTService: 	at libcore.io.IoBridge.connect(IoBridge.java:129)
12-21 09:47:49.896  9187  9631 E tv.alphonso.alphonsoclient.RESTService: 	... 22 more
12-21 09:47:49.896  9187  9631 E tv.alphonso.alphonsoclient.AlphonsoClient: ProvServerConfigRequest failed with error 0
12-21 09:47:49.896  9187  9187 E tv.alphonso.service.ProvClient: REST API call response is with error and code: 1
12-21 09:47:49.908  9187  9727 E tv.alphonso.alphonsoclient.HttpRestService: HTTP SocketException, no presponse from server.
12-21 09:47:49.908  9187  9727 E tv.alphonso.alphonsoclient.ViewingInfoAPI: REST API Call to server failed. HTTP code: 1002
12-21 09:47:49.910  9187  9187 E tv.alphonso.service.AlphonsoService: Error response is with error code: 1
12-21 09:47:50.091  9187  9737 E tv.alphonso.alphonsoclient.HttpRestService: HTTP SocketException, no presponse from server.
12-21 09:47:50.091  9187  9737 E tv.alphonso.alphonsoclient.ViewingInfoAPI: REST API Call to server failed. HTTP code: 1002
12-21 09:47:50.092  9187  9187 E tv.alphonso.service.AlphonsoService: Error response is with error code: 1
12-21 09:47:50.276  9187  9631 E tv.alphonso.alphonsoclient.HttpRestService: HTTP SocketException, no presponse from server.
12-21 09:47:50.322  1265  1610 I ctaifs  : <Honey Quest>[Honey Quest][tv.alphonso.service]:[handleLocationChangedLocked] 读取定位信息
12-21 09:47:50.342  9187  9737 E tv.alphonso.alphonsoclient.HttpRestService: HTTP SocketException, no presponse from server.
12-21 09:47:50.342  9187  9737 E tv.alphonso.alphonsoclient.ViewingInfoAPI: REST API Call to server failed. HTTP code: 1002
12-21 09:47:50.353  9187  9187 E tv.alphonso.service.AlphonsoService: Error response is with error code: 1
12-21 09:47:50.450  1265  1276 W NotificationService: Toast already killed. pkg=com.dumadugames.honeyquest callback=android.app.ITransientNotification$Stub$Proxy@7148096
12-21 09:47:50.526  9187  9631 E tv.alphonso.alphonsoclient.HttpRestService: HTTP SocketException, no presponse from server.
12-21 09:47:50.527  9187  9631 E tv.alphonso.alphonsoclient.AlphonsoClient: REST API Call to server failed with error 1002
12-21 09:47:50.527  9187  9187 E tv.alphonso.service.ClockSyncher: REST API call response is with error and code: 1
12-21 09:47:50.554  9187  9631 E tv.alphonso.alphonsoclient.RESTService: There was a problem when sending the request.
12-21 09:47:50.554  9187  9631 E tv.alphonso.alphonsoclient.RESTService: org.apache.http.conn.HttpHostConnectException: Connection to http://192.168.0.106:8081 refused
12-21 09:47:50.554  9187  9631 E tv.alphonso.alphonsoclient.RESTService: 	at org.apache.http.impl.conn.DefaultClientConnectionOperator.openConnection(DefaultClientConnectionOperator.java:195)
12-21 09:47:50.554  9187  9631 E tv.alphonso.alphonsoclient.RESTService: 	at org.apache.http.impl.conn.AbstractPoolEntry.open(AbstractPoolEntry.java:170)
12-21 09:47:50.554  9187  9631 E tv.alphonso.alphonsoclient.RESTService: 	at org.apache.http.impl.conn.AbstractPooledConnAdapter.open(AbstractPooledConnAdapter.java:124)
12-21 09:47:50.554  9187  9631 E tv.alphonso.alphonsoclient.RESTService: 	at org.apache.http.impl.client.DefaultRequestDirector.execute(DefaultRequestDirector.java:366)
12-21 09:47:50.554  9187  9631 E tv.alphonso.alphonsoclient.RESTService: 	at org.apache.http.impl.client.AbstractHttpClient.execute(AbstractHttpClient.java:596)
12-21 09:47:50.554  9187  9631 E tv.alphonso.alphonsoclient.RESTService: 	at org.apache.http.impl.client.AbstractHttpClient.execute(AbstractHttpClient.java:517)
