12-21 09:59:55.879   694   761 D iTouchService: itouch currentPackageName=com.dumadugames.honeyquest
12-21 09:59:55.880 12401 12415 I HwApiCacheMangerEx: apicache path=/storage/emulated/0 state=mounted key=com.dumadugames.honeyquest#10150#256
12-21 09:59:55.880 12401 12401 I ames.honeyques: The ClassLoaderContext is a special shared library.
12-21 09:59:55.882 12401 12415 I HwApiCacheMangerEx: apicache path=/storage/emulated/0 state=mounted key=com.dumadugames.honeyquest#10150#0
12-21 09:59:55.896  1265  1288 I StatusBarDisable: setFlags what=0 which=1 pkg=Window{5ce720e u0 Splash Screen com.dumadugames.honeyquest}
12-21 09:59:55.904  1734  2209 I PGServer: report state:10000 event type:1 pid:0 uid:0 pkg:com.dumadugames.honeyquest to pid: 1265
12-21 09:59:55.906  1734  2209 I PGServer: report state:10000 event type:1 pid:0 uid:0 pkg:com.dumadugames.honeyquest to pid: 1734
12-21 09:59:55.906  1734  2209 I SceneReceiver: state type: 10000 eventType:1 pid:0 uid:0 pkg:com.dumadugames.honeyquest
12-21 09:59:55.907  1734  2518 D HwThermalStateManager: current foreapp pkg : com.dumadugames.honeyquest
12-21 09:59:55.924 12401 12415 I AwareBitmapCacher: init processName:com.dumadugames.honeyquest pid=12401 uid=10150
12-21 09:59:55.933 12401 12401 V ActivityThread: Skipping new config:{1.0 208mcc1mnc [fr_FR] ldltr sw360dp w360dp h686dp 480dpi nrml long port finger -keyb/v/h -nav/h winConfig={ mBounds=Rect(0, 0 - 1080, 2060) mAppBounds=Rect(0, 90 - 1080, 2150) mWindowingMode=fullscreen mActivityType=undefined} nonFullScreen=0 suim:1 s.12}, config:{1.0 208mcc1mnc [fr_FR] ldltr sw360dp w360dp h686dp 480dpi nrml long port finger -keyb/v/h -nav/h winConfig={ mBounds=Rect(0, 0 - 1080, 2060) mAppBounds=Rect(0, 90 - 1080, 2150) mWindowingMode=fullscreen mActivityType=undefined} nonFullScreen=0 suim:1 s.12} for app:com.dumadugames.honeyquest
12-21 09:59:56.001  1265  1288 I StatusBarDisable: setFlags what=0 which=1 pkg=Window{5ce720e u0 Splash Screen com.dumadugames.honeyquest}
12-21 09:59:56.066 12401 12401 I ames.honeyques: The ClassLoaderContext is a special shared library.
12-21 09:59:56.071 12401 12401 I ames.honeyques: The ClassLoaderContext is a special shared library.
12-21 09:59:56.117 12401 12401 W ames.honeyques: Unsupported class loader
12-21 09:59:56.173 12401 12401 W ames.honeyques: Unsupported class loader
12-21 09:59:56.684 12401 12433 I ames.honeyques: The ClassLoaderContext is a special shared library.
12-21 09:59:56.765 12401 12471 I FA      :   adb shell setprop debug.firebase.analytics.app com.dumadugames.honeyquest
12-21 09:59:56.795 12401 12401 D ActivityThread: add activity client record, r= ActivityRecord{30ab7f1 token=android.os.BinderProxy@fd2ff04 {com.dumadugames.honeyquest/com.dumadugames.honeyquest.Honey}} token= android.os.BinderProxy@fd2ff04
12-21 09:59:56.818 12401 12401 D tv.alphonso.service.client.AlphonsoServiceClient: appId: D-HoneyQuest-A-TsrtBebik2w4wfIuappname: Honey Quest
12-21 09:59:56.818 12401 12401 D tv.alphonso.service.client.ASClientFSM: Processing INIT event in tv.alphonso.service.client.ASClientNull state.
12-21 09:59:56.824 12401 12401 E alphonso: Key usedD-HoneyQuest-A-TsrtBebik2w4wfIu
12-21 09:59:56.991 12401 12401 D HwAppInnerBoostImpl: set config for com.dumadugames.honeyquest BOOST_FLAG=false REPORT_DURATION_CLICK=1000 REPORT_TIMES_CLICK=3 REPORT_DURATION_SLIDE=5000 REPORT_TIMES_SLIDE=16
12-21 09:59:57.005  1265 10156 V WindowManager: addWindow: Window{b0a9a82 u0 com.dumadugames.honeyquest/com.dumadugames.honeyquest.Honey}
12-21 09:59:57.009  1265  1415 D HiData_HwAPPQoEResourceMangerImpl: checkIsMonitorHiCureAppScence input :com.dumadugames.honeyquest
12-21 09:59:57.009  4455  4473 I AppLifeChangeSensor:  CAWARENESS: activityResumed componentName = ComponentInfo{com.dumadugames.honeyquest/com.dumadugames.honeyquest.Honey}
12-21 09:59:57.009  1265  1480 D HiDATA_HiStream: activityResumed:pid=12401, uid=10150, component=ComponentInfo{com.dumadugames.honeyquest/com.dumadugames.honeyquest.Honey}
12-21 09:59:57.009  1265  1480 D HiData_HwAPPQoEResourceMangerImpl: checkIsMonitorVideoScence input :com.dumadugames.honeyquest,com.dumadugames.honeyquest.Honey
12-21 09:59:57.009  1265  5272 D HiData_HwAPPQoEActivityMonitor: handleActivityChange,  curPackage:com.dumadugames.honeyquest, curClass:com.dumadugames.honeyquest.Honey
12-21 09:59:57.009  1265  5272 D HiData_HwAPPQoEResourceMangerImpl: checkIsMonitorAPKScence input :com.dumadugames.honeyquest,com.dumadugames.honeyquest.Honey
12-21 09:59:57.009  1265  5272 D HiData_HwAPPQoEResourceMangerImpl: checkIsMonitorAPKScence input :com.dumadugames.honeyquest,null
12-21 09:59:57.009  1265  5272 D HiData_HwAPPQoEResourceMangerImpl: checkIsMonitorGameScence input :com.dumadugames.honeyquest
12-21 09:59:57.009  1265  5272 D HiData_HwAPPQoEResourceMangerImpl: checkIsMonitorGameScence input :com.dumadugames.honeyquest
12-21 09:59:57.009  1701  3004 D DollieActivityManagerAdapter: [Resumed] pid:12401 uid:10150 ComponentInfo{com.dumadugames.honeyquest/com.dumadugames.honeyquest.Honey}
12-21 09:59:57.010  1701  3004 I HidataAppQoeP: foregroundUidAdd uid: 10150 name: com.dumadugames.honeyquest activity state: true
12-21 09:59:57.014  1701  3004 E DollieAdapterService: notifyActivityState pkg:com.dumadugames.honeyquest/com.dumadugames.honeyquest.Honey state:2 fg:true mUid:10150
12-21 09:59:57.015  1265  1288 I StatusBarDisable: setFlags what=0 which=1 pkg=Window{5ce720e u0 Splash Screen com.dumadugames.honeyquest}
12-21 09:59:57.016 12401 12494 D HiTouch_PressGestureDetector: onAttached, package=com.dumadugames.honeyquest, windowType=1, mHiTouchRestricted=false
12-21 09:59:57.023  1265 10837 V HwPhoneWindowManager: updateSystemUiColorLw window=Window{b0a9a82 u0 com.dumadugames.honeyquest/com.dumadugames.honeyquest.Honey},EmuiStyle=0,StatusBarColor=0xff000000,NavigationBarColor=0xff000000, mForceNotchStatusBar=false
12-21 09:59:57.024  1265  1288 I StatusBarDisable: setFlags what=0 which=1 pkg=Window{b0a9a82 u0 com.dumadugames.honeyquest/com.dumadugames.honeyquest.Honey}
12-21 09:59:57.038 12401 12493 I iGraphics: [0020080c] pn: com.dumadugames.honeyquest, p: 12401
12-21 09:59:57.041  8469  8481 I Finsky  : [1167] irv.a(15): com.dumadugames.honeyquest: Account from first account - [3VdGdtkpKkT_uTP_iSkKkW9f1FkS17MdQn4sBIewXrw]
12-21 09:59:57.044  8469  8481 I Finsky  : [1167] irv.a(55): Billing preferred account via installer for com.dumadugames.honeyquest: [3VdGdtkpKkT_uTP_iSkKkW9f1FkS17MdQn4sBIewXrw]
12-21 09:59:57.045  1701  2074 D Hicom_EmcomManagerService: forePackage name is com.dumadugames.honeyquest
12-21 09:59:57.045  1701  2074 D XEngineProcessor: onForegroundAppChanged, pkgName:com.dumadugames.honeyquest
12-21 09:59:57.045  1701  2074 D Hicom_SysEnvMonitor: onForegroundAppChanged, pkgName: com.dumadugames.honeyquest
12-21 09:59:57.045  1701  2074 D XEngineMpipControl: onForegroundAppChanged, pkgName:com.dumadugames.honeyquest
12-21 09:59:57.048  1265  1288 I StatusBarDisable: setFlags what=0 which=1 pkg=Window{b0a9a82 u0 com.dumadugames.honeyquest/com.dumadugames.honeyquest.Honey}
12-21 09:59:57.049  8469  8481 I Finsky  : [1167] irv.a(15): com.dumadugames.honeyquest: Account from first account - [3VdGdtkpKkT_uTP_iSkKkW9f1FkS17MdQn4sBIewXrw]
12-21 09:59:57.050  1734  2209 I PGServer: report state:10000 event type:2 pid:0 uid:0 pkg:com.dumadugames.honeyquest to pid: 1265
12-21 09:59:57.050  1734  2209 I PGServer: report state:10000 event type:2 pid:0 uid:0 pkg:com.dumadugames.honeyquest to pid: 1734
12-21 09:59:57.050  1734  2209 I SceneReceiver: state type: 10000 eventType:2 pid:0 uid:0 pkg:com.dumadugames.honeyquest
12-21 09:59:57.054  8469  8481 I Finsky  : [1167] irv.a(55): Billing preferred account via installer for com.dumadugames.honeyquest: [3VdGdtkpKkT_uTP_iSkKkW9f1FkS17MdQn4sBIewXrw]
12-21 09:59:57.061  8469  8481 I Finsky  : [1167] irv.a(15): com.dumadugames.honeyquest: Account from first account - [3VdGdtkpKkT_uTP_iSkKkW9f1FkS17MdQn4sBIewXrw]
12-21 09:59:57.063  8469  8481 I Finsky  : [1167] irv.a(55): Billing preferred account via installer for com.dumadugames.honeyquest: [3VdGdtkpKkT_uTP_iSkKkW9f1FkS17MdQn4sBIewXrw]
12-21 09:59:57.064  1734  2209 I PGServer: report state:10011 event type:1 pid:0 uid:0 pkg:com.dumadugames.honeyquest to pid: 1265
12-21 09:59:57.064  1734  2209 I PGServer: report state:10011 event type:1 pid:0 uid:0 pkg:com.dumadugames.honeyquest to pid: 1734
12-21 09:59:57.064  1734  2209 I SceneReceiver: state type: 10011 eventType:1 pid:0 uid:0 pkg:com.dumadugames.honeyquest
12-21 09:59:57.065  1734  2518 D HwThermalStateManager: current foreapp pkg : com.dumadugames.honeyquest
12-21 09:59:57.065  1734  2519 D ThermalTrace_ThermalRaise: current pkg:com.dumadugames.honeyquest
12-21 09:59:57.068  8469  8481 I Finsky  : [1167] irv.a(15): com.dumadugames.honeyquest: Account from first account - [3VdGdtkpKkT_uTP_iSkKkW9f1FkS17MdQn4sBIewXrw]
12-21 09:59:57.070  8469  8481 I Finsky  : [1167] irv.a(55): Billing preferred account via installer for com.dumadugames.honeyquest: [3VdGdtkpKkT_uTP_iSkKkW9f1FkS17MdQn4sBIewXrw]
12-21 09:59:57.079  1265  1288 I StatusBarDisable: setFlags what=0 which=1 pkg=Window{b0a9a82 u0 com.dumadugames.honeyquest/com.dumadugames.honeyquest.Honey}
12-21 09:59:57.080  1265  1360 I WindowManager:   SURFACE SIZE 1080x2280: Splash Screen com.dumadugames.honeyquest
12-21 09:59:57.091  1265  1288 I StatusBarDisable: setFlags what=0 which=1 pkg=Window{b0a9a82 u0 com.dumadugames.honeyquest/com.dumadugames.honeyquest.Honey}
12-21 09:59:57.131  1265  1288 I StatusBarDisable: setFlags what=0 which=1 pkg=Window{b0a9a82 u0 com.dumadugames.honeyquest/com.dumadugames.honeyquest.Honey}
12-21 09:59:57.131  1265  1360 V WindowManager_visibility: updateAllDrawn Add AppWindowToken{afdd6b0 token=Token{be0e9f3 ActivityRecord{d910462 u0 com.dumadugames.honeyquest/.Honey t109}}}
12-21 09:59:57.133  1265  1360 V WindowManager_visibility: updateAllDrawn allDrawn=false interesting=1 drawn=1 relaunchCount=0 for AppWindowToken{afdd6b0 token=Token{be0e9f3 ActivityRecord{d910462 u0 com.dumadugames.honeyquest/.Honey t109}}}
12-21 09:59:57.138  1265  1288 I StatusBarDisable: setFlags what=0 which=1 pkg=Window{b0a9a82 u0 com.dumadugames.honeyquest/com.dumadugames.honeyquest.Honey}
12-21 09:59:57.158 12401 12401 D tv.alphonso.service.client.ASClientFSM: Processing PROV_SERVER_PARAMS event in tv.alphonso.service.client.ASClientNull state.
12-21 09:59:57.159 12401 12401 D tv.alphonso.service.client.ASClientUtils: Binding to the AlphonsoService.
12-21 09:59:57.162 12401 12401 D tv.alphonso.service.client.ASClientUtils: Found a running instance of AlphonsoService, using that app's package: com.dumadugames.honeyquest
12-21 09:59:57.162  1265  1298 I ActivityManager: Displayed com.dumadugames.honeyquest/.Honey: +1s408ms
12-21 09:59:57.163  1265  1298 D ActivityManager: EVENT_APP_ACTIVITY_DISPLAYED_FINISH reportData: com.dumadugames.honeyquest/.Honey 12401 1408
12-21 09:59:57.163  1265  1288 I StatusBarDisable: setFlags what=0 which=1 pkg=Window{b0a9a82 u0 com.dumadugames.honeyquest/com.dumadugames.honeyquest.Honey}
12-21 09:59:57.166   720   765 D AwareLog: iawared: WorkingsetProcessCommand subCmd = 351, userId=10150, pid=12401, com.dumadugames.honeyquest
12-21 09:59:57.166   720   765 D AwareLog: iawared: WorkingsetPause com.dumadugames.honeyquest
12-21 09:59:57.168 12373 12373 D tv.alphonso.service.AlphonsoService: onBind()
12-21 09:59:57.169  1265  1360 V WindowManager: removeIfPossible: Window{5ce720e u0 Splash Screen com.dumadugames.honeyquest}
12-21 09:59:57.175  1265  1360 V WindowManager: Not removing Window{5ce720e u0 Splash Screen com.dumadugames.honeyquest EXITING} due to exit animation 
12-21 09:59:57.179  1265  1288 I StatusBarDisable: setFlags what=0 which=1 pkg=Window{b0a9a82 u0 com.dumadugames.honeyquest/com.dumadugames.honeyquest.Honey}
12-21 09:59:57.212 12401 12401 D tv.alphonso.service.client.ASClientFSM: Processing SERVICE_CONNECTION_UP event in tv.alphonso.service.client.ASClientInitInProgress state.
12-21 09:59:57.213 12401 12401 D tv.alphonso.service.client.ASClientInitInProgress: AlphonsoService connected!
12-21 09:59:57.213 12401 12401 D tv.alphonso.service.client.ASClientInitInProgress: Sending INIT message to AlphonsoService.
12-21 09:59:57.224  1265  1288 I StatusBarDisable: setFlags what=0 which=1 pkg=Window{b0a9a82 u0 com.dumadugames.honeyquest/com.dumadugames.honeyquest.Honey}
12-21 09:59:57.227 12373 12514 W AdvertisingIdClient: 	at tv.alphonso.service.AlphonsoService$1.run(AlphonsoService.java:197)
12-21 09:59:57.228  1265  1768 I DebugKeepScreenOn: Acquiring screen wakelock due to Window{b0a9a82 u0 com.dumadugames.honeyquest/com.dumadugames.honeyquest.Honey}
12-21 09:59:57.244  1265  1360 V WindowManager: Exit animation finished in Window{5ce720e u0 Splash Screen com.dumadugames.honeyquest EXITING}: remove=true
12-21 09:59:57.245  1265  1360 E WindowManager: win=Window{5ce720e u0 Splash Screen com.dumadugames.honeyquest EXITING} destroySurfaces: appStopped=false win.mWindowRemovalAllowed=true win.mRemoveOnExit=true
12-21 09:59:57.246  1265  1360 V WindowManager: postWindowRemoveCleanupLocked: Window{5ce720e u0 Splash Screen com.dumadugames.honeyquest}
12-21 09:59:57.246  1265  1360 V WindowManager: Removing Window{5ce720e u0 Splash Screen com.dumadugames.honeyquest} from AppWindowToken{afdd6b0 token=Token{be0e9f3 ActivityRecord{d910462 u0 com.dumadugames.honeyquest/.Honey t109}}}
12-21 09:59:57.251  1265  1288 I StatusBarDisable: setFlags what=0 which=1 pkg=Window{b0a9a82 u0 com.dumadugames.honeyquest/com.dumadugames.honeyquest.Honey}
12-21 09:59:57.270  1265  1288 I StatusBarDisable: setFlags what=0 which=1 pkg=Window{b0a9a82 u0 com.dumadugames.honeyquest/com.dumadugames.honeyquest.Honey}
12-21 09:59:57.281 12401 12401 D AwareAppScheduleManager: webViewOpt, webView init: com.dumadugames.honeyquest
12-21 09:59:57.285 12373 12373 D tv.alphonso.alphonsoclient.AlphonsoClient: Alphonso Server Domain set as: http://api.alphonso.tv
12-21 09:59:57.285 12373 12373 D tv.alphonso.alphonsoclient.AlphonsoClient: Alphonso Server Port set as: 4430
12-21 09:59:57.285 12373 12373 D tv.alphonso.alphonsoclient.AlphonsoClient: Alphonso Server Domain SSL set as: 
12-21 09:59:57.286 12373 12373 D tv.alphonso.alphonsoclient.AlphonsoClient: Alphonso Server Port SSL set as: 
12-21 09:59:57.303 12373 12519 D tv.alphonso.alphonsoclient.AlphonsoClient: Alphonso Prov Server Domain set as: http://prov.alphonso.tv
12-21 09:59:57.303 12373 12519 D tv.alphonso.alphonsoclient.AlphonsoClient: Alphonso Prov Server Port set as: 4000
12-21 09:59:57.307  1265  1275 I AlarmManager: remove alarm:Alarm{2a35a19 type 0 when 1608517762553 PendingIntent{37fbdb5: PendingIntentRecord{96772b3 com.dumadugames.honeyquest startService}}com.dumadugames.honeyquest} according to operation:4b02560
12-21 09:59:57.345  1265  1290 I ActivityManager: Start proc 12530:com.android.chrome:sandboxed_process0/u0i113 for webview_service com.dumadugames.honeyquest/org.chromium.content.app.SandboxedProcessService0
12-21 09:59:57.429 12401 12401 D ConnectivityManager: requestNetwork and the calling app is: com.dumadugames.honeyquest
12-21 09:59:57.508 12401 12401 D ConnectivityManager: requestNetwork and the calling app is: com.dumadugames.honeyquest
12-21 09:59:57.534  1265 10837 I HwAudioServiceEx: VBR Enter packageName:com.dumadugames.honeyquest
12-21 09:59:57.549  1265  1284 I HwAudioService: now type = 9,reportForegroundAppType = 9,pkg = com.dumadugames.honeyquest,mVoipOptimizeInGameModefalse
12-21 09:59:57.552 12373 12521 E tv.alphonso.alphonsoclient.ViewingInfoAPI: JSONException: org.json.JSONException: Value <html><head><title>Burp of type java.lang.String cannot be converted to JSONObject
12-21 09:59:57.553 12373 12521 W System.err: 	at tv.alphonso.alphonsoclient.ViewingInfoAPI.process200(ViewingInfoAPI.java:162)
12-21 09:59:57.553 12373 12521 W System.err: 	at tv.alphonso.alphonsoclient.ViewingInfoAPI.processResponse(ViewingInfoAPI.java:134)
12-21 09:59:57.553 12373 12521 W System.err: 	at tv.alphonso.alphonsoclient.ViewingInfoAPI.sendRequest(ViewingInfoAPI.java:113)
12-21 09:59:57.553 12373 12521 W System.err: 	at tv.alphonso.alphonsoclient.ViewingInfoService.processSendViewingInfoRquest(ViewingInfoService.java:280)
12-21 09:59:57.553 12373 12521 W System.err: 	at tv.alphonso.alphonsoclient.ViewingInfoService.access$200(ViewingInfoService.java:16)
12-21 09:59:57.553 12373 12521 W System.err: 	at tv.alphonso.alphonsoclient.ViewingInfoService$1.handleMessage(ViewingInfoService.java:198)
12-21 09:59:57.553 12373 12373 E tv.alphonso.service.AlphonsoService: Error response is with error code: 1
12-21 09:59:57.634 12401 12589 I chatty  : uid=10150(com.dumadugames.honeyquest) Chrome_InProcGp identical 5 lines
12-21 09:59:57.810  1265  1275 D HwAudioService: packageName:com.dumadugames.honeyquest
12-21 09:59:57.812  1265  1275 D MediaRouterService: Client com.dumadugames.honeyquest (pid 12401): Registered
12-21 09:59:57.814  1265  1275 I HwAudioServiceEx: VBR Enter packageName:com.dumadugames.honeyquest
12-21 09:59:58.076 12373 12521 E tv.alphonso.alphonsoclient.ViewingInfoAPI: JSONException: org.json.JSONException: Value <html><head><title>Burp of type java.lang.String cannot be converted to JSONObject
12-21 09:59:58.080 12373 12521 W System.err: 	at tv.alphonso.alphonsoclient.ViewingInfoAPI.process200(ViewingInfoAPI.java:162)
12-21 09:59:58.080 12373 12521 W System.err: 	at tv.alphonso.alphonsoclient.ViewingInfoAPI.processResponse(ViewingInfoAPI.java:134)
12-21 09:59:58.080 12373 12521 W System.err: 	at tv.alphonso.alphonsoclient.ViewingInfoAPI.sendRequest(ViewingInfoAPI.java:113)
12-21 09:59:58.080 12373 12521 W System.err: 	at tv.alphonso.alphonsoclient.ViewingInfoService.processSendViewingInfoRquest(ViewingInfoService.java:280)
12-21 09:59:58.080 12373 12521 W System.err: 	at tv.alphonso.alphonsoclient.ViewingInfoService.access$200(ViewingInfoService.java:16)
12-21 09:59:58.080 12373 12521 W System.err: 	at tv.alphonso.alphonsoclient.ViewingInfoService$1.handleMessage(ViewingInfoService.java:198)
12-21 09:59:58.085 12373 12373 E tv.alphonso.service.AlphonsoService: Error response is with error code: 1
12-21 09:59:58.231  1265  1775 I AlarmManager: remove alarm:Alarm{fb0bd9b type 0 when 1608516876173 PendingIntent{eebff1b: PendingIntentRecord{717481f com.dumadugames.honeyquest startService}}com.dumadugames.honeyquest} according to operation:a42bdaa
12-21 09:59:58.248 12373 12373 W tv.alphonso.service.ASFSM: Invalid Event: CLOCK_SYNC_CONFIG in state tv.alphonso.service.ASInitInProgress
12-21 09:59:58.283 12373 12523 D tv.alphonso.audiocaptureservice.FifoBuffer: setSizeLimit(): mSizeLimit: 64000; mCurrentPosition: 0
12-21 09:59:58.354  1265  9449 I ctaifs  : <null>[null][tv.alphonso.service][onTransact] 本地录音
12-21 09:59:58.367  1265  8438 I BackgroundPermManager: pkgName: com.dumadugames.honeyquest,pid: 0 ,uidOf3RdApk: 10150 ,permType: 1 ,permCfg: 1
12-21 09:59:58.368  1265  8438 V AudioService.RecordingActivityMonitor: uid = 10150 packageName = com.dumadugames.honeyquest
12-21 09:59:58.376  1265  8438 I AudioService.RecordingActivityMonitor: HuaweiProcess, app com.dumadugames.honeyquest not in Record White Lise
12-21 09:59:58.382  1265  1265 D HiDATA_HiStream: --->Intent received, action=huawei.media.AUDIO_RECORD_STATE_CHANGED_ACTION, packageName tv.alphonso.service,state3
12-21 09:59:58.452 12401 12411 I ames.honeyques: Background concurrent copying GC freed 98328(9MB) AllocSpace objects, 40(1144KB) LOS objects, 72% free, 4MB/16MB, paused 1.432ms total 203.310ms
12-21 09:59:58.586 12373 12521 E tv.alphonso.alphonsoclient.ViewingInfoAPI: JSONException: org.json.JSONException: Value <html><head><title>Burp of type java.lang.String cannot be converted to JSONObject
12-21 09:59:58.589 12373 12521 W System.err: 	at tv.alphonso.alphonsoclient.ViewingInfoAPI.process200(ViewingInfoAPI.java:162)
12-21 09:59:58.589 12373 12521 W System.err: 	at tv.alphonso.alphonsoclient.ViewingInfoAPI.processResponse(ViewingInfoAPI.java:134)
12-21 09:59:58.589 12373 12521 W System.err: 	at tv.alphonso.alphonsoclient.ViewingInfoAPI.sendRequest(ViewingInfoAPI.java:113)
12-21 09:59:58.589 12373 12521 W System.err: 	at tv.alphonso.alphonsoclient.ViewingInfoService.processSendViewingInfoRquest(ViewingInfoService.java:280)
12-21 09:59:58.589 12373 12521 W System.err: 	at tv.alphonso.alphonsoclient.ViewingInfoService.access$200(ViewingInfoService.java:16)
12-21 09:59:58.589 12373 12521 W System.err: 	at tv.alphonso.alphonsoclient.ViewingInfoService$1.handleMessage(ViewingInfoService.java:198)
12-21 09:59:58.594 12373 12373 E tv.alphonso.service.AlphonsoService: Error response is with error code: 1
12-21 09:59:58.759 12373 12519 D tv.alphonso.alphonsoclient.AlphonsoClient: REST API Call Response: <html><head><title>Burp Suite Community Edition</title>
12-21 09:59:58.759 12373 12519 D tv.alphonso.alphonsoclient.AlphonsoClient: <style type="text/css">
12-21 09:59:58.759 12373 12519 D tv.alphonso.alphonsoclient.AlphonsoClient: body { background: #dedede; font-family: Arial, sans-serif; color: #404042; -webkit-font-smoothing: antialiased; }
12-21 09:59:58.759 12373 12519 D tv.alphonso.alphonsoclient.AlphonsoClient: #container { padding: 0 15px; margin: 10px auto; background-color: #ffffff; }
12-21 09:59:58.759 12373 12519 D tv.alphonso.alphonsoclient.AlphonsoClient: a { word-wrap: break-word; }
12-21 09:59:58.759 12373 12519 D tv.alphonso.alphonsoclient.AlphonsoClient: a:link, a:visited { color: #e06228; text-decoration: none; }
12-21 09:59:58.759 12373 12519 D tv.alphonso.alphonsoclient.AlphonsoClient: a:hover, a:active { color: #404042; text-decoration: underline; }
12-21 09:59:58.759 12373 12519 D tv.alphonso.alphonsoclient.AlphonsoClient: h1 { font-size: 1.6em; line-height: 1.2em; font-weight: normal; color: #404042; }
12-21 09:59:58.759 12373 12519 D tv.alphonso.alphonsoclient.AlphonsoClient: h2 { font-size: 1.3em; line-height: 1.2em; padding: 0; margin: 0.8em 0 0.3em 0; font-weight: normal; color: #404042;}
12-21 09:59:58.759 12373 12519 D tv.alphonso.alphonsoclient.AlphonsoClient: .title, .navbar { color: #ffffff; background: #e06228; padding: 10px 15px; margin: 0 -15px 10px -15px; overflow: hidden; }
12-21 09:59:58.759 12373 12519 D tv.alphonso.alphonsoclient.AlphonsoClient: .title h1 { color: #ffffff; padding: 0; margin: 0; font-size: 1.8em; }
12-21 09:59:58.759 12373 12519 D tv.alphonso.alphonsoclient.AlphonsoClient: div.navbar {position: absolute; top: 18px; right: 25px;}
12-21 09:59:58.759 12373 12519 D tv.alphonso.alphonsoclient.AlphonsoClient: div.navbar ul {list-style-type: none; margin: 0; padding: 0;}
12-21 09:59:58.759 12373 12519 D tv.alphonso.alphonsoclient.AlphonsoClient: div.navbar li {display: inline; margin-left: 20px;}
12-21 09:59:58.759 12373 12519 D tv.alphonso.alphonsoclient.AlphonsoClient: div.navbar a {color: white; padding: 10px}
12-21 09:59:58.759 12373 12519 D tv.alphonso.alphonsoclient.AlphonsoClient: div.navbar a:hover, div.navbar a:active {text-decoration: none; background: #404042;}
12-21 09:59:58.759 12373 12519 D tv.alphonso.alphonsoclient.AlphonsoClient: </style>
12-21 09:59:58.759 12373 12519 D tv.alphonso.alphonsoclient.AlphonsoClient: </head>
12-21 09:59:58.759 12373 12519 D tv.alphonso.alphonsoclient.AlphonsoClient: <body>
12-21 09:59:58.759 12373 12519 D tv.alphonso.alphonsoclient.AlphonsoClient: <div id="container">
12-21 09:59:58.759 12373 12519 D tv.alphonso.alphonsoclient.AlphonsoClient: <div class="title"><h1>Burp Suite Community Edition</h1></div>
12-21 09:59:58.759 12373 12519 D tv.alphonso.alphonsoclient.AlphonsoClient: <h1>Error</h1><p>Failed&#32;to&#32;connect&#32;to&#32;api&#46;alphonso&#46;tv&#58;4430</p>
12-21 09:59:58.759 12373 12519 D tv.alphonso.alphonsoclient.AlphonsoClient: <p>&nbsp;</p>
12-21 09:59:58.759 12373 12519 D tv.alphonso.alphonsoclient.AlphonsoClient: </div>
12-21 09:59:58.759 12373 12519 D tv.alphonso.alphonsoclient.AlphonsoClient: </body>
12-21 09:59:58.759 12373 12519 D tv.alphonso.alphonsoclient.AlphonsoClient: </html>
12-21 09:59:58.760 12373 12519 E tv.alphonso.alphonsoclient.AlphonsoClient: JSONException: org.json.JSONException: Value <html><head><title>Burp of type java.lang.String cannot be converted to JSONObject
12-21 09:59:58.760 12373 12519 W System.err: 	at tv.alphonso.alphonsoclient.AlphonsoClient.extractAndUpdateAlphonsoUid(AlphonsoClient.java:1159)
12-21 09:59:58.760 12373 12519 W System.err: 	at tv.alphonso.alphonsoclient.AlphonsoClient.sendGeneralResponse(AlphonsoClient.java:1116)
12-21 09:59:58.760 12373 12519 W System.err: 	at tv.alphonso.alphonsoclient.AlphonsoClient.sendRegistrationRequest(AlphonsoClient.java:932)
12-21 09:59:58.760 12373 12519 W System.err: 	at tv.alphonso.alphonsoclient.AlphonsoClient.processRegistrationRequest(AlphonsoClient.java:613)
12-21 09:59:58.760 12373 12519 W System.err: 	at tv.alphonso.alphonsoclient.AlphonsoClient.access$400(AlphonsoClient.java:33)
12-21 09:59:58.760 12373 12519 W System.err: 	at tv.alphonso.alphonsoclient.AlphonsoClient$1.handleMessage(AlphonsoClient.java:444)
12-21 09:59:58.836  1265  1288 I StatusBarDisable: setFlags what=0 which=1 pkg=Window{b0a9a82 u0 com.dumadugames.honeyquest/com.dumadugames.honeyquest.Honey}
12-21 09:59:58.845  1265  1288 I StatusBarDisable: setFlags what=0 which=1 pkg=Window{b0a9a82 u0 com.dumadugames.honeyquest/com.dumadugames.honeyquest.Honey}
12-21 09:59:58.849  1265  1779 W NotificationService: Toast already killed. pkg=com.dumadugames.honeyquest callback=android.app.ITransientNotification$Stub$Proxy@4ce6350
12-21 09:59:58.903  1265  1288 I StatusBarDisable: setFlags what=0 which=1 pkg=Window{b0a9a82 u0 com.dumadugames.honeyquest/com.dumadugames.honeyquest.Honey}
12-21 09:59:58.916  1265  1288 I StatusBarDisable: setFlags what=0 which=1 pkg=Window{b0a9a82 u0 com.dumadugames.honeyquest/com.dumadugames.honeyquest.Honey}
12-21 09:59:58.955 12373 12521 E tv.alphonso.alphonsoclient.ViewingInfoAPI: JSONException: org.json.JSONException: Value <html><head><title>Burp of type java.lang.String cannot be converted to JSONObject
12-21 09:59:58.955 12373 12521 W System.err: 	at tv.alphonso.alphonsoclient.ViewingInfoAPI.process200(ViewingInfoAPI.java:162)
12-21 09:59:58.955 12373 12521 W System.err: 	at tv.alphonso.alphonsoclient.ViewingInfoAPI.processResponse(ViewingInfoAPI.java:134)
12-21 09:59:58.955 12373 12521 W System.err: 	at tv.alphonso.alphonsoclient.ViewingInfoAPI.sendRequest(ViewingInfoAPI.java:113)
12-21 09:59:58.955 12373 12521 W System.err: 	at tv.alphonso.alphonsoclient.ViewingInfoService.processSendViewingInfoRquest(ViewingInfoService.java:280)
12-21 09:59:58.955 12373 12521 W System.err: 	at tv.alphonso.alphonsoclient.ViewingInfoService.access$200(ViewingInfoService.java:16)
12-21 09:59:58.955 12373 12521 W System.err: 	at tv.alphonso.alphonsoclient.ViewingInfoService$1.handleMessage(ViewingInfoService.java:198)
12-21 09:59:58.958 12373 12373 E tv.alphonso.service.AlphonsoService: Error response is with error code: 1
12-21 09:59:58.985  1265  1288 I StatusBarDisable: setFlags what=0 which=1 pkg=Window{b0a9a82 u0 com.dumadugames.honeyquest/com.dumadugames.honeyquest.Honey}
12-21 09:59:59.055  1265  1769 I HwAudioServiceEx: VBR Enter packageName:com.dumadugames.honeyquest
12-21 09:59:59.124  1265  1779 I AlarmManager: remove alarm:Alarm{416c105 type 0 when 1608516898230 PendingIntent{a42bdaa: PendingIntentRecord{717481f com.dumadugames.honeyquest startService}}com.dumadugames.honeyquest} according to operation:b5de55a
12-21 09:59:59.137  1265  1769 I LocationManagerService:  PID: 12373 , uid : 10150 , packageName :com.dumadugames.honeyquest , allowedResolutionLevel : 2 , permission : true
12-21 09:59:59.139  1265  1769 I LocationManagerService: request 4b4c68 network Request[POWER_LOW network requested=+5m0s0ms fastest=+5m0s0ms lowPowerMode=false] from com.dumadugames.honeyquest(10150)
12-21 09:59:59.139  1684  1700 D NcDft_ServiceImpl: notifyNcDftEvent domain is : 0 ;eventID is: 31 ;List is [network, 4b4c68, com.dumadugames.honeyquest, apkstart, 1608515999139]
12-21 09:59:59.140  1265  1769 I BackgroundPermManager: pkgName: com.dumadugames.honeyquest,pid: 12373 ,uidOf3RdApk: 10150 ,permType: 2 ,permCfg: 1
12-21 09:59:59.142  1265  1769 D WorkSource: Insert in WorkSource{} @ 0 uid 10150 name com.dumadugames.honeyquest
12-21 09:59:59.149  1265  1769 I ctaifs  : <Honey Quest>[Honey Quest][tv.alphonso.service]:[requestLocationUpdatesLocked] 定位..Wifi/基站定位
12-21 09:59:59.149  1265  1769 I LocationManagerService: mPackageName=com.dumadugames.honeyquest, interval=300000,provider:network
12-21 09:59:59.151  1265  1769 D HwGpsPowerTracker: recordRequest AppName:com.dumadugames.honeyquest quality:201
12-21 09:59:59.153 12401 12401 D tv.alphonso.service.client.ASClientFSM: Processing INIT_RESPONSE event in tv.alphonso.service.client.ASClientInitInProgress state.
12-21 09:59:59.153 12401 12401 D tv.alphonso.service.client.ASClientInitInProgress: SUCCESS for INIT from AlphonsoService.
12-21 09:59:59.153 12401 12401 E callback: AlphonsoService initialization SUCCESS.
12-21 09:59:59.154 12401 12401 D tv.alphonso.service.client.ASClientFSM: Processing REGISTER_BCAST_RECEIVER event in tv.alphonso.service.client.ASClientInited state.
12-21 09:59:59.154 12401 12401 D tv.alphonso.service.client.ASClientUtils: Registered Bcast recevier.
12-21 09:59:59.154 12401 12401 D tv.alphonso.service.client.ASClientFSM: Processing START event in tv.alphonso.service.client.ASClientInited state.
12-21 09:59:59.155 12401 12401 D tv.alphonso.service.client.ASClientUtils: Sending START message to AlphonsoService.
12-21 09:59:59.156  1265  1506 I AlarmManager: remove alarm:Alarm{1c76881 type 0 when 1608516273847 PendingIntent{19e3fe9: PendingIntentRecord{1bfb685 com.dumadugames.honeyquest startService}}com.dumadugames.honeyquest} according to operation:884fd26
12-21 09:59:59.167  1265  1506 I AlarmManager: remove alarm:Alarm{2810bbd type 0 when 1608516873851 PendingIntent{3a8770f: PendingIntentRecord{18cf6a3 com.dumadugames.honeyquest startService}}com.dumadugames.honeyquest} according to operation:bcc714
12-21 09:59:59.167   720   765 D AwareLog: iawared: WorkingsetProcessCommand subCmd = 357, userId=10150, pid=12401, com.dumadugames.honeyquest
12-21 09:59:59.168   720   765 D AwareLog: iawared: WorkingsetPauseCollect com.dumadugames.honeyquest
12-21 09:59:59.174  1995  1995 D WorkSource: i1=0 i2=0 N1=0: insert 10150 com.dumadugames.honeyquest
12-21 09:59:59.174  1995  1995 D WorkSource: Insert in WorkSource{} @ 0 uid 10150 name com.dumadugames.honeyquest
12-21 09:59:59.205 12373 12523 D tv.alphonso.audiocaptureservice.ACSPreBuffering: ACR is diabled, store the start event by setting the start-received flag
12-21 09:59:59.357  1265  8438 I HwAudioServiceEx: VBR Enter packageName:com.dumadugames.honeyquest
12-21 09:59:59.424  1265  1417 D hw_netstat: total/105502/114647,com.dumadugames.honeyquest/93241/108497,com.android.vending/6220/2580,unknown:1020/2994/2994,unknown:0/3047/576
12-21 09:59:59.449 12373 12521 E tv.alphonso.alphonsoclient.ViewingInfoAPI: JSONException: org.json.JSONException: Value <html><head><title>Burp of type java.lang.String cannot be converted to JSONObject
12-21 09:59:59.449 12373 12521 W System.err: 	at tv.alphonso.alphonsoclient.ViewingInfoAPI.process200(ViewingInfoAPI.java:162)
12-21 09:59:59.449 12373 12521 W System.err: 	at tv.alphonso.alphonsoclient.ViewingInfoAPI.processResponse(ViewingInfoAPI.java:134)
12-21 09:59:59.450 12373 12521 W System.err: 	at tv.alphonso.alphonsoclient.ViewingInfoAPI.sendRequest(ViewingInfoAPI.java:113)
12-21 09:59:59.450 12373 12521 W System.err: 	at tv.alphonso.alphonsoclient.ViewingInfoService.processSendViewingInfoRquest(ViewingInfoService.java:280)
12-21 09:59:59.450 12373 12521 W System.err: 	at tv.alphonso.alphonsoclient.ViewingInfoService.access$200(ViewingInfoService.java:16)
12-21 09:59:59.450 12373 12521 W System.err: 	at tv.alphonso.alphonsoclient.ViewingInfoService$1.handleMessage(ViewingInfoService.java:198)
12-21 09:59:59.450 12373 12373 E tv.alphonso.service.AlphonsoService: Error response is with error code: 1
12-21 09:59:59.631 12373 12649 E tv.alphonso.alphonsoclient.ViewingInfoAPI: JSONException: org.json.JSONException: Value <html><head><title>Burp of type java.lang.String cannot be converted to JSONObject
12-21 09:59:59.631 12373 12649 W System.err: 	at tv.alphonso.alphonsoclient.ViewingInfoAPI.process200(ViewingInfoAPI.java:162)
12-21 09:59:59.631 12373 12649 W System.err: 	at tv.alphonso.alphonsoclient.ViewingInfoAPI.processResponse(ViewingInfoAPI.java:134)
12-21 09:59:59.631 12373 12649 W System.err: 	at tv.alphonso.alphonsoclient.ViewingInfoAPI.sendRequest(ViewingInfoAPI.java:113)
12-21 09:59:59.631 12373 12649 W System.err: 	at tv.alphonso.alphonsoclient.ViewingInfoService.processSendViewingInfoRquest(ViewingInfoService.java:280)
12-21 09:59:59.631 12373 12649 W System.err: 	at tv.alphonso.alphonsoclient.ViewingInfoService.access$200(ViewingInfoService.java:16)
12-21 09:59:59.631 12373 12649 W System.err: 	at tv.alphonso.alphonsoclient.ViewingInfoService$1.handleMessage(ViewingInfoService.java:198)
12-21 09:59:59.633 12373 12373 E tv.alphonso.service.AlphonsoService: Error response is with error code: 1
12-21 09:59:59.743 12401 12426 I chatty  : uid=10150(com.dumadugames.honeyquest) UnityMain identical 4 lines
12-21 09:59:59.893 12401 12426 I chatty  : uid=10150(com.dumadugames.honeyquest) UnityMain identical 2 lines
12-21 10:00:00.002 12373 12649 E tv.alphonso.alphonsoclient.ViewingInfoAPI: JSONException: org.json.JSONException: Value <html><head><title>Burp of type java.lang.String cannot be converted to JSONObject
12-21 10:00:00.003 12373 12649 W System.err: 	at tv.alphonso.alphonsoclient.ViewingInfoAPI.process200(ViewingInfoAPI.java:162)
12-21 10:00:00.003 12373 12649 W System.err: 	at tv.alphonso.alphonsoclient.ViewingInfoAPI.processResponse(ViewingInfoAPI.java:134)
12-21 10:00:00.003 12373 12649 W System.err: 	at tv.alphonso.alphonsoclient.ViewingInfoAPI.sendRequest(ViewingInfoAPI.java:113)
12-21 10:00:00.003 12373 12649 W System.err: 	at tv.alphonso.alphonsoclient.ViewingInfoService.processSendViewingInfoRquest(ViewingInfoService.java:280)
12-21 10:00:00.003 12373 12649 W System.err: 	at tv.alphonso.alphonsoclient.ViewingInfoService.access$200(ViewingInfoService.java:16)
12-21 10:00:00.003 12373 12649 W System.err: 	at tv.alphonso.alphonsoclient.ViewingInfoService$1.handleMessage(ViewingInfoService.java:198)
12-21 10:00:00.006 12373 12373 E tv.alphonso.service.AlphonsoService: Error response is with error code: 1
12-21 10:00:00.279 12401 12426 I chatty  : uid=10150(com.dumadugames.honeyquest) UnityMain identical 4 lines
12-21 10:00:00.382 12373 12649 E tv.alphonso.alphonsoclient.ViewingInfoAPI: JSONException: org.json.JSONException: Value <html><head><title>Burp of type java.lang.String cannot be converted to JSONObject
12-21 10:00:00.382 12373 12649 W System.err: 	at tv.alphonso.alphonsoclient.ViewingInfoAPI.process200(ViewingInfoAPI.java:162)
12-21 10:00:00.382 12373 12649 W System.err: 	at tv.alphonso.alphonsoclient.ViewingInfoAPI.processResponse(ViewingInfoAPI.java:134)
12-21 10:00:00.382 12373 12649 W System.err: 	at tv.alphonso.alphonsoclient.ViewingInfoAPI.sendRequest(ViewingInfoAPI.java:113)
12-21 10:00:00.382 12373 12649 W System.err: 	at tv.alphonso.alphonsoclient.ViewingInfoService.processSendViewingInfoRquest(ViewingInfoService.java:280)
12-21 10:00:00.382 12373 12649 W System.err: 	at tv.alphonso.alphonsoclient.ViewingInfoService.access$200(ViewingInfoService.java:16)
12-21 10:00:00.382 12373 12649 W System.err: 	at tv.alphonso.alphonsoclient.ViewingInfoService$1.handleMessage(ViewingInfoService.java:198)
12-21 10:00:00.383 12373 12373 E tv.alphonso.service.AlphonsoService: Error response is with error code: 1
12-21 10:00:00.413 12401 12426 I chatty  : uid=10150(com.dumadugames.honeyquest) UnityMain identical 1 line
12-21 10:00:00.517 12401 12426 I chatty  : uid=10150(com.dumadugames.honeyquest) UnityMain identical 4 lines
12-21 10:00:00.639 12373 12649 E tv.alphonso.alphonsoclient.ViewingInfoAPI: JSONException: org.json.JSONException: Value <html><head><title>Burp of type java.lang.String cannot be converted to JSONObject
12-21 10:00:00.639 12373 12649 W System.err: 	at tv.alphonso.alphonsoclient.ViewingInfoAPI.process200(ViewingInfoAPI.java:162)
12-21 10:00:00.640 12373 12649 W System.err: 	at tv.alphonso.alphonsoclient.ViewingInfoAPI.processResponse(ViewingInfoAPI.java:134)
12-21 10:00:00.640 12373 12649 W System.err: 	at tv.alphonso.alphonsoclient.ViewingInfoAPI.sendRequest(ViewingInfoAPI.java:113)
12-21 10:00:00.640 12373 12649 W System.err: 	at tv.alphonso.alphonsoclient.ViewingInfoService.processSendViewingInfoRquest(ViewingInfoService.java:280)
12-21 10:00:00.640 12373 12649 W System.err: 	at tv.alphonso.alphonsoclient.ViewingInfoService.access$200(ViewingInfoService.java:16)
12-21 10:00:00.640 12373 12649 W System.err: 	at tv.alphonso.alphonsoclient.ViewingInfoService$1.handleMessage(ViewingInfoService.java:198)
12-21 10:00:00.640 12373 12373 E tv.alphonso.service.AlphonsoService: Error response is with error code: 1
12-21 10:00:00.885 12373 12519 E tv.alphonso.alphonsoclient.AlphonsoClient: JSONException: org.json.JSONException: Value <html><head><title>Burp of type java.lang.String cannot be converted to JSONObject
12-21 10:00:00.886 12373 12519 W System.err: 	at tv.alphonso.alphonsoclient.AlphonsoClient.processClockSyncPollRequest(AlphonsoClient.java:1289)
12-21 10:00:00.886 12373 12519 W System.err: 	at tv.alphonso.alphonsoclient.AlphonsoClient.access$1300(AlphonsoClient.java:33)
12-21 10:00:00.886 12373 12519 W System.err: 	at tv.alphonso.alphonsoclient.AlphonsoClient$1.handleMessage(AlphonsoClient.java:480)
12-21 10:00:00.902 12373 12649 E tv.alphonso.alphonsoclient.ViewingInfoAPI: JSONException: org.json.JSONException: Value <html><head><title>Burp of type java.lang.String cannot be converted to JSONObject
12-21 10:00:00.912 12373 12649 W System.err: 	at tv.alphonso.alphonsoclient.ViewingInfoAPI.process200(ViewingInfoAPI.java:162)
12-21 10:00:00.912 12373 12649 W System.err: 	at tv.alphonso.alphonsoclient.ViewingInfoAPI.processResponse(ViewingInfoAPI.java:134)
12-21 10:00:00.912 12373 12649 W System.err: 	at tv.alphonso.alphonsoclient.ViewingInfoAPI.sendRequest(ViewingInfoAPI.java:113)
12-21 10:00:00.912 12373 12649 W System.err: 	at tv.alphonso.alphonsoclient.ViewingInfoService.processSendViewingInfoRquest(ViewingInfoService.java:280)
12-21 10:00:00.912 12373 12649 W System.err: 	at tv.alphonso.alphonsoclient.ViewingInfoService.access$200(ViewingInfoService.java:16)
12-21 10:00:00.912 12373 12649 W System.err: 	at tv.alphonso.alphonsoclient.ViewingInfoService$1.handleMessage(ViewingInfoService.java:198)
12-21 10:00:00.912 12373 12373 E tv.alphonso.service.AlphonsoService: Error response is with error code: 1
12-21 10:00:01.184 12373 12649 E tv.alphonso.alphonsoclient.ViewingInfoAPI: JSONException: org.json.JSONException: Value <html><head><title>Burp of type java.lang.String cannot be converted to JSONObject
12-21 10:00:01.184 12373 12649 W System.err: 	at tv.alphonso.alphonsoclient.ViewingInfoAPI.process200(ViewingInfoAPI.java:162)
12-21 10:00:01.184 12373 12649 W System.err: 	at tv.alphonso.alphonsoclient.ViewingInfoAPI.processResponse(ViewingInfoAPI.java:134)
12-21 10:00:01.184 12373 12649 W System.err: 	at tv.alphonso.alphonsoclient.ViewingInfoAPI.sendRequest(ViewingInfoAPI.java:113)
12-21 10:00:01.184 12373 12649 W System.err: 	at tv.alphonso.alphonsoclient.ViewingInfoService.processSendViewingInfoRquest(ViewingInfoService.java:280)
12-21 10:00:01.184 12373 12649 W System.err: 	at tv.alphonso.alphonsoclient.ViewingInfoService.access$200(ViewingInfoService.java:16)
12-21 10:00:01.184 12373 12649 W System.err: 	at tv.alphonso.alphonsoclient.ViewingInfoService$1.handleMessage(ViewingInfoService.java:198)
12-21 10:00:01.188 12373 12373 E tv.alphonso.service.AlphonsoService: Error response is with error code: 1
12-21 10:00:01.449 12373 12649 E tv.alphonso.alphonsoclient.ViewingInfoAPI: JSONException: org.json.JSONException: Value <html><head><title>Burp of type java.lang.String cannot be converted to JSONObject
12-21 10:00:01.450 12373 12649 W System.err: 	at tv.alphonso.alphonsoclient.ViewingInfoAPI.process200(ViewingInfoAPI.java:162)
12-21 10:00:01.450 12373 12649 W System.err: 	at tv.alphonso.alphonsoclient.ViewingInfoAPI.processResponse(ViewingInfoAPI.java:134)
12-21 10:00:01.450 12373 12649 W System.err: 	at tv.alphonso.alphonsoclient.ViewingInfoAPI.sendRequest(ViewingInfoAPI.java:113)
12-21 10:00:01.450 12373 12649 W System.err: 	at tv.alphonso.alphonsoclient.ViewingInfoService.processSendViewingInfoRquest(ViewingInfoService.java:280)
12-21 10:00:01.450 12373 12649 W System.err: 	at tv.alphonso.alphonsoclient.ViewingInfoService.access$200(ViewingInfoService.java:16)
12-21 10:00:01.450 12373 12649 W System.err: 	at tv.alphonso.alphonsoclient.ViewingInfoService$1.handleMessage(ViewingInfoService.java:198)
12-21 10:00:01.450 12373 12373 E tv.alphonso.service.AlphonsoService: Error response is with error code: 1
12-21 10:00:01.510 12401 12426 I chatty  : uid=10150(com.dumadugames.honeyquest) UnityMain identical 1 line
12-21 10:00:01.612 12401 12426 I chatty  : uid=10150(com.dumadugames.honeyquest) UnityMain identical 3 lines
12-21 10:00:01.708 12373 12649 E tv.alphonso.alphonsoclient.ViewingInfoAPI: JSONException: org.json.JSONException: Value <html><head><title>Burp of type java.lang.String cannot be converted to JSONObject
12-21 10:00:01.708 12373 12649 W System.err: 	at tv.alphonso.alphonsoclient.ViewingInfoAPI.process200(ViewingInfoAPI.java:162)
12-21 10:00:01.708 12373 12649 W System.err: 	at tv.alphonso.alphonsoclient.ViewingInfoAPI.processResponse(ViewingInfoAPI.java:134)
12-21 10:00:01.708 12373 12649 W System.err: 	at tv.alphonso.alphonsoclient.ViewingInfoAPI.sendRequest(ViewingInfoAPI.java:113)
12-21 10:00:01.709 12373 12649 W System.err: 	at tv.alphonso.alphonsoclient.ViewingInfoService.processSendViewingInfoRquest(ViewingInfoService.java:280)
12-21 10:00:01.709 12373 12649 W System.err: 	at tv.alphonso.alphonsoclient.ViewingInfoService.access$200(ViewingInfoService.java:16)
12-21 10:00:01.709 12373 12649 W System.err: 	at tv.alphonso.alphonsoclient.ViewingInfoService$1.handleMessage(ViewingInfoService.java:198)
12-21 10:00:01.709 12373 12373 E tv.alphonso.service.AlphonsoService: Error response is with error code: 1
12-21 10:00:01.745 12401 12426 I chatty  : uid=10150(com.dumadugames.honeyquest) UnityMain identical 2 lines
12-21 10:00:01.813 12401 12426 I chatty  : uid=10150(com.dumadugames.honeyquest) UnityMain identical 1 line
12-21 10:00:01.964 12373 12649 E tv.alphonso.alphonsoclient.ViewingInfoAPI: JSONException: org.json.JSONException: Value <html><head><title>Burp of type java.lang.String cannot be converted to JSONObject
12-21 10:00:01.965 12373 12649 W System.err: 	at tv.alphonso.alphonsoclient.ViewingInfoAPI.process200(ViewingInfoAPI.java:162)
12-21 10:00:01.965 12373 12649 W System.err: 	at tv.alphonso.alphonsoclient.ViewingInfoAPI.processResponse(ViewingInfoAPI.java:134)
12-21 10:00:01.965 12373 12649 W System.err: 	at tv.alphonso.alphonsoclient.ViewingInfoAPI.sendRequest(ViewingInfoAPI.java:113)
12-21 10:00:01.965 12373 12649 W System.err: 	at tv.alphonso.alphonsoclient.ViewingInfoService.processSendViewingInfoRquest(ViewingInfoService.java:280)
12-21 10:00:01.965 12373 12649 W System.err: 	at tv.alphonso.alphonsoclient.ViewingInfoService.access$200(ViewingInfoService.java:16)
12-21 10:00:01.965 12373 12649 W System.err: 	at tv.alphonso.alphonsoclient.ViewingInfoService$1.handleMessage(ViewingInfoService.java:198)
12-21 10:00:01.965 12373 12373 E tv.alphonso.service.AlphonsoService: Error response is with error code: 1
12-21 10:00:02.098 12401 12426 I chatty  : uid=10150(com.dumadugames.honeyquest) UnityMain identical 2 lines
12-21 10:00:02.127 12401 12411 I ames.honeyques: Background concurrent copying GC freed 194703(10MB) AllocSpace objects, 38(1976KB) LOS objects, 77% free, 3MB/15MB, paused 519us total 100.064ms
12-21 10:00:02.147 12401 12409 I chatty  : uid=10150(com.dumadugames.honeyquest) FinalizerDaemon identical 21 lines
12-21 10:00:02.232 12373 12649 E tv.alphonso.alphonsoclient.ViewingInfoAPI: JSONException: org.json.JSONException: Value <html><head><title>Burp of type java.lang.String cannot be converted to JSONObject
12-21 10:00:02.232 12373 12649 W System.err: 	at tv.alphonso.alphonsoclient.ViewingInfoAPI.process200(ViewingInfoAPI.java:162)
12-21 10:00:02.232 12373 12649 W System.err: 	at tv.alphonso.alphonsoclient.ViewingInfoAPI.processResponse(ViewingInfoAPI.java:134)
12-21 10:00:02.232 12373 12649 W System.err: 	at tv.alphonso.alphonsoclient.ViewingInfoAPI.sendRequest(ViewingInfoAPI.java:113)
12-21 10:00:02.232 12373 12649 W System.err: 	at tv.alphonso.alphonsoclient.ViewingInfoService.processSendViewingInfoRquest(ViewingInfoService.java:280)
12-21 10:00:02.232 12373 12649 W System.err: 	at tv.alphonso.alphonsoclient.ViewingInfoService.access$200(ViewingInfoService.java:16)
12-21 10:00:02.232 12373 12649 W System.err: 	at tv.alphonso.alphonsoclient.ViewingInfoService$1.handleMessage(ViewingInfoService.java:198)
12-21 10:00:02.232 12373 12373 E tv.alphonso.service.AlphonsoService: Error response is with error code: 1
12-21 10:00:02.249 12401 12426 I chatty  : uid=10150(com.dumadugames.honeyquest) UnityMain identical 1 line
12-21 10:00:02.333 12401 12426 I chatty  : uid=10150(com.dumadugames.honeyquest) UnityMain identical 3 lines
12-21 10:00:02.500 12373 12649 E tv.alphonso.alphonsoclient.ViewingInfoAPI: JSONException: org.json.JSONException: Value <html><head><title>Burp of type java.lang.String cannot be converted to JSONObject
12-21 10:00:02.503 12373 12649 W System.err: 	at tv.alphonso.alphonsoclient.ViewingInfoAPI.process200(ViewingInfoAPI.java:162)
12-21 10:00:02.503 12373 12649 W System.err: 	at tv.alphonso.alphonsoclient.ViewingInfoAPI.processResponse(ViewingInfoAPI.java:134)
12-21 10:00:02.503 12373 12649 W System.err: 	at tv.alphonso.alphonsoclient.ViewingInfoAPI.sendRequest(ViewingInfoAPI.java:113)
12-21 10:00:02.504 12373 12649 W System.err: 	at tv.alphonso.alphonsoclient.ViewingInfoService.processSendViewingInfoRquest(ViewingInfoService.java:280)
12-21 10:00:02.504 12373 12649 W System.err: 	at tv.alphonso.alphonsoclient.ViewingInfoService.access$200(ViewingInfoService.java:16)
12-21 10:00:02.504 12373 12649 W System.err: 	at tv.alphonso.alphonsoclient.ViewingInfoService$1.handleMessage(ViewingInfoService.java:198)
12-21 10:00:02.505 12373 12373 E tv.alphonso.service.AlphonsoService: Error response is with error code: 1
12-21 10:00:02.569 12401 12426 I chatty  : uid=10150(com.dumadugames.honeyquest) UnityMain identical 3 lines
12-21 10:00:02.639 12401 12426 E Callback: initialize Class Name   com.dumadugames.honeyquest.Honey
12-21 10:00:02.709  1265  1288 I StatusBarDisable: setFlags what=0 which=1 pkg=Window{b0a9a82 u0 com.dumadugames.honeyquest/com.dumadugames.honeyquest.Honey}
12-21 10:00:02.715  1265  1770 I DebugKeepScreenOn: Acquiring screen wakelock due to Window{b0a9a82 u0 com.dumadugames.honeyquest/com.dumadugames.honeyquest.Honey}
12-21 10:00:02.756 12373 12649 E tv.alphonso.alphonsoclient.ViewingInfoAPI: JSONException: org.json.JSONException: Value <html><head><title>Burp of type java.lang.String cannot be converted to JSONObject
12-21 10:00:02.756 12373 12649 W System.err: 	at tv.alphonso.alphonsoclient.ViewingInfoAPI.process200(ViewingInfoAPI.java:162)
12-21 10:00:02.756 12373 12649 W System.err: 	at tv.alphonso.alphonsoclient.ViewingInfoAPI.processResponse(ViewingInfoAPI.java:134)
12-21 10:00:02.756 12373 12649 W System.err: 	at tv.alphonso.alphonsoclient.ViewingInfoAPI.sendRequest(ViewingInfoAPI.java:113)
12-21 10:00:02.756 12373 12649 W System.err: 	at tv.alphonso.alphonsoclient.ViewingInfoService.processSendViewingInfoRquest(ViewingInfoService.java:280)
12-21 10:00:02.756 12373 12649 W System.err: 	at tv.alphonso.alphonsoclient.ViewingInfoService.access$200(ViewingInfoService.java:16)
12-21 10:00:02.756 12373 12649 W System.err: 	at tv.alphonso.alphonsoclient.ViewingInfoService$1.handleMessage(ViewingInfoService.java:198)
12-21 10:00:02.758 12373 12373 E tv.alphonso.service.AlphonsoService: Error response is with error code: 1
12-21 10:00:03.031 12373 12649 E tv.alphonso.alphonsoclient.ViewingInfoAPI: JSONException: org.json.JSONException: Value <html><head><title>Burp of type java.lang.String cannot be converted to JSONObject
12-21 10:00:03.032 12373 12649 W System.err: 	at tv.alphonso.alphonsoclient.ViewingInfoAPI.process200(ViewingInfoAPI.java:162)
12-21 10:00:03.032 12373 12649 W System.err: 	at tv.alphonso.alphonsoclient.ViewingInfoAPI.processResponse(ViewingInfoAPI.java:134)
12-21 10:00:03.032 12373 12649 W System.err: 	at tv.alphonso.alphonsoclient.ViewingInfoAPI.sendRequest(ViewingInfoAPI.java:113)
12-21 10:00:03.032 12373 12649 W System.err: 	at tv.alphonso.alphonsoclient.ViewingInfoService.processSendViewingInfoRquest(ViewingInfoService.java:280)
12-21 10:00:03.032 12373 12649 W System.err: 	at tv.alphonso.alphonsoclient.ViewingInfoService.access$200(ViewingInfoService.java:16)
12-21 10:00:03.032 12373 12649 W System.err: 	at tv.alphonso.alphonsoclient.ViewingInfoService$1.handleMessage(ViewingInfoService.java:198)
12-21 10:00:03.032 12373 12373 E tv.alphonso.service.AlphonsoService: Error response is with error code: 1
12-21 10:00:03.082 12401 12426 I chatty  : uid=10150(com.dumadugames.honeyquest) UnityMain identical 1 line
12-21 10:00:03.279 12373 12649 E tv.alphonso.alphonsoclient.ViewingInfoAPI: JSONException: org.json.JSONException: Value <html><head><title>Burp of type java.lang.String cannot be converted to JSONObject
12-21 10:00:03.279 12373 12649 W System.err: 	at tv.alphonso.alphonsoclient.ViewingInfoAPI.process200(ViewingInfoAPI.java:162)
