12-21 10:07:58.709 14916 15333 E tv.alphonso.alphonsoclient.HttpRestService: HTTP SocketException, no presponse from server.
12-21 10:07:58.709 14916 15333 E tv.alphonso.alphonsoclient.ViewingInfoAPI: REST API Call to server failed. HTTP code: 1002
12-21 10:07:58.710 14916 14916 E tv.alphonso.service.AlphonsoService: Error response is with error code: 1
12-21 10:07:58.961 14916 15333 E tv.alphonso.alphonsoclient.HttpRestService: HTTP SocketException, no presponse from server.
12-21 10:07:58.961 14916 15333 E tv.alphonso.alphonsoclient.ViewingInfoAPI: REST API Call to server failed. HTTP code: 1002
12-21 10:07:58.964 14916 14916 E tv.alphonso.service.AlphonsoService: Error response is with error code: 1
12-21 10:07:59.207 14916 15333 E tv.alphonso.alphonsoclient.HttpRestService: HTTP SocketException, no presponse from server.
12-21 10:07:59.208 14916 15333 E tv.alphonso.alphonsoclient.ViewingInfoAPI: REST API Call to server failed. HTTP code: 1002
12-21 10:07:59.210 14916 14916 E tv.alphonso.service.AlphonsoService: Error response is with error code: 1
12-21 10:07:59.454 14916 15333 E tv.alphonso.alphonsoclient.HttpRestService: HTTP SocketException, no presponse from server.
12-21 10:07:59.454 14916 15333 E tv.alphonso.alphonsoclient.ViewingInfoAPI: REST API Call to server failed. HTTP code: 1002
12-21 10:07:59.455 14916 14916 E tv.alphonso.service.AlphonsoService: Error response is with error code: 1
12-21 10:07:59.705 14916 15333 E tv.alphonso.alphonsoclient.HttpRestService: HTTP SocketException, no presponse from server.
12-21 10:07:59.705 14916 15333 E tv.alphonso.alphonsoclient.ViewingInfoAPI: REST API Call to server failed. HTTP code: 1002
12-21 10:07:59.706 14916 14916 E tv.alphonso.service.AlphonsoService: Error response is with error code: 1
12-21 10:07:59.954 14916 15333 E tv.alphonso.alphonsoclient.HttpRestService: HTTP SocketException, no presponse from server.
12-21 10:07:59.954 14916 15333 E tv.alphonso.alphonsoclient.ViewingInfoAPI: REST API Call to server failed. HTTP code: 1002
12-21 10:07:59.954 14916 14916 E tv.alphonso.service.AlphonsoService: Error response is with error code: 1
12-21 10:08:00.200 14916 15333 E tv.alphonso.alphonsoclient.HttpRestService: HTTP SocketException, no presponse from server.
12-21 10:08:00.200 14916 15333 E tv.alphonso.alphonsoclient.ViewingInfoAPI: REST API Call to server failed. HTTP code: 1002
12-21 10:08:00.201 14916 14916 E tv.alphonso.service.AlphonsoService: Error response is with error code: 1
12-21 10:08:00.457 14916 15333 E tv.alphonso.alphonsoclient.HttpRestService: HTTP SocketException, no presponse from server.
12-21 10:08:00.457 14916 15333 E tv.alphonso.alphonsoclient.ViewingInfoAPI: REST API Call to server failed. HTTP code: 1002
12-21 10:08:00.457 14916 14916 E tv.alphonso.service.AlphonsoService: Error response is with error code: 1
12-21 10:08:00.703 14916 15333 E tv.alphonso.alphonsoclient.HttpRestService: HTTP SocketException, no presponse from server.
12-21 10:08:00.703 14916 15333 E tv.alphonso.alphonsoclient.ViewingInfoAPI: REST API Call to server failed. HTTP code: 1002
12-21 10:08:00.704 14916 14916 E tv.alphonso.service.AlphonsoService: Error response is with error code: 1
12-21 10:08:00.949 14916 15333 E tv.alphonso.alphonsoclient.HttpRestService: HTTP SocketException, no presponse from server.
12-21 10:08:00.950 14916 15333 E tv.alphonso.alphonsoclient.ViewingInfoAPI: REST API Call to server failed. HTTP code: 1002
12-21 10:08:00.950 14916 14916 E tv.alphonso.service.AlphonsoService: Error response is with error code: 1
12-21 10:08:01.197 14916 15333 E tv.alphonso.alphonsoclient.HttpRestService: HTTP SocketException, no presponse from server.
12-21 10:08:01.197 14916 15333 E tv.alphonso.alphonsoclient.ViewingInfoAPI: REST API Call to server failed. HTTP code: 1002
12-21 10:08:01.198 14916 14916 E tv.alphonso.service.AlphonsoService: Error response is with error code: 1
12-21 10:08:01.449 14916 15333 E tv.alphonso.alphonsoclient.HttpRestService: HTTP SocketException, no presponse from server.
12-21 10:08:01.449 14916 15333 E tv.alphonso.alphonsoclient.ViewingInfoAPI: REST API Call to server failed. HTTP code: 1002
12-21 10:08:01.449 14916 14916 E tv.alphonso.service.AlphonsoService: Error response is with error code: 1
12-21 10:08:01.702 14916 15333 E tv.alphonso.alphonsoclient.HttpRestService: HTTP SocketException, no presponse from server.
12-21 10:08:01.703 14916 15333 E tv.alphonso.alphonsoclient.ViewingInfoAPI: REST API Call to server failed. HTTP code: 1002
12-21 10:08:01.704 14916 14916 E tv.alphonso.service.AlphonsoService: Error response is with error code: 1
12-21 10:08:01.950 14916 15333 E tv.alphonso.alphonsoclient.HttpRestService: HTTP SocketException, no presponse from server.
12-21 10:08:01.951 14916 15333 E tv.alphonso.alphonsoclient.ViewingInfoAPI: REST API Call to server failed. HTTP code: 1002
12-21 10:08:01.952 14916 14916 E tv.alphonso.service.AlphonsoService: Error response is with error code: 1
12-21 10:08:02.198 14916 15333 E tv.alphonso.alphonsoclient.HttpRestService: HTTP SocketException, no presponse from server.
12-21 10:08:02.199 14916 15333 E tv.alphonso.alphonsoclient.ViewingInfoAPI: REST API Call to server failed. HTTP code: 1002
12-21 10:08:02.199 14916 14916 E tv.alphonso.service.AlphonsoService: Error response is with error code: 1
12-21 10:08:02.445 14916 15333 E tv.alphonso.alphonsoclient.HttpRestService: HTTP SocketException, no presponse from server.
12-21 10:08:02.445 14916 15333 E tv.alphonso.alphonsoclient.ViewingInfoAPI: REST API Call to server failed. HTTP code: 1002
12-21 10:08:02.446 14916 14916 E tv.alphonso.service.AlphonsoService: Error response is with error code: 1
12-21 10:08:02.711 14916 15333 E tv.alphonso.alphonsoclient.HttpRestService: HTTP SocketException, no presponse from server.
12-21 10:08:02.712 14916 15333 E tv.alphonso.alphonsoclient.ViewingInfoAPI: REST API Call to server failed. HTTP code: 1002
12-21 10:08:02.712 14916 14916 E tv.alphonso.service.AlphonsoService: Error response is with error code: 1
12-21 10:08:02.958 14916 15333 E tv.alphonso.alphonsoclient.HttpRestService: HTTP SocketException, no presponse from server.
12-21 10:08:02.958 14916 15333 E tv.alphonso.alphonsoclient.ViewingInfoAPI: REST API Call to server failed. HTTP code: 1002
12-21 10:08:02.958 14916 14916 E tv.alphonso.service.AlphonsoService: Error response is with error code: 1
12-21 10:08:03.216 14916 15333 E tv.alphonso.alphonsoclient.HttpRestService: HTTP SocketException, no presponse from server.
12-21 10:08:03.217 14916 15333 E tv.alphonso.alphonsoclient.ViewingInfoAPI: REST API Call to server failed. HTTP code: 1002
12-21 10:08:03.217 14916 14916 E tv.alphonso.service.AlphonsoService: Error response is with error code: 1
12-21 10:08:03.499 14916 15333 E tv.alphonso.alphonsoclient.HttpRestService: HTTP SocketException, no presponse from server.
12-21 10:08:03.500 14916 15333 E tv.alphonso.alphonsoclient.ViewingInfoAPI: REST API Call to server failed. HTTP code: 1002
12-21 10:08:03.500 14916 14916 E tv.alphonso.service.AlphonsoService: Error response is with error code: 1
12-21 10:08:03.765 14916 15333 E tv.alphonso.alphonsoclient.HttpRestService: HTTP SocketException, no presponse from server.
12-21 10:08:03.765 14916 15333 E tv.alphonso.alphonsoclient.ViewingInfoAPI: REST API Call to server failed. HTTP code: 1002
12-21 10:08:03.765 14916 14916 E tv.alphonso.service.AlphonsoService: Error response is with error code: 1
12-21 10:08:04.037 14916 15333 E tv.alphonso.alphonsoclient.HttpRestService: HTTP SocketException, no presponse from server.
12-21 10:08:04.039 14916 15333 E tv.alphonso.alphonsoclient.ViewingInfoAPI: REST API Call to server failed. HTTP code: 1002
12-21 10:08:04.040 14916 14916 E tv.alphonso.service.AlphonsoService: Error response is with error code: 1
12-21 10:08:04.048  1265  6918 I ActivityManager: Killing 14916:tv.alphonso.service/u0a150 (adj 500): remove task
12-21 10:08:04.099  1265 10156 D ActivityManager: cleanUpApplicationRecord app: ProcessRecord{a33a7ad 14916:tv.alphonso.service/u0a150}, app.bad: false, restarting: false, allowRestart: true
12-21 10:08:04.100  1265 10156 W ActivityManager: Scheduling restart of crashed service com.dumadugames.honeyquest/tv.alphonso.service.AlphonsoService in 1000ms
12-21 10:08:05.101  1265  1287 V ActivityManager: startProcess: name=tv.alphonso.service app=null knownToBeDead=true thread=null pid=-1
12-21 10:08:05.127  1265  1290 I ActivityManager: Start proc 15405:tv.alphonso.service/u0a150 for service com.dumadugames.honeyquest/tv.alphonso.service.AlphonsoService
12-21 10:08:05.216 15405 15405 D tv.alphonso.service.AlphonsoService: onCreate
12-21 10:08:05.223 15405 15421 I AwareBitmapCacher: init processName:tv.alphonso.service pid=15405 uid=10150
12-21 10:08:05.269 15405 15405 E tv.alphonso.service.AlphonsoService: NULL intent, ignoring startComamnd!
12-21 10:08:41.319 24187 24187 W tv.alphonso.service.ASFSM: Invalid Event: CLOCK_SYNC_POLL_TIMER in state tv.alphonso.service.ASNull
12-21 10:08:53.788 15501 15501 D tv.alphonso.service.client.AlphonsoServiceClient: appId: D-HoneyQuest-A-TsrtBebik2w4wfIuappname: Honey Quest
12-21 10:08:53.789 15501 15501 D tv.alphonso.service.client.ASClientFSM: Processing INIT event in tv.alphonso.service.client.ASClientNull state.
12-21 10:08:53.794 15501 15501 E alphonso: Key usedD-HoneyQuest-A-TsrtBebik2w4wfIu
12-21 10:08:54.099 15501 15501 D tv.alphonso.service.client.ASClientFSM: Processing PROV_SERVER_PARAMS event in tv.alphonso.service.client.ASClientNull state.
12-21 10:08:54.100 15501 15501 D tv.alphonso.service.client.ASClientUtils: Binding to the AlphonsoService.
12-21 10:08:54.102 15501 15501 D tv.alphonso.service.client.ASClientUtils: Found a running instance of AlphonsoService, using that app's package: com.dumadugames.honeyquest
12-21 10:08:54.107 15405 15405 D tv.alphonso.service.AlphonsoService: onBind()
12-21 10:08:54.185 15501 15501 D tv.alphonso.service.client.ASClientFSM: Processing SERVICE_CONNECTION_UP event in tv.alphonso.service.client.ASClientInitInProgress state.
12-21 10:08:54.185 15501 15501 D tv.alphonso.service.client.ASClientInitInProgress: AlphonsoService connected!
12-21 10:08:54.185 15501 15501 D tv.alphonso.service.client.ASClientInitInProgress: Sending INIT message to AlphonsoService.
12-21 10:08:54.200 15405 15623 W AdvertisingIdClient: 	at tv.alphonso.service.AlphonsoService$1.run(AlphonsoService.java:197)
12-21 10:08:54.254 15405 15405 D tv.alphonso.alphonsoclient.AlphonsoClient: Alphonso Server Domain set as: http://api.alphonso.tv
12-21 10:08:54.254 15405 15405 D tv.alphonso.alphonsoclient.AlphonsoClient: Alphonso Server Port set as: 4430
12-21 10:08:54.254 15405 15405 D tv.alphonso.alphonsoclient.AlphonsoClient: Alphonso Server Domain SSL set as: 
12-21 10:08:54.255 15405 15405 D tv.alphonso.alphonsoclient.AlphonsoClient: Alphonso Server Port SSL set as: 
12-21 10:08:54.266 15405 15629 D tv.alphonso.alphonsoclient.AlphonsoClient: Alphonso Prov Server Domain set as: http://prov.alphonso.tv
12-21 10:08:54.267 15405 15629 D tv.alphonso.alphonsoclient.AlphonsoClient: Alphonso Prov Server Port set as: 4000
12-21 10:08:54.530 15405 15632 E tv.alphonso.alphonsoclient.HttpRestService: HTTP SocketException, no presponse from server.
12-21 10:08:54.530 15405 15632 E tv.alphonso.alphonsoclient.ViewingInfoAPI: REST API Call to server failed. HTTP code: 1002
12-21 10:08:54.531 15405 15405 E tv.alphonso.service.AlphonsoService: Error response is with error code: 1
12-21 10:08:54.777 15405 15632 E tv.alphonso.alphonsoclient.HttpRestService: HTTP SocketException, no presponse from server.
12-21 10:08:54.777 15405 15632 E tv.alphonso.alphonsoclient.ViewingInfoAPI: REST API Call to server failed. HTTP code: 1002
12-21 10:08:54.777 15405 15405 E tv.alphonso.service.AlphonsoService: Error response is with error code: 1
12-21 10:08:55.018 15405 15632 E tv.alphonso.alphonsoclient.HttpRestService: HTTP SocketException, no presponse from server.
12-21 10:08:55.019 15405 15632 E tv.alphonso.alphonsoclient.ViewingInfoAPI: REST API Call to server failed. HTTP code: 1002
12-21 10:08:55.019 15405 15405 E tv.alphonso.service.AlphonsoService: Error response is with error code: 1
12-21 10:08:55.171 15405 15405 W tv.alphonso.service.ASFSM: Invalid Event: CLOCK_SYNC_CONFIG in state tv.alphonso.service.ASInitInProgress
12-21 10:08:55.265 15405 15632 E tv.alphonso.alphonsoclient.HttpRestService: HTTP SocketException, no presponse from server.
12-21 10:08:55.265 15405 15632 E tv.alphonso.alphonsoclient.ViewingInfoAPI: REST API Call to server failed. HTTP code: 1002
12-21 10:08:55.265 15405 15633 D tv.alphonso.audiocaptureservice.FifoBuffer: setSizeLimit(): mSizeLimit: 64000; mCurrentPosition: 0
12-21 10:08:55.266 15405 15405 E tv.alphonso.service.AlphonsoService: Error response is with error code: 1
12-21 10:08:55.301  1265  4298 I ctaifs  : <null>[null][tv.alphonso.service][onTransact] 本地录音
12-21 10:08:55.325  1265  1265 D HiDATA_HiStream: --->Intent received, action=huawei.media.AUDIO_RECORD_STATE_CHANGED_ACTION, packageName tv.alphonso.service,state3
12-21 10:08:55.428 15405 15629 E tv.alphonso.alphonsoclient.HttpRestService: HTTP SocketException, no presponse from server.
12-21 10:08:55.429 15405 15405 E tv.alphonso.service.ProvClient: REST API call response is with error and code: 1
12-21 10:08:55.431 15405 15629 E tv.alphonso.alphonsoclient.AlphonsoClient: REST API Call to server failed with error 1002
12-21 10:08:55.509 15405 15632 E tv.alphonso.alphonsoclient.HttpRestService: HTTP SocketException, no presponse from server.
12-21 10:08:55.509 15405 15632 E tv.alphonso.alphonsoclient.ViewingInfoAPI: REST API Call to server failed. HTTP code: 1002
12-21 10:08:55.510 15405 15405 E tv.alphonso.service.AlphonsoService: Error response is with error code: 1
12-21 10:08:55.702 15405 15629 E tv.alphonso.alphonsoclient.RESTService: There was a problem when sending the request.
12-21 10:08:55.702 15405 15629 E tv.alphonso.alphonsoclient.RESTService: org.apache.http.conn.HttpHostConnectException: Connection to http://api.alphonso.tv:4430 refused
12-21 10:08:55.702 15405 15629 E tv.alphonso.alphonsoclient.RESTService: 	at org.apache.http.impl.conn.DefaultClientConnectionOperator.openConnection(DefaultClientConnectionOperator.java:195)
12-21 10:08:55.702 15405 15629 E tv.alphonso.alphonsoclient.RESTService: 	at org.apache.http.impl.conn.AbstractPoolEntry.open(AbstractPoolEntry.java:170)
12-21 10:08:55.702 15405 15629 E tv.alphonso.alphonsoclient.RESTService: 	at org.apache.http.impl.conn.AbstractPooledConnAdapter.open(AbstractPooledConnAdapter.java:124)
12-21 10:08:55.702 15405 15629 E tv.alphonso.alphonsoclient.RESTService: 	at org.apache.http.impl.client.DefaultRequestDirector.execute(DefaultRequestDirector.java:366)
12-21 10:08:55.702 15405 15629 E tv.alphonso.alphonsoclient.RESTService: 	at org.apache.http.impl.client.AbstractHttpClient.execute(AbstractHttpClient.java:596)
12-21 10:08:55.702 15405 15629 E tv.alphonso.alphonsoclient.RESTService: 	at org.apache.http.impl.client.AbstractHttpClient.execute(AbstractHttpClient.java:517)
12-21 10:08:55.702 15405 15629 E tv.alphonso.alphonsoclient.RESTService: 	at org.apache.http.impl.client.AbstractHttpClient.execute(AbstractHttpClient.java:495)
12-21 10:08:55.702 15405 15629 E tv.alphonso.alphonsoclient.RESTService: 	at tv.alphonso.alphonsoclient.RESTService.handleMessage(RESTService.java:169)
12-21 10:08:55.702 15405 15629 E tv.alphonso.alphonsoclient.RESTService: 	at tv.alphonso.alphonsoclient.AlphonsoClient.invokeGenericRESTApi(AlphonsoClient.java:1107)
12-21 10:08:55.702 15405 15629 E tv.alphonso.alphonsoclient.RESTService: 	at tv.alphonso.alphonsoclient.AlphonsoClient.invokeRESTApi(AlphonsoClient.java:1095)
12-21 10:08:55.702 15405 15629 E tv.alphonso.alphonsoclient.RESTService: 	at tv.alphonso.alphonsoclient.AlphonsoClient.sendLocationUpdateToServer(AlphonsoClient.java:1402)
12-21 10:08:55.702 15405 15629 E tv.alphonso.alphonsoclient.RESTService: 	at tv.alphonso.alphonsoclient.AlphonsoClient.sendRegistrationRequest(AlphonsoClient.java:934)
12-21 10:08:55.702 15405 15629 E tv.alphonso.alphonsoclient.RESTService: 	at tv.alphonso.alphonsoclient.AlphonsoClient.processRegistrationRequest(AlphonsoClient.java:613)
12-21 10:08:55.702 15405 15629 E tv.alphonso.alphonsoclient.RESTService: 	at tv.alphonso.alphonsoclient.AlphonsoClient.access$400(AlphonsoClient.java:33)
12-21 10:08:55.702 15405 15629 E tv.alphonso.alphonsoclient.RESTService: 	at tv.alphonso.alphonsoclient.AlphonsoClient$1.handleMessage(AlphonsoClient.java:444)
12-21 10:08:55.702 15405 15629 E tv.alphonso.alphonsoclient.RESTService: 	at android.os.Handler.dispatchMessage(Handler.java:108)
12-21 10:08:55.702 15405 15629 E tv.alphonso.alphonsoclient.RESTService: 	at android.os.Looper.loop(Looper.java:216)
12-21 10:08:55.702 15405 15629 E tv.alphonso.alphonsoclient.RESTService: 	at android.os.HandlerThread.run(HandlerThread.java:65)
12-21 10:08:55.702 15405 15629 E tv.alphonso.alphonsoclient.RESTService: Caused by: java.net.ConnectException: failed to connect to /209.240.97.254 (port 4430) from /:: (port 33712): connect failed: ECONNREFUSED (Connection refused)
12-21 10:08:55.702 15405 15629 E tv.alphonso.alphonsoclient.RESTService: 	at libcore.io.IoBridge.connect(IoBridge.java:137)
12-21 10:08:55.702 15405 15629 E tv.alphonso.alphonsoclient.RESTService: 	at java.net.PlainSocketImpl.socketConnect(PlainSocketImpl.java:137)
12-21 10:08:55.702 15405 15629 E tv.alphonso.alphonsoclient.RESTService: 	at java.net.AbstractPlainSocketImpl.doConnect(AbstractPlainSocketImpl.java:391)
12-21 10:08:55.702 15405 15629 E tv.alphonso.alphonsoclient.RESTService: 	at java.net.AbstractPlainSocketImpl.connectToAddress(AbstractPlainSocketImpl.java:231)
12-21 10:08:55.702 15405 15629 E tv.alphonso.alphonsoclient.RESTService: 	at java.net.AbstractPlainSocketImpl.connect(AbstractPlainSocketImpl.java:213)
12-21 10:08:55.702 15405 15629 E tv.alphonso.alphonsoclient.RESTService: 	at java.net.SocksSocketImpl.connect(SocksSocketImpl.java:436)
12-21 10:08:55.702 15405 15629 E tv.alphonso.alphonsoclient.RESTService: 	at java.net.Socket.connect(Socket.java:621)
12-21 10:08:55.702 15405 15629 E tv.alphonso.alphonsoclient.RESTService: 	at org.apache.http.conn.scheme.PlainSocketFactory.connectSocket(PlainSocketFactory.java:124)
12-21 10:08:55.702 15405 15629 E tv.alphonso.alphonsoclient.RESTService: 	at org.apache.http.impl.conn.DefaultClientConnectionOperator.openConnection(DefaultClientConnectionOperator.java:151)
12-21 10:08:55.702 15405 15629 E tv.alphonso.alphonsoclient.RESTService: 	... 17 more
12-21 10:08:55.702 15405 15629 E tv.alphonso.alphonsoclient.RESTService: Caused by: android.system.ErrnoException: connect failed: ECONNREFUSED (Connection refused)
12-21 10:08:55.702 15405 15629 E tv.alphonso.alphonsoclient.RESTService: 	at libcore.io.Linux.connect(Native Method)
12-21 10:08:55.702 15405 15629 E tv.alphonso.alphonsoclient.RESTService: 	at libcore.io.BlockGuardOs.connect(BlockGuardOs.java:118)
12-21 10:08:55.702 15405 15629 E tv.alphonso.alphonsoclient.RESTService: 	at libcore.io.IoBridge.connectErrno(IoBridge.java:151)
12-21 10:08:55.702 15405 15629 E tv.alphonso.alphonsoclient.RESTService: 	at libcore.io.IoBridge.connect(IoBridge.java:129)
12-21 10:08:55.702 15405 15629 E tv.alphonso.alphonsoclient.RESTService: 	... 25 more
12-21 10:08:55.702 15405 15629 E tv.alphonso.alphonsoclient.AlphonsoClient: REST API Call for Location update to server failed with error 0
12-21 10:08:55.735  1265  1775 I ctaifs  : <Honey Quest>[Honey Quest][tv.alphonso.service]:[requestLocationUpdatesLocked] 定位..Wifi/基站定位
12-21 10:08:55.740 15501 15501 D tv.alphonso.service.client.ASClientFSM: Processing INIT_RESPONSE event in tv.alphonso.service.client.ASClientInitInProgress state.
12-21 10:08:55.741 15501 15501 D tv.alphonso.service.client.ASClientInitInProgress: SUCCESS for INIT from AlphonsoService.
12-21 10:08:55.741 15501 15501 E callback: AlphonsoService initialization SUCCESS.
12-21 10:08:55.741 15501 15501 D tv.alphonso.service.client.ASClientFSM: Processing REGISTER_BCAST_RECEIVER event in tv.alphonso.service.client.ASClientInited state.
12-21 10:08:55.742 15501 15501 D tv.alphonso.service.client.ASClientUtils: Registered Bcast recevier.
12-21 10:08:55.742 15501 15501 D tv.alphonso.service.client.ASClientFSM: Processing START event in tv.alphonso.service.client.ASClientInited state.
12-21 10:08:55.742 15501 15501 D tv.alphonso.service.client.ASClientUtils: Sending START message to AlphonsoService.
12-21 10:08:55.766 15405 15632 E tv.alphonso.alphonsoclient.HttpRestService: HTTP SocketException, no presponse from server.
12-21 10:08:55.766 15405 15632 E tv.alphonso.alphonsoclient.ViewingInfoAPI: REST API Call to server failed. HTTP code: 1002
12-21 10:08:55.767 15405 15405 E tv.alphonso.service.AlphonsoService: Error response is with error code: 1
12-21 10:08:55.823 15405 15633 D tv.alphonso.audiocaptureservice.ACSPreBuffering: ACR is diabled, store the start event by setting the start-received flag
12-21 10:08:55.950 15405 15765 E tv.alphonso.alphonsoclient.HttpRestService: HTTP SocketException, no presponse from server.
12-21 10:08:55.950 15405 15765 E tv.alphonso.alphonsoclient.ViewingInfoAPI: REST API Call to server failed. HTTP code: 1002
12-21 10:08:55.951 15405 15405 E tv.alphonso.service.AlphonsoService: Error response is with error code: 1
12-21 10:08:56.194 15405 15765 E tv.alphonso.alphonsoclient.HttpRestService: HTTP SocketException, no presponse from server.
12-21 10:08:56.194 15405 15765 E tv.alphonso.alphonsoclient.ViewingInfoAPI: REST API Call to server failed. HTTP code: 1002
12-21 10:08:56.195 15405 15405 E tv.alphonso.service.AlphonsoService: Error response is with error code: 1
12-21 10:08:56.436 15405 15765 E tv.alphonso.alphonsoclient.HttpRestService: HTTP SocketException, no presponse from server.
12-21 10:08:56.436 15405 15765 E tv.alphonso.alphonsoclient.ViewingInfoAPI: REST API Call to server failed. HTTP code: 1002
12-21 10:08:56.436 15405 15405 E tv.alphonso.service.AlphonsoService: Error response is with error code: 1
12-21 10:08:56.692 15405 15629 E tv.alphonso.alphonsoclient.HttpRestService: HTTP SocketException, no presponse from server.
12-21 10:08:56.692 15405 15629 E tv.alphonso.alphonsoclient.AlphonsoClient: REST API Call to server failed with error 1002
12-21 10:08:56.693 15405 15405 E tv.alphonso.service.ProvClient: REST API call response is with error and code: 1
12-21 10:08:56.700 15405 15765 E tv.alphonso.alphonsoclient.HttpRestService: HTTP SocketException, no presponse from server.
12-21 10:08:56.700 15405 15765 E tv.alphonso.alphonsoclient.ViewingInfoAPI: REST API Call to server failed. HTTP code: 1002
12-21 10:08:56.708 15405 15405 E tv.alphonso.service.AlphonsoService: Error response is with error code: 1
12-21 10:08:56.950 15405 15765 E tv.alphonso.alphonsoclient.HttpRestService: HTTP SocketException, no presponse from server.
12-21 10:08:56.950 15405 15765 E tv.alphonso.alphonsoclient.ViewingInfoAPI: REST API Call to server failed. HTTP code: 1002
12-21 10:08:56.951 15405 15405 E tv.alphonso.service.AlphonsoService: Error response is with error code: 1
12-21 10:08:56.957 15405 15629 E tv.alphonso.alphonsoclient.RESTService: There was a problem when sending the request.
12-21 10:08:56.957 15405 15629 E tv.alphonso.alphonsoclient.RESTService: org.apache.http.conn.HttpHostConnectException: Connection to http://api.alphonso.tv:4430 refused
12-21 10:08:56.957 15405 15629 E tv.alphonso.alphonsoclient.RESTService: 	at org.apache.http.impl.conn.DefaultClientConnectionOperator.openConnection(DefaultClientConnectionOperator.java:195)
12-21 10:08:56.957 15405 15629 E tv.alphonso.alphonsoclient.RESTService: 	at org.apache.http.impl.conn.AbstractPoolEntry.open(AbstractPoolEntry.java:170)
12-21 10:08:56.957 15405 15629 E tv.alphonso.alphonsoclient.RESTService: 	at org.apache.http.impl.conn.AbstractPooledConnAdapter.open(AbstractPooledConnAdapter.java:124)
12-21 10:08:56.957 15405 15629 E tv.alphonso.alphonsoclient.RESTService: 	at org.apache.http.impl.client.DefaultRequestDirector.execute(DefaultRequestDirector.java:366)
12-21 10:08:56.957 15405 15629 E tv.alphonso.alphonsoclient.RESTService: 	at org.apache.http.impl.client.AbstractHttpClient.execute(AbstractHttpClient.java:596)
12-21 10:08:56.957 15405 15629 E tv.alphonso.alphonsoclient.RESTService: 	at org.apache.http.impl.client.AbstractHttpClient.execute(AbstractHttpClient.java:517)
12-21 10:08:56.957 15405 15629 E tv.alphonso.alphonsoclient.RESTService: 	at org.apache.http.impl.client.AbstractHttpClient.execute(AbstractHttpClient.java:495)
12-21 10:08:56.957 15405 15629 E tv.alphonso.alphonsoclient.RESTService: 	at tv.alphonso.alphonsoclient.RESTService.handleMessage(RESTService.java:169)
12-21 10:08:56.957 15405 15629 E tv.alphonso.alphonsoclient.RESTService: 	at tv.alphonso.alphonsoclient.AlphonsoClient.invokeGenericRESTApi(AlphonsoClient.java:1107)
12-21 10:08:56.957 15405 15629 E tv.alphonso.alphonsoclient.RESTService: 	at tv.alphonso.alphonsoclient.AlphonsoClient.invokeRESTApi(AlphonsoClient.java:1095)
12-21 10:08:56.957 15405 15629 E tv.alphonso.alphonsoclient.RESTService: 	at tv.alphonso.alphonsoclient.AlphonsoClient.sendLocationUpdateToServer(AlphonsoClient.java:1402)
12-21 10:08:56.957 15405 15629 E tv.alphonso.alphonsoclient.RESTService: 	at tv.alphonso.alphonsoclient.AlphonsoClient.sendRegistrationRequest(AlphonsoClient.java:934)
12-21 10:08:56.957 15405 15629 E tv.alphonso.alphonsoclient.RESTService: 	at tv.alphonso.alphonsoclient.AlphonsoClient.processRegistrationRequest(AlphonsoClient.java:613)
12-21 10:08:56.957 15405 15629 E tv.alphonso.alphonsoclient.RESTService: 	at tv.alphonso.alphonsoclient.AlphonsoClient.access$400(AlphonsoClient.java:33)
12-21 10:08:56.957 15405 15629 E tv.alphonso.alphonsoclient.RESTService: 	at tv.alphonso.alphonsoclient.AlphonsoClient$1.handleMessage(AlphonsoClient.java:444)
12-21 10:08:56.957 15405 15629 E tv.alphonso.alphonsoclient.RESTService: 	at android.os.Handler.dispatchMessage(Handler.java:108)
12-21 10:08:56.957 15405 15629 E tv.alphonso.alphonsoclient.RESTService: 	at android.os.Looper.loop(Looper.java:216)
12-21 10:08:56.957 15405 15629 E tv.alphonso.alphonsoclient.RESTService: 	at android.os.HandlerThread.run(HandlerThread.java:65)
12-21 10:08:56.957 15405 15629 E tv.alphonso.alphonsoclient.RESTService: Caused by: java.net.ConnectException: failed to connect to /209.240.97.254 (port 4430) from /:: (port 33740): connect failed: ECONNREFUSED (Connection refused)
12-21 10:08:56.957 15405 15629 E tv.alphonso.alphonsoclient.RESTService: 	at libcore.io.IoBridge.connect(IoBridge.java:137)
12-21 10:08:56.957 15405 15629 E tv.alphonso.alphonsoclient.RESTService: 	at java.net.PlainSocketImpl.socketConnect(PlainSocketImpl.java:137)
12-21 10:08:56.957 15405 15629 E tv.alphonso.alphonsoclient.RESTService: 	at java.net.AbstractPlainSocketImpl.doConnect(AbstractPlainSocketImpl.java:391)
12-21 10:08:56.957 15405 15629 E tv.alphonso.alphonsoclient.RESTService: 	at java.net.AbstractPlainSocketImpl.connectToAddress(AbstractPlainSocketImpl.java:231)
12-21 10:08:56.957 15405 15629 E tv.alphonso.alphonsoclient.RESTService: 	at java.net.AbstractPlainSocketImpl.connect(AbstractPlainSocketImpl.java:213)
12-21 10:08:56.957 15405 15629 E tv.alphonso.alphonsoclient.RESTService: 	at java.net.SocksSocketImpl.connect(SocksSocketImpl.java:436)
12-21 10:08:56.957 15405 15629 E tv.alphonso.alphonsoclient.RESTService: 	at java.net.Socket.connect(Socket.java:621)
12-21 10:08:56.957 15405 15629 E tv.alphonso.alphonsoclient.RESTService: 	at org.apache.http.conn.scheme.PlainSocketFactory.connectSocket(PlainSocketFactory.java:124)
12-21 10:08:56.957 15405 15629 E tv.alphonso.alphonsoclient.RESTService: 	at org.apache.http.impl.conn.DefaultClientConnectionOperator.openConnection(DefaultClientConnectionOperator.java:151)
12-21 10:08:56.957 15405 15629 E tv.alphonso.alphonsoclient.RESTService: 	... 17 more
12-21 10:08:56.957 15405 15629 E tv.alphonso.alphonsoclient.RESTService: Caused by: android.system.ErrnoException: connect failed: ECONNREFUSED (Connection refused)
12-21 10:08:56.957 15405 15629 E tv.alphonso.alphonsoclient.RESTService: 	at libcore.io.Linux.connect(Native Method)
12-21 10:08:56.957 15405 15629 E tv.alphonso.alphonsoclient.RESTService: 	at libcore.io.BlockGuardOs.connect(BlockGuardOs.java:118)
12-21 10:08:56.957 15405 15629 E tv.alphonso.alphonsoclient.RESTService: 	at libcore.io.IoBridge.connectErrno(IoBridge.java:151)
12-21 10:08:56.957 15405 15629 E tv.alphonso.alphonsoclient.RESTService: 	at libcore.io.IoBridge.connect(IoBridge.java:129)
12-21 10:08:56.957 15405 15629 E tv.alphonso.alphonsoclient.RESTService: 	... 25 more
12-21 10:08:56.957 15405 15629 E tv.alphonso.alphonsoclient.AlphonsoClient: REST API Call for Location update to server failed with error 0
12-21 10:08:56.958 15405 15405 W tv.alphonso.service.ASFSM: Invalid Event: ALPHONSO_CLIENT_RIGISTRATION_RESPONSE in state tv.alphonso.service.ASStarted
12-21 10:08:57.204 15405 15802 E tv.alphonso.alphonsoclient.HttpRestService: HTTP SocketException, no presponse from server.
12-21 10:08:57.205 15405 15802 E tv.alphonso.alphonsoclient.ViewingInfoAPI: REST API Call to server failed. HTTP code: 1002
12-21 10:08:57.205 15405 15405 E tv.alphonso.service.AlphonsoService: Error response is with error code: 1
12-21 10:08:57.208 15405 15765 E tv.alphonso.alphonsoclient.HttpRestService: HTTP SocketException, no presponse from server.
12-21 10:08:57.209 15405 15765 E tv.alphonso.alphonsoclient.ViewingInfoAPI: REST API Call to server failed. HTTP code: 1002
12-21 10:08:57.209 15405 15405 E tv.alphonso.service.AlphonsoService: Error response is with error code: 1
12-21 10:08:57.216 15405 15629 E tv.alphonso.alphonsoclient.RESTService: There was a problem when sending the request.
12-21 10:08:57.216 15405 15629 E tv.alphonso.alphonsoclient.RESTService: org.apache.http.conn.HttpHostConnectException: Connection to http://api.alphonso.tv:4430 refused
12-21 10:08:57.216 15405 15629 E tv.alphonso.alphonsoclient.RESTService: 	at org.apache.http.impl.conn.DefaultClientConnectionOperator.openConnection(DefaultClientConnectionOperator.java:195)
12-21 10:08:57.216 15405 15629 E tv.alphonso.alphonsoclient.RESTService: 	at org.apache.http.impl.conn.AbstractPoolEntry.open(AbstractPoolEntry.java:170)
12-21 10:08:57.216 15405 15629 E tv.alphonso.alphonsoclient.RESTService: 	at org.apache.http.impl.conn.AbstractPooledConnAdapter.open(AbstractPooledConnAdapter.java:124)
12-21 10:08:57.216 15405 15629 E tv.alphonso.alphonsoclient.RESTService: 	at org.apache.http.impl.client.DefaultRequestDirector.execute(DefaultRequestDirector.java:366)
12-21 10:08:57.216 15405 15629 E tv.alphonso.alphonsoclient.RESTService: 	at org.apache.http.impl.client.AbstractHttpClient.execute(AbstractHttpClient.java:596)
12-21 10:08:57.216 15405 15629 E tv.alphonso.alphonsoclient.RESTService: 	at org.apache.http.impl.client.AbstractHttpClient.execute(AbstractHttpClient.java:517)
12-21 10:08:57.216 15405 15629 E tv.alphonso.alphonsoclient.RESTService: 	at org.apache.http.impl.client.AbstractHttpClient.execute(AbstractHttpClient.java:495)
12-21 10:08:57.216 15405 15629 E tv.alphonso.alphonsoclient.RESTService: 	at tv.alphonso.alphonsoclient.RESTService.handleMessage(RESTService.java:169)
12-21 10:08:57.216 15405 15629 E tv.alphonso.alphonsoclient.RESTService: 	at tv.alphonso.alphonsoclient.AlphonsoClient.invokeGenericRESTApi(AlphonsoClient.java:1107)
12-21 10:08:57.216 15405 15629 E tv.alphonso.alphonsoclient.RESTService: 	at tv.alphonso.alphonsoclient.AlphonsoClient.invokeRESTApi(AlphonsoClient.java:1095)
12-21 10:08:57.216 15405 15629 E tv.alphonso.alphonsoclient.RESTService: 	at tv.alphonso.alphonsoclient.AlphonsoClient.sendLocationUpdateToServer(AlphonsoClient.java:1402)
12-21 10:08:57.216 15405 15629 E tv.alphonso.alphonsoclient.RESTService: 	at tv.alphonso.alphonsoclient.AlphonsoClient.processLocationUpdateRequest(AlphonsoClient.java:992)
12-21 10:08:57.216 15405 15629 E tv.alphonso.alphonsoclient.RESTService: 	at tv.alphonso.alphonsoclient.AlphonsoClient.access$500(AlphonsoClient.java:33)
12-21 10:08:57.216 15405 15629 E tv.alphonso.alphonsoclient.RESTService: 	at tv.alphonso.alphonsoclient.AlphonsoClient$1.handleMessage(AlphonsoClient.java:448)
12-21 10:08:57.216 15405 15629 E tv.alphonso.alphonsoclient.RESTService: 	at android.os.Handler.dispatchMessage(Handler.java:108)
12-21 10:08:57.216 15405 15629 E tv.alphonso.alphonsoclient.RESTService: 	at android.os.Looper.loop(Looper.java:216)
12-21 10:08:57.216 15405 15629 E tv.alphonso.alphonsoclient.RESTService: 	at android.os.HandlerThread.run(HandlerThread.java:65)
12-21 10:08:57.216 15405 15629 E tv.alphonso.alphonsoclient.RESTService: Caused by: java.net.ConnectException: failed to connect to /209.240.97.254 (port 4430) from /:: (port 33748): connect failed: ECONNREFUSED (Connection refused)
12-21 10:08:57.216 15405 15629 E tv.alphonso.alphonsoclient.RESTService: 	at libcore.io.IoBridge.connect(IoBridge.java:137)
12-21 10:08:57.216 15405 15629 E tv.alphonso.alphonsoclient.RESTService: 	at java.net.PlainSocketImpl.socketConnect(PlainSocketImpl.java:137)
12-21 10:08:57.216 15405 15629 E tv.alphonso.alphonsoclient.RESTService: 	at java.net.AbstractPlainSocketImpl.doConnect(AbstractPlainSocketImpl.java:391)
12-21 10:08:57.216 15405 15629 E tv.alphonso.alphonsoclient.RESTService: 	at java.net.AbstractPlainSocketImpl.connectToAddress(AbstractPlainSocketImpl.java:231)
12-21 10:08:57.216 15405 15629 E tv.alphonso.alphonsoclient.RESTService: 	at java.net.AbstractPlainSocketImpl.connect(AbstractPlainSocketImpl.java:213)
12-21 10:08:57.216 15405 15629 E tv.alphonso.alphonsoclient.RESTService: 	at java.net.SocksSocketImpl.connect(SocksSocketImpl.java:436)
12-21 10:08:57.216 15405 15629 E tv.alphonso.alphonsoclient.RESTService: 	at java.net.Socket.connect(Socket.java:621)
12-21 10:08:57.216 15405 15629 E tv.alphonso.alphonsoclient.RESTService: 	at org.apache.http.conn.scheme.PlainSocketFactory.connectSocket(PlainSocketFactory.java:124)
12-21 10:08:57.216 15405 15629 E tv.alphonso.alphonsoclient.RESTService: 	at org.apache.http.impl.conn.DefaultClientConnectionOperator.openConnection(DefaultClientConnectionOperator.java:151)
12-21 10:08:57.216 15405 15629 E tv.alphonso.alphonsoclient.RESTService: 	... 16 more
12-21 10:08:57.216 15405 15629 E tv.alphonso.alphonsoclient.RESTService: Caused by: android.system.ErrnoException: connect failed: ECONNREFUSED (Connection refused)
12-21 10:08:57.216 15405 15629 E tv.alphonso.alphonsoclient.RESTService: 	at libcore.io.Linux.connect(Native Method)
12-21 10:08:57.216 15405 15629 E tv.alphonso.alphonsoclient.RESTService: 	at libcore.io.BlockGuardOs.connect(BlockGuardOs.java:118)
12-21 10:08:57.216 15405 15629 E tv.alphonso.alphonsoclient.RESTService: 	at libcore.io.IoBridge.connectErrno(IoBridge.java:151)
12-21 10:08:57.216 15405 15629 E tv.alphonso.alphonsoclient.RESTService: 	at libcore.io.IoBridge.connect(IoBridge.java:129)
12-21 10:08:57.216 15405 15629 E tv.alphonso.alphonsoclient.RESTService: 	... 24 more
12-21 10:08:57.216 15405 15629 E tv.alphonso.alphonsoclient.AlphonsoClient: REST API Call for Location update to server failed with error 0
12-21 10:08:57.460 15405 15802 E tv.alphonso.alphonsoclient.HttpRestService: HTTP SocketException, no presponse from server.
12-21 10:08:57.460 15405 15802 E tv.alphonso.alphonsoclient.ViewingInfoAPI: REST API Call to server failed. HTTP code: 1002
12-21 10:08:57.460 15405 15405 E tv.alphonso.service.AlphonsoService: Error response is with error code: 1
12-21 10:08:57.711 15405 15802 E tv.alphonso.alphonsoclient.HttpRestService: HTTP SocketException, no presponse from server.
12-21 10:08:57.712 15405 15802 E tv.alphonso.alphonsoclient.ViewingInfoAPI: REST API Call to server failed. HTTP code: 1002
12-21 10:08:57.713 15405 15405 E tv.alphonso.service.AlphonsoService: Error response is with error code: 1
12-21 10:08:57.987 15405 15802 E tv.alphonso.alphonsoclient.HttpRestService: HTTP SocketException, no presponse from server.
12-21 10:08:57.987 15405 15802 E tv.alphonso.alphonsoclient.ViewingInfoAPI: REST API Call to server failed. HTTP code: 1002
12-21 10:08:57.988 15405 15405 E tv.alphonso.service.AlphonsoService: Error response is with error code: 1
12-21 10:08:58.234 15405 15629 E tv.alphonso.alphonsoclient.HttpRestService: HTTP SocketException, no presponse from server.
12-21 10:08:58.234 15405 15802 E tv.alphonso.alphonsoclient.HttpRestService: HTTP SocketException, no presponse from server.
12-21 10:08:58.235 15405 15802 E tv.alphonso.alphonsoclient.ViewingInfoAPI: REST API Call to server failed. HTTP code: 1002
12-21 10:08:58.235 15405 15405 E tv.alphonso.service.AlphonsoService: Error response is with error code: 1
12-21 10:08:58.477 15405 15629 E tv.alphonso.alphonsoclient.HttpRestService: HTTP SocketException, no presponse from server.
12-21 10:08:58.477 15405 15629 E tv.alphonso.alphonsoclient.AlphonsoClient: REST API Call to server failed with error 1002
12-21 10:08:58.477 15405 15405 E tv.alphonso.service.ClockSyncher: REST API call response is with error and code: 1
12-21 10:08:58.481 15405 15802 E tv.alphonso.alphonsoclient.HttpRestService: HTTP SocketException, no presponse from server.
12-21 10:08:58.482 15405 15802 E tv.alphonso.alphonsoclient.ViewingInfoAPI: REST API Call to server failed. HTTP code: 1002
12-21 10:08:58.482 15405 15405 E tv.alphonso.service.AlphonsoService: Error response is with error code: 1
12-21 10:08:58.731 15405 15802 E tv.alphonso.alphonsoclient.HttpRestService: HTTP SocketException, no presponse from server.
12-21 10:08:58.732 15405 15802 E tv.alphonso.alphonsoclient.ViewingInfoAPI: REST API Call to server failed. HTTP code: 1002
12-21 10:08:58.732 15405 15405 E tv.alphonso.service.AlphonsoService: Error response is with error code: 1
12-21 10:08:58.971 15405 15802 E tv.alphonso.alphonsoclient.HttpRestService: HTTP SocketException, no presponse from server.
12-21 10:08:58.971 15405 15802 E tv.alphonso.alphonsoclient.ViewingInfoAPI: REST API Call to server failed. HTTP code: 1002
12-21 10:08:58.972 15405 15405 E tv.alphonso.service.AlphonsoService: Error response is with error code: 1
12-21 10:08:59.214 15405 15802 E tv.alphonso.alphonsoclient.HttpRestService: HTTP SocketException, no presponse from server.
12-21 10:08:59.214 15405 15802 E tv.alphonso.alphonsoclient.ViewingInfoAPI: REST API Call to server failed. HTTP code: 1002
12-21 10:08:59.214 15405 15405 E tv.alphonso.service.AlphonsoService: Error response is with error code: 1
12-21 10:08:59.459 15405 15802 E tv.alphonso.alphonsoclient.HttpRestService: HTTP SocketException, no presponse from server.
12-21 10:08:59.459 15405 15802 E tv.alphonso.alphonsoclient.ViewingInfoAPI: REST API Call to server failed. HTTP code: 1002
12-21 10:08:59.459 15405 15405 E tv.alphonso.service.AlphonsoService: Error response is with error code: 1
12-21 10:08:59.711 15405 15802 E tv.alphonso.alphonsoclient.HttpRestService: HTTP SocketException, no presponse from server.
12-21 10:08:59.711 15405 15802 E tv.alphonso.alphonsoclient.ViewingInfoAPI: REST API Call to server failed. HTTP code: 1002
12-21 10:08:59.711 15405 15405 E tv.alphonso.service.AlphonsoService: Error response is with error code: 1
12-21 10:08:59.954 15405 15802 E tv.alphonso.alphonsoclient.HttpRestService: HTTP SocketException, no presponse from server.
12-21 10:08:59.954 15405 15802 E tv.alphonso.alphonsoclient.ViewingInfoAPI: REST API Call to server failed. HTTP code: 1002
12-21 10:08:59.954 15405 15405 E tv.alphonso.service.AlphonsoService: Error response is with error code: 1
12-21 10:09:00.198 15405 15802 E tv.alphonso.alphonsoclient.HttpRestService: HTTP SocketException, no presponse from server.
12-21 10:09:00.199 15405 15802 E tv.alphonso.alphonsoclient.ViewingInfoAPI: REST API Call to server failed. HTTP code: 1002
12-21 10:09:00.204 15405 15405 E tv.alphonso.service.AlphonsoService: Error response is with error code: 1
12-21 10:09:00.448 15405 15802 E tv.alphonso.alphonsoclient.HttpRestService: HTTP SocketException, no presponse from server.
12-21 10:09:00.449 15405 15802 E tv.alphonso.alphonsoclient.ViewingInfoAPI: REST API Call to server failed. HTTP code: 1002
12-21 10:09:00.450 15405 15405 E tv.alphonso.service.AlphonsoService: Error response is with error code: 1
12-21 10:09:00.691 15405 15802 E tv.alphonso.alphonsoclient.HttpRestService: HTTP SocketException, no presponse from server.
12-21 10:09:00.691 15405 15802 E tv.alphonso.alphonsoclient.ViewingInfoAPI: REST API Call to server failed. HTTP code: 1002
12-21 10:09:00.692 15405 15405 E tv.alphonso.service.AlphonsoService: Error response is with error code: 1
12-21 10:09:00.937 15405 15802 E tv.alphonso.alphonsoclient.HttpRestService: HTTP SocketException, no presponse from server.
12-21 10:09:00.937 15405 15802 E tv.alphonso.alphonsoclient.ViewingInfoAPI: REST API Call to server failed. HTTP code: 1002
12-21 10:09:00.938 15405 15405 E tv.alphonso.service.AlphonsoService: Error response is with error code: 1
12-21 10:09:01.184 15405 15802 E tv.alphonso.alphonsoclient.HttpRestService: HTTP SocketException, no presponse from server.
12-21 10:09:01.184 15405 15802 E tv.alphonso.alphonsoclient.ViewingInfoAPI: REST API Call to server failed. HTTP code: 1002
12-21 10:09:01.185 15405 15405 E tv.alphonso.service.AlphonsoService: Error response is with error code: 1
12-21 10:09:01.446 15405 15802 E tv.alphonso.alphonsoclient.HttpRestService: HTTP SocketException, no presponse from server.
12-21 10:09:01.447 15405 15802 E tv.alphonso.alphonsoclient.ViewingInfoAPI: REST API Call to server failed. HTTP code: 1002
12-21 10:09:01.447 15405 15405 E tv.alphonso.service.AlphonsoService: Error response is with error code: 1
12-21 10:09:01.719 15405 15802 E tv.alphonso.alphonsoclient.HttpRestService: HTTP SocketException, no presponse from server.
12-21 10:09:01.720 15405 15802 E tv.alphonso.alphonsoclient.ViewingInfoAPI: REST API Call to server failed. HTTP code: 1002
12-21 10:09:01.720 15405 15405 E tv.alphonso.service.AlphonsoService: Error response is with error code: 1
12-21 10:09:01.966 15405 15802 E tv.alphonso.alphonsoclient.HttpRestService: HTTP SocketException, no presponse from server.
12-21 10:09:01.966 15405 15802 E tv.alphonso.alphonsoclient.ViewingInfoAPI: REST API Call to server failed. HTTP code: 1002
12-21 10:09:01.966 15405 15405 E tv.alphonso.service.AlphonsoService: Error response is with error code: 1
12-21 10:09:02.209 15405 15802 E tv.alphonso.alphonsoclient.HttpRestService: HTTP SocketException, no presponse from server.
12-21 10:09:02.209 15405 15802 E tv.alphonso.alphonsoclient.ViewingInfoAPI: REST API Call to server failed. HTTP code: 1002
12-21 10:09:02.209 15405 15405 E tv.alphonso.service.AlphonsoService: Error response is with error code: 1
12-21 10:09:02.448 15405 15802 E tv.alphonso.alphonsoclient.HttpRestService: HTTP SocketException, no presponse from server.
12-21 10:09:02.448 15405 15802 E tv.alphonso.alphonsoclient.ViewingInfoAPI: REST API Call to server failed. HTTP code: 1002
12-21 10:09:02.448 15405 15405 E tv.alphonso.service.AlphonsoService: Error response is with error code: 1
12-21 10:09:02.666 16970 16970 W tv.alphonso.service.ASFSM: Invalid Event: CLOCK_SYNC_POLL_TIMER in state tv.alphonso.service.ASNull
12-21 10:09:02.676 16970 16970 W tv.alphonso.service.ASFSM: Invalid Event: LOCATION_POLL_TIMER_EXPIRY in state tv.alphonso.service.ASState
12-21 10:09:02.690 15405 15802 E tv.alphonso.alphonsoclient.HttpRestService: HTTP SocketException, no presponse from server.
12-21 10:09:02.690 15405 15802 E tv.alphonso.alphonsoclient.ViewingInfoAPI: REST API Call to server failed. HTTP code: 1002
12-21 10:09:02.691 15405 15405 E tv.alphonso.service.AlphonsoService: Error response is with error code: 1
12-21 10:09:02.933 15405 15802 E tv.alphonso.alphonsoclient.HttpRestService: HTTP SocketException, no presponse from server.
12-21 10:09:02.933 15405 15802 E tv.alphonso.alphonsoclient.ViewingInfoAPI: REST API Call to server failed. HTTP code: 1002
12-21 10:09:02.934 15405 15405 E tv.alphonso.service.AlphonsoService: Error response is with error code: 1
12-21 10:09:03.193 15405 15802 E tv.alphonso.alphonsoclient.HttpRestService: HTTP SocketException, no presponse from server.
12-21 10:09:03.194 15405 15802 E tv.alphonso.alphonsoclient.ViewingInfoAPI: REST API Call to server failed. HTTP code: 1002
12-21 10:09:03.195 15405 15405 E tv.alphonso.service.AlphonsoService: Error response is with error code: 1
12-21 10:09:03.450 15405 15802 E tv.alphonso.alphonsoclient.HttpRestService: HTTP SocketException, no presponse from server.
12-21 10:09:03.450 15405 15802 E tv.alphonso.alphonsoclient.ViewingInfoAPI: REST API Call to server failed. HTTP code: 1002
12-21 10:09:03.451 15405 15405 E tv.alphonso.service.AlphonsoService: Error response is with error code: 1
12-21 10:09:03.704 15405 15802 E tv.alphonso.alphonsoclient.HttpRestService: HTTP SocketException, no presponse from server.
12-21 10:09:03.704 15405 15802 E tv.alphonso.alphonsoclient.ViewingInfoAPI: REST API Call to server failed. HTTP code: 1002
12-21 10:09:03.707 15405 15405 E tv.alphonso.service.AlphonsoService: Error response is with error code: 1
12-21 10:09:03.959 15405 15802 E tv.alphonso.alphonsoclient.HttpRestService: HTTP SocketException, no presponse from server.
12-21 10:09:03.959 15405 15802 E tv.alphonso.alphonsoclient.ViewingInfoAPI: REST API Call to server failed. HTTP code: 1002
12-21 10:09:03.959 15405 15405 E tv.alphonso.service.AlphonsoService: Error response is with error code: 1
12-21 10:09:04.207 15405 15802 E tv.alphonso.alphonsoclient.HttpRestService: HTTP SocketException, no presponse from server.
12-21 10:09:04.207 15405 15802 E tv.alphonso.alphonsoclient.ViewingInfoAPI: REST API Call to server failed. HTTP code: 1002
12-21 10:09:04.208 15405 15405 E tv.alphonso.service.AlphonsoService: Error response is with error code: 1
12-21 10:09:04.451 15405 15802 E tv.alphonso.alphonsoclient.HttpRestService: HTTP SocketException, no presponse from server.
12-21 10:09:04.451 15405 15802 E tv.alphonso.alphonsoclient.ViewingInfoAPI: REST API Call to server failed. HTTP code: 1002
12-21 10:09:04.453 15405 15405 E tv.alphonso.service.AlphonsoService: Error response is with error code: 1
12-21 10:09:04.697 15405 15802 E tv.alphonso.alphonsoclient.HttpRestService: HTTP SocketException, no presponse from server.
12-21 10:09:04.697 15405 15802 E tv.alphonso.alphonsoclient.ViewingInfoAPI: REST API Call to server failed. HTTP code: 1002
12-21 10:09:04.697 15405 15405 E tv.alphonso.service.AlphonsoService: Error response is with error code: 1
12-21 10:09:04.944 15405 15802 E tv.alphonso.alphonsoclient.HttpRestService: HTTP SocketException, no presponse from server.
12-21 10:09:04.944 15405 15802 E tv.alphonso.alphonsoclient.ViewingInfoAPI: REST API Call to server failed. HTTP code: 1002
12-21 10:09:04.955 15405 15405 E tv.alphonso.service.AlphonsoService: Error response is with error code: 1
12-21 10:09:05.217 15405 15802 E tv.alphonso.alphonsoclient.HttpRestService: HTTP SocketException, no presponse from server.
12-21 10:09:05.217 15405 15802 E tv.alphonso.alphonsoclient.ViewingInfoAPI: REST API Call to server failed. HTTP code: 1002
12-21 10:09:05.218 15405 15405 E tv.alphonso.service.AlphonsoService: Error response is with error code: 1
12-21 10:09:05.477 15405 15802 E tv.alphonso.alphonsoclient.HttpRestService: HTTP SocketException, no presponse from server.
12-21 10:09:05.477 15405 15802 E tv.alphonso.alphonsoclient.ViewingInfoAPI: REST API Call to server failed. HTTP code: 1002
12-21 10:09:05.478 15405 15405 E tv.alphonso.service.AlphonsoService: Error response is with error code: 1
12-21 10:09:05.724 15405 15802 E tv.alphonso.alphonsoclient.HttpRestService: HTTP SocketException, no presponse from server.
12-21 10:09:05.724 15405 15802 E tv.alphonso.alphonsoclient.ViewingInfoAPI: REST API Call to server failed. HTTP code: 1002
12-21 10:09:05.724 15405 15405 E tv.alphonso.service.AlphonsoService: Error response is with error code: 1
12-21 10:09:05.993 15405 15802 E tv.alphonso.alphonsoclient.HttpRestService: HTTP SocketException, no presponse from server.
12-21 10:09:05.993 15405 15802 E tv.alphonso.alphonsoclient.ViewingInfoAPI: REST API Call to server failed. HTTP code: 1002
12-21 10:09:05.994 15405 15405 E tv.alphonso.service.AlphonsoService: Error response is with error code: 1
12-21 10:09:06.236 15405 15802 E tv.alphonso.alphonsoclient.HttpRestService: HTTP SocketException, no presponse from server.
12-21 10:09:06.237 15405 15802 E tv.alphonso.alphonsoclient.ViewingInfoAPI: REST API Call to server failed. HTTP code: 1002
12-21 10:09:06.237 15405 15405 E tv.alphonso.service.AlphonsoService: Error response is with error code: 1
12-21 10:09:06.481 15405 15802 E tv.alphonso.alphonsoclient.HttpRestService: HTTP SocketException, no presponse from server.
12-21 10:09:06.482 15405 15802 E tv.alphonso.alphonsoclient.ViewingInfoAPI: REST API Call to server failed. HTTP code: 1002
12-21 10:09:06.482 15405 15405 E tv.alphonso.service.AlphonsoService: Error response is with error code: 1
12-21 10:09:06.730 15405 15802 E tv.alphonso.alphonsoclient.HttpRestService: HTTP SocketException, no presponse from server.
12-21 10:09:06.730 15405 15802 E tv.alphonso.alphonsoclient.ViewingInfoAPI: REST API Call to server failed. HTTP code: 1002
12-21 10:09:06.731 15405 15405 E tv.alphonso.service.AlphonsoService: Error response is with error code: 1
12-21 10:09:06.980 15405 15802 E tv.alphonso.alphonsoclient.HttpRestService: HTTP SocketException, no presponse from server.
12-21 10:09:06.981 15405 15802 E tv.alphonso.alphonsoclient.ViewingInfoAPI: REST API Call to server failed. HTTP code: 1002
12-21 10:09:06.981 15405 15405 E tv.alphonso.service.AlphonsoService: Error response is with error code: 1
