12-21 10:00:03.279 12373 12649 W System.err: 	at tv.alphonso.alphonsoclient.ViewingInfoAPI.processResponse(ViewingInfoAPI.java:134)
12-21 10:00:03.279 12373 12649 W System.err: 	at tv.alphonso.alphonsoclient.ViewingInfoAPI.sendRequest(ViewingInfoAPI.java:113)
12-21 10:00:03.280 12373 12649 W System.err: 	at tv.alphonso.alphonsoclient.ViewingInfoService.processSendViewingInfoRquest(ViewingInfoService.java:280)
12-21 10:00:03.280 12373 12649 W System.err: 	at tv.alphonso.alphonsoclient.ViewingInfoService.access$200(ViewingInfoService.java:16)
12-21 10:00:03.280 12373 12649 W System.err: 	at tv.alphonso.alphonsoclient.ViewingInfoService$1.handleMessage(ViewingInfoService.java:198)
12-21 10:00:03.280 12373 12373 E tv.alphonso.service.AlphonsoService: Error response is with error code: 1
12-21 10:00:03.487 12401 12426 I chatty  : uid=10150(com.dumadugames.honeyquest) UnityMain identical 1 line
12-21 10:00:03.530 12373 12649 E tv.alphonso.alphonsoclient.ViewingInfoAPI: JSONException: org.json.JSONException: Value <html><head><title>Burp of type java.lang.String cannot be converted to JSONObject
12-21 10:00:03.530 12373 12649 W System.err: 	at tv.alphonso.alphonsoclient.ViewingInfoAPI.process200(ViewingInfoAPI.java:162)
12-21 10:00:03.530 12373 12649 W System.err: 	at tv.alphonso.alphonsoclient.ViewingInfoAPI.processResponse(ViewingInfoAPI.java:134)
12-21 10:00:03.530 12373 12649 W System.err: 	at tv.alphonso.alphonsoclient.ViewingInfoAPI.sendRequest(ViewingInfoAPI.java:113)
12-21 10:00:03.530 12373 12649 W System.err: 	at tv.alphonso.alphonsoclient.ViewingInfoService.processSendViewingInfoRquest(ViewingInfoService.java:280)
12-21 10:00:03.530 12373 12649 W System.err: 	at tv.alphonso.alphonsoclient.ViewingInfoService.access$200(ViewingInfoService.java:16)
12-21 10:00:03.530 12373 12649 W System.err: 	at tv.alphonso.alphonsoclient.ViewingInfoService$1.handleMessage(ViewingInfoService.java:198)
12-21 10:00:03.530 12373 12373 E tv.alphonso.service.AlphonsoService: Error response is with error code: 1
12-21 10:00:03.587 12401 12426 I chatty  : uid=10150(com.dumadugames.honeyquest) UnityMain identical 2 lines
12-21 10:00:03.721 12401 12426 I chatty  : uid=10150(com.dumadugames.honeyquest) UnityMain identical 1 line
12-21 10:00:03.780 12373 12649 E tv.alphonso.alphonsoclient.ViewingInfoAPI: JSONException: org.json.JSONException: Value <html><head><title>Burp of type java.lang.String cannot be converted to JSONObject
12-21 10:00:03.781 12373 12649 W System.err: 	at tv.alphonso.alphonsoclient.ViewingInfoAPI.process200(ViewingInfoAPI.java:162)
12-21 10:00:03.781 12373 12649 W System.err: 	at tv.alphonso.alphonsoclient.ViewingInfoAPI.processResponse(ViewingInfoAPI.java:134)
12-21 10:00:03.781 12373 12649 W System.err: 	at tv.alphonso.alphonsoclient.ViewingInfoAPI.sendRequest(ViewingInfoAPI.java:113)
12-21 10:00:03.781 12373 12649 W System.err: 	at tv.alphonso.alphonsoclient.ViewingInfoService.processSendViewingInfoRquest(ViewingInfoService.java:280)
12-21 10:00:03.781 12373 12649 W System.err: 	at tv.alphonso.alphonsoclient.ViewingInfoService.access$200(ViewingInfoService.java:16)
12-21 10:00:03.781 12373 12649 W System.err: 	at tv.alphonso.alphonsoclient.ViewingInfoService$1.handleMessage(ViewingInfoService.java:198)
12-21 10:00:03.781 12373 12373 E tv.alphonso.service.AlphonsoService: Error response is with error code: 1
12-21 10:00:03.825 12401 12426 I chatty  : uid=10150(com.dumadugames.honeyquest) UnityMain identical 2 lines
12-21 10:00:04.032 12373 12649 E tv.alphonso.alphonsoclient.ViewingInfoAPI: JSONException: org.json.JSONException: Value <html><head><title>Burp of type java.lang.String cannot be converted to JSONObject
12-21 10:00:04.033 12373 12649 W System.err: 	at tv.alphonso.alphonsoclient.ViewingInfoAPI.process200(ViewingInfoAPI.java:162)
12-21 10:00:04.033 12373 12649 W System.err: 	at tv.alphonso.alphonsoclient.ViewingInfoAPI.processResponse(ViewingInfoAPI.java:134)
12-21 10:00:04.033 12373 12649 W System.err: 	at tv.alphonso.alphonsoclient.ViewingInfoAPI.sendRequest(ViewingInfoAPI.java:113)
12-21 10:00:04.033 12373 12649 W System.err: 	at tv.alphonso.alphonsoclient.ViewingInfoService.processSendViewingInfoRquest(ViewingInfoService.java:280)
12-21 10:00:04.033 12373 12649 W System.err: 	at tv.alphonso.alphonsoclient.ViewingInfoService.access$200(ViewingInfoService.java:16)
12-21 10:00:04.033 12373 12649 W System.err: 	at tv.alphonso.alphonsoclient.ViewingInfoService$1.handleMessage(ViewingInfoService.java:198)
12-21 10:00:04.034 12373 12373 E tv.alphonso.service.AlphonsoService: Error response is with error code: 1
12-21 10:00:04.310 12373 12649 E tv.alphonso.alphonsoclient.ViewingInfoAPI: JSONException: org.json.JSONException: Value <html><head><title>Burp of type java.lang.String cannot be converted to JSONObject
12-21 10:00:04.311 12373 12649 W System.err: 	at tv.alphonso.alphonsoclient.ViewingInfoAPI.process200(ViewingInfoAPI.java:162)
12-21 10:00:04.311 12373 12649 W System.err: 	at tv.alphonso.alphonsoclient.ViewingInfoAPI.processResponse(ViewingInfoAPI.java:134)
12-21 10:00:04.311 12373 12649 W System.err: 	at tv.alphonso.alphonsoclient.ViewingInfoAPI.sendRequest(ViewingInfoAPI.java:113)
12-21 10:00:04.311 12373 12649 W System.err: 	at tv.alphonso.alphonsoclient.ViewingInfoService.processSendViewingInfoRquest(ViewingInfoService.java:280)
12-21 10:00:04.311 12373 12649 W System.err: 	at tv.alphonso.alphonsoclient.ViewingInfoService.access$200(ViewingInfoService.java:16)
12-21 10:00:04.311 12373 12649 W System.err: 	at tv.alphonso.alphonsoclient.ViewingInfoService$1.handleMessage(ViewingInfoService.java:198)
12-21 10:00:04.312 12373 12373 E tv.alphonso.service.AlphonsoService: Error response is with error code: 1
12-21 10:00:04.460 12401 12426 I chatty  : uid=10150(com.dumadugames.honeyquest) UnityMain identical 1 line
12-21 10:00:04.582 12373 12649 E tv.alphonso.alphonsoclient.ViewingInfoAPI: JSONException: org.json.JSONException: Value <html><head><title>Burp of type java.lang.String cannot be converted to JSONObject
12-21 10:00:04.583 12373 12649 W System.err: 	at tv.alphonso.alphonsoclient.ViewingInfoAPI.process200(ViewingInfoAPI.java:162)
12-21 10:00:04.583 12373 12649 W System.err: 	at tv.alphonso.alphonsoclient.ViewingInfoAPI.processResponse(ViewingInfoAPI.java:134)
12-21 10:00:04.583 12373 12649 W System.err: 	at tv.alphonso.alphonsoclient.ViewingInfoAPI.sendRequest(ViewingInfoAPI.java:113)
12-21 10:00:04.583 12373 12649 W System.err: 	at tv.alphonso.alphonsoclient.ViewingInfoService.processSendViewingInfoRquest(ViewingInfoService.java:280)
12-21 10:00:04.583 12373 12649 W System.err: 	at tv.alphonso.alphonsoclient.ViewingInfoService.access$200(ViewingInfoService.java:16)
12-21 10:00:04.583 12373 12649 W System.err: 	at tv.alphonso.alphonsoclient.ViewingInfoService$1.handleMessage(ViewingInfoService.java:198)
12-21 10:00:04.586 12373 12373 E tv.alphonso.service.AlphonsoService: Error response is with error code: 1
12-21 10:00:04.612 12401 12426 I chatty  : uid=10150(com.dumadugames.honeyquest) UnityMain identical 1 line
12-21 10:00:04.678 12401 12426 I chatty  : uid=10150(com.dumadugames.honeyquest) UnityMain identical 2 lines
12-21 10:00:04.853 12373 12649 E tv.alphonso.alphonsoclient.ViewingInfoAPI: JSONException: org.json.JSONException: Value <html><head><title>Burp of type java.lang.String cannot be converted to JSONObject
12-21 10:00:04.853 12373 12649 W System.err: 	at tv.alphonso.alphonsoclient.ViewingInfoAPI.process200(ViewingInfoAPI.java:162)
12-21 10:00:04.853 12373 12649 W System.err: 	at tv.alphonso.alphonsoclient.ViewingInfoAPI.processResponse(ViewingInfoAPI.java:134)
12-21 10:00:04.853 12373 12649 W System.err: 	at tv.alphonso.alphonsoclient.ViewingInfoAPI.sendRequest(ViewingInfoAPI.java:113)
12-21 10:00:04.853 12373 12649 W System.err: 	at tv.alphonso.alphonsoclient.ViewingInfoService.processSendViewingInfoRquest(ViewingInfoService.java:280)
12-21 10:00:04.853 12373 12649 W System.err: 	at tv.alphonso.alphonsoclient.ViewingInfoService.access$200(ViewingInfoService.java:16)
12-21 10:00:04.853 12373 12649 W System.err: 	at tv.alphonso.alphonsoclient.ViewingInfoService$1.handleMessage(ViewingInfoService.java:198)
12-21 10:00:04.854 12373 12373 E tv.alphonso.service.AlphonsoService: Error response is with error code: 1
12-21 10:00:04.914 12401 12426 I chatty  : uid=10150(com.dumadugames.honeyquest) UnityMain identical 1 line
12-21 10:00:05.014 12401 12426 I chatty  : uid=10150(com.dumadugames.honeyquest) UnityMain identical 4 lines
12-21 10:00:05.131 12373 12649 E tv.alphonso.alphonsoclient.ViewingInfoAPI: JSONException: org.json.JSONException: Value <html><head><title>Burp of type java.lang.String cannot be converted to JSONObject
12-21 10:00:05.131 12373 12649 W System.err: 	at tv.alphonso.alphonsoclient.ViewingInfoAPI.process200(ViewingInfoAPI.java:162)
12-21 10:00:05.131 12373 12649 W System.err: 	at tv.alphonso.alphonsoclient.ViewingInfoAPI.processResponse(ViewingInfoAPI.java:134)
12-21 10:00:05.131 12373 12649 W System.err: 	at tv.alphonso.alphonsoclient.ViewingInfoAPI.sendRequest(ViewingInfoAPI.java:113)
12-21 10:00:05.131 12373 12649 W System.err: 	at tv.alphonso.alphonsoclient.ViewingInfoService.processSendViewingInfoRquest(ViewingInfoService.java:280)
12-21 10:00:05.131 12373 12649 W System.err: 	at tv.alphonso.alphonsoclient.ViewingInfoService.access$200(ViewingInfoService.java:16)
12-21 10:00:05.131 12373 12649 W System.err: 	at tv.alphonso.alphonsoclient.ViewingInfoService$1.handleMessage(ViewingInfoService.java:198)
12-21 10:00:05.134 12373 12373 E tv.alphonso.service.AlphonsoService: Error response is with error code: 1
12-21 10:00:05.168   720   765 D AwareLog: iawared: WorkingsetProcessCommand subCmd = 352, userId=10150, pid=12401, com.dumadugames.honeyquest
12-21 10:00:05.168   720   765 D AwareLog: iawared: WorkingsetStop com.dumadugames.honeyquest
12-21 10:00:05.249 12401 12426 I chatty  : uid=10150(com.dumadugames.honeyquest) UnityMain identical 4 lines
12-21 10:00:05.402 12373 12649 E tv.alphonso.alphonsoclient.ViewingInfoAPI: JSONException: org.json.JSONException: Value <html><head><title>Burp of type java.lang.String cannot be converted to JSONObject
12-21 10:00:05.402 12401 12411 I ames.honeyques: Background concurrent copying GC freed 169924(9MB) AllocSpace objects, 36(1872KB) LOS objects, 70% free, 5MB/17MB, paused 409us total 118.650ms
12-21 10:00:05.409 12373 12649 W System.err: 	at tv.alphonso.alphonsoclient.ViewingInfoAPI.process200(ViewingInfoAPI.java:162)
12-21 10:00:05.409 12373 12649 W System.err: 	at tv.alphonso.alphonsoclient.ViewingInfoAPI.processResponse(ViewingInfoAPI.java:134)
12-21 10:00:05.410 12373 12649 W System.err: 	at tv.alphonso.alphonsoclient.ViewingInfoAPI.sendRequest(ViewingInfoAPI.java:113)
12-21 10:00:05.410 12373 12649 W System.err: 	at tv.alphonso.alphonsoclient.ViewingInfoService.processSendViewingInfoRquest(ViewingInfoService.java:280)
12-21 10:00:05.410 12373 12649 W System.err: 	at tv.alphonso.alphonsoclient.ViewingInfoService.access$200(ViewingInfoService.java:16)
12-21 10:00:05.410 12373 12649 W System.err: 	at tv.alphonso.alphonsoclient.ViewingInfoService$1.handleMessage(ViewingInfoService.java:198)
12-21 10:00:05.410 12373 12373 E tv.alphonso.service.AlphonsoService: Error response is with error code: 1
12-21 10:00:05.423 12401 12409 W SQLiteConnectionPool: A SQLiteConnection object for database '/data/user/0/com.dumadugames.honeyquest/databases/OfflineUpload.db' was leaked!  Please fix your application to end transactions in progress properly and to close the database when it is no longer needed.
12-21 10:00:05.424 12401 12409 W SQLiteConnectionPool: A SQLiteConnection object for database '/data/user/0/com.dumadugames.honeyquest/databases/OfflineUpload.db' was leaked!  Please fix your application to end transactions in progress properly and to close the database when it is no longer needed.
12-21 10:00:05.425 12401 12409 W SQLiteConnectionPool: A SQLiteConnection object for database '/data/user/0/com.dumadugames.honeyquest/databases/OfflineUpload.db' was leaked!  Please fix your application to end transactions in progress properly and to close the database when it is no longer needed.
12-21 10:00:05.426 12401 12409 W SQLiteConnectionPool: A SQLiteConnection object for database '/data/user/0/com.dumadugames.honeyquest/databases/OfflineUpload.db' was leaked!  Please fix your application to end transactions in progress properly and to close the database when it is no longer needed.
12-21 10:00:05.427 12401 12409 W SQLiteConnectionPool: A SQLiteConnection object for database '/data/user/0/com.dumadugames.honeyquest/databases/OfflineUpload.db' was leaked!  Please fix your application to end transactions in progress properly and to close the database when it is no longer needed.
12-21 10:00:05.427 12401 12409 W SQLiteConnectionPool: A SQLiteConnection object for database '/data/user/0/com.dumadugames.honeyquest/databases/OfflineUpload.db' was leaked!  Please fix your application to end transactions in progress properly and to close the database when it is no longer needed.
12-21 10:00:05.430 12401 12409 W SQLiteConnectionPool: A SQLiteConnection object for database '/data/user/0/com.dumadugames.honeyquest/databases/OfflineUpload.db' was leaked!  Please fix your application to end transactions in progress properly and to close the database when it is no longer needed.
12-21 10:00:05.433 12401 12409 W SQLiteConnectionPool: A SQLiteConnection object for database '/data/user/0/com.dumadugames.honeyquest/databases/OfflineUpload.db' was leaked!  Please fix your application to end transactions in progress properly and to close the database when it is no longer needed.
12-21 10:00:05.435 12401 12409 W SQLiteConnectionPool: A SQLiteConnection object for database '/data/user/0/com.dumadugames.honeyquest/databases/OfflineUpload.db' was leaked!  Please fix your application to end transactions in progress properly and to close the database when it is no longer needed.
12-21 10:00:05.436 12401 12409 W SQLiteConnectionPool: A SQLiteConnection object for database '/data/user/0/com.dumadugames.honeyquest/databases/OfflineUpload.db' was leaked!  Please fix your application to end transactions in progress properly and to close the database when it is no longer needed.
12-21 10:00:05.441 12401 12409 W SQLiteConnectionPool: A SQLiteConnection object for database '/data/user/0/com.dumadugames.honeyquest/databases/OfflineUpload.db' was leaked!  Please fix your application to end transactions in progress properly and to close the database when it is no longer needed.
12-21 10:00:05.442 12401 12409 W SQLiteConnectionPool: A SQLiteConnection object for database '/data/user/0/com.dumadugames.honeyquest/databases/OfflineUpload.db' was leaked!  Please fix your application to end transactions in progress properly and to close the database when it is no longer needed.
12-21 10:00:05.443 12401 12409 W SQLiteConnectionPool: A SQLiteConnection object for database '/data/user/0/com.dumadugames.honeyquest/databases/OfflineUpload.db' was leaked!  Please fix your application to end transactions in progress properly and to close the database when it is no longer needed.
12-21 10:00:05.445 12401 12409 W SQLiteConnectionPool: A SQLiteConnection object for database '/data/user/0/com.dumadugames.honeyquest/databases/OfflineUpload.db' was leaked!  Please fix your application to end transactions in progress properly and to close the database when it is no longer needed.
12-21 10:00:05.446 12401 12409 W SQLiteConnectionPool: A SQLiteConnection object for database '/data/user/0/com.dumadugames.honeyquest/databases/OfflineUpload.db' was leaked!  Please fix your application to end transactions in progress properly and to close the database when it is no longer needed.
12-21 10:00:05.447 12401 12409 W SQLiteConnectionPool: A SQLiteConnection object for database '/data/user/0/com.dumadugames.honeyquest/databases/OfflineUpload.db' was leaked!  Please fix your application to end transactions in progress properly and to close the database when it is no longer needed.
12-21 10:00:05.449 12401 12409 W SQLiteConnectionPool: A SQLiteConnection object for database '/data/user/0/com.dumadugames.honeyquest/databases/OfflineUpload.db' was leaked!  Please fix your application to end transactions in progress properly and to close the database when it is no longer needed.
12-21 10:00:05.450 12401 12409 W SQLiteConnectionPool: A SQLiteConnection object for database '/data/user/0/com.dumadugames.honeyquest/databases/OfflineUpload.db' was leaked!  Please fix your application to end transactions in progress properly and to close the database when it is no longer needed.
12-21 10:00:05.452 12401 12409 W SQLiteConnectionPool: A SQLiteConnection object for database '/data/user/0/com.dumadugames.honeyquest/databases/OfflineUpload.db' was leaked!  Please fix your application to end transactions in progress properly and to close the database when it is no longer needed.
12-21 10:00:05.454 12401 12409 W SQLiteConnectionPool: A SQLiteConnection object for database '/data/user/0/com.dumadugames.honeyquest/databases/OfflineUpload.db' was leaked!  Please fix your application to end transactions in progress properly and to close the database when it is no longer needed.
12-21 10:00:05.456 12401 12409 W SQLiteConnectionPool: A SQLiteConnection object for database '/data/user/0/com.dumadugames.honeyquest/databases/OfflineUpload.db' was leaked!  Please fix your application to end transactions in progress properly and to close the database when it is no longer needed.
12-21 10:00:05.458 12401 12409 W SQLiteConnectionPool: A SQLiteConnection object for database '/data/user/0/com.dumadugames.honeyquest/databases/OfflineUpload.db' was leaked!  Please fix your application to end transactions in progress properly and to close the database when it is no longer needed.
12-21 10:00:05.458 12401 12409 W SQLiteConnectionPool: A SQLiteConnection object for database '/data/user/0/com.dumadugames.honeyquest/databases/OfflineUpload.db' was leaked!  Please fix your application to end transactions in progress properly and to close the database when it is no longer needed.
12-21 10:00:05.470 12401 12409 W SQLiteConnectionPool: A SQLiteConnection object for database '/data/user/0/com.dumadugames.honeyquest/databases/OfflineUpload.db' was leaked!  Please fix your application to end transactions in progress properly and to close the database when it is no longer needed.
12-21 10:00:05.472 12401 12409 I chatty  : uid=10150(com.dumadugames.honeyquest) FinalizerDaemon identical 3 lines
12-21 10:00:05.475 12401 12409 I chatty  : uid=10150(com.dumadugames.honeyquest) FinalizerDaemon identical 11 lines
12-21 10:00:05.519 12401 12426 I chatty  : uid=10150(com.dumadugames.honeyquest) UnityMain identical 1 line
12-21 10:00:05.663 12373 12649 E tv.alphonso.alphonsoclient.ViewingInfoAPI: JSONException: org.json.JSONException: Value <html><head><title>Burp of type java.lang.String cannot be converted to JSONObject
12-21 10:00:05.664 12373 12649 W System.err: 	at tv.alphonso.alphonsoclient.ViewingInfoAPI.process200(ViewingInfoAPI.java:162)
12-21 10:00:05.664 12373 12649 W System.err: 	at tv.alphonso.alphonsoclient.ViewingInfoAPI.processResponse(ViewingInfoAPI.java:134)
12-21 10:00:05.664 12373 12649 W System.err: 	at tv.alphonso.alphonsoclient.ViewingInfoAPI.sendRequest(ViewingInfoAPI.java:113)
12-21 10:00:05.664 12373 12649 W System.err: 	at tv.alphonso.alphonsoclient.ViewingInfoService.processSendViewingInfoRquest(ViewingInfoService.java:280)
12-21 10:00:05.664 12373 12649 W System.err: 	at tv.alphonso.alphonsoclient.ViewingInfoService.access$200(ViewingInfoService.java:16)
12-21 10:00:05.664 12373 12649 W System.err: 	at tv.alphonso.alphonsoclient.ViewingInfoService$1.handleMessage(ViewingInfoService.java:198)
12-21 10:00:05.665 12373 12373 E tv.alphonso.service.AlphonsoService: Error response is with error code: 1
12-21 10:00:05.771 12401 12426 I chatty  : uid=10150(com.dumadugames.honeyquest) UnityMain identical 3 lines
12-21 10:00:05.872 12401 12426 I chatty  : uid=10150(com.dumadugames.honeyquest) UnityMain identical 1 line
12-21 10:00:05.930 12373 12649 E tv.alphonso.alphonsoclient.ViewingInfoAPI: JSONException: org.json.JSONException: Value <html><head><title>Burp of type java.lang.String cannot be converted to JSONObject
12-21 10:00:05.930 12373 12649 W System.err: 	at tv.alphonso.alphonsoclient.ViewingInfoAPI.process200(ViewingInfoAPI.java:162)
12-21 10:00:05.930 12373 12649 W System.err: 	at tv.alphonso.alphonsoclient.ViewingInfoAPI.processResponse(ViewingInfoAPI.java:134)
12-21 10:00:05.930 12373 12649 W System.err: 	at tv.alphonso.alphonsoclient.ViewingInfoAPI.sendRequest(ViewingInfoAPI.java:113)
12-21 10:00:05.930 12373 12649 W System.err: 	at tv.alphonso.alphonsoclient.ViewingInfoService.processSendViewingInfoRquest(ViewingInfoService.java:280)
12-21 10:00:05.930 12373 12649 W System.err: 	at tv.alphonso.alphonsoclient.ViewingInfoService.access$200(ViewingInfoService.java:16)
12-21 10:00:05.930 12373 12649 W System.err: 	at tv.alphonso.alphonsoclient.ViewingInfoService$1.handleMessage(ViewingInfoService.java:198)
12-21 10:00:05.930 12373 12373 E tv.alphonso.service.AlphonsoService: Error response is with error code: 1
12-21 10:00:05.989 12401 12426 I chatty  : uid=10150(com.dumadugames.honeyquest) UnityMain identical 2 lines
12-21 10:00:06.189  1265 12663 D HwWifiConnectivityMonitor: ENTER: notifyTopUidTcpInfo, rtt = 1296, rttPkts = 158, aveRtt = 8.202532, app = com.dumadugames.honeyquest
12-21 10:00:06.189  1265 12663 D HwUidTcpMonitor: parseWlanUidTcpStatistics lastUidTcpStatInfo = [ mUid = 10150 mPacketName = com.dumadugames.honeyquest mSendSegs = 38098 mResendSegs = 4 mRcvSegs = 38090 ]
12-21 10:00:06.200 12373 12649 E tv.alphonso.alphonsoclient.ViewingInfoAPI: JSONException: org.json.JSONException: Value <html><head><title>Burp of type java.lang.String cannot be converted to JSONObject
12-21 10:00:06.200 12373 12649 W System.err: 	at tv.alphonso.alphonsoclient.ViewingInfoAPI.process200(ViewingInfoAPI.java:162)
12-21 10:00:06.200 12373 12649 W System.err: 	at tv.alphonso.alphonsoclient.ViewingInfoAPI.processResponse(ViewingInfoAPI.java:134)
12-21 10:00:06.200 12373 12649 W System.err: 	at tv.alphonso.alphonsoclient.ViewingInfoAPI.sendRequest(ViewingInfoAPI.java:113)
12-21 10:00:06.200 12373 12649 W System.err: 	at tv.alphonso.alphonsoclient.ViewingInfoService.processSendViewingInfoRquest(ViewingInfoService.java:280)
12-21 10:00:06.200 12373 12649 W System.err: 	at tv.alphonso.alphonsoclient.ViewingInfoService.access$200(ViewingInfoService.java:16)
12-21 10:00:06.200 12373 12649 W System.err: 	at tv.alphonso.alphonsoclient.ViewingInfoService$1.handleMessage(ViewingInfoService.java:198)
12-21 10:00:06.201 12373 12373 E tv.alphonso.service.AlphonsoService: Error response is with error code: 1
12-21 10:00:06.256 12401 12426 I chatty  : uid=10150(com.dumadugames.honeyquest) UnityMain identical 3 lines
12-21 10:00:06.424 12401 12426 I chatty  : uid=10150(com.dumadugames.honeyquest) UnityMain identical 1 line
12-21 10:00:06.456 12373 12649 E tv.alphonso.alphonsoclient.ViewingInfoAPI: JSONException: org.json.JSONException: Value <html><head><title>Burp of type java.lang.String cannot be converted to JSONObject
12-21 10:00:06.456 12373 12649 W System.err: 	at tv.alphonso.alphonsoclient.ViewingInfoAPI.process200(ViewingInfoAPI.java:162)
12-21 10:00:06.456 12373 12649 W System.err: 	at tv.alphonso.alphonsoclient.ViewingInfoAPI.processResponse(ViewingInfoAPI.java:134)
12-21 10:00:06.456 12373 12649 W System.err: 	at tv.alphonso.alphonsoclient.ViewingInfoAPI.sendRequest(ViewingInfoAPI.java:113)
12-21 10:00:06.456 12373 12649 W System.err: 	at tv.alphonso.alphonsoclient.ViewingInfoService.processSendViewingInfoRquest(ViewingInfoService.java:280)
12-21 10:00:06.457 12373 12649 W System.err: 	at tv.alphonso.alphonsoclient.ViewingInfoService.access$200(ViewingInfoService.java:16)
12-21 10:00:06.457 12373 12649 W System.err: 	at tv.alphonso.alphonsoclient.ViewingInfoService$1.handleMessage(ViewingInfoService.java:198)
12-21 10:00:06.458 12373 12373 E tv.alphonso.service.AlphonsoService: Error response is with error code: 1
12-21 10:00:06.477 12401 12426 I chatty  : uid=10150(com.dumadugames.honeyquest) UnityMain identical 1 line
12-21 10:00:06.609 12401 12426 I chatty  : uid=10150(com.dumadugames.honeyquest) UnityMain identical 1 line
12-21 10:00:06.694 12401 12426 I chatty  : uid=10150(com.dumadugames.honeyquest) UnityMain identical 3 lines
12-21 10:00:06.712 12373 12649 E tv.alphonso.alphonsoclient.ViewingInfoAPI: JSONException: org.json.JSONException: Value <html><head><title>Burp of type java.lang.String cannot be converted to JSONObject
12-21 10:00:06.712 12373 12649 W System.err: 	at tv.alphonso.alphonsoclient.ViewingInfoAPI.process200(ViewingInfoAPI.java:162)
12-21 10:00:06.712 12373 12649 W System.err: 	at tv.alphonso.alphonsoclient.ViewingInfoAPI.processResponse(ViewingInfoAPI.java:134)
12-21 10:00:06.712 12373 12649 W System.err: 	at tv.alphonso.alphonsoclient.ViewingInfoAPI.sendRequest(ViewingInfoAPI.java:113)
12-21 10:00:06.712 12373 12649 W System.err: 	at tv.alphonso.alphonsoclient.ViewingInfoService.processSendViewingInfoRquest(ViewingInfoService.java:280)
12-21 10:00:06.712 12373 12649 W System.err: 	at tv.alphonso.alphonsoclient.ViewingInfoService.access$200(ViewingInfoService.java:16)
12-21 10:00:06.712 12373 12649 W System.err: 	at tv.alphonso.alphonsoclient.ViewingInfoService$1.handleMessage(ViewingInfoService.java:198)
12-21 10:00:06.712 12373 12373 E tv.alphonso.service.AlphonsoService: Error response is with error code: 1
12-21 10:00:06.895 12401 12426 I chatty  : uid=10150(com.dumadugames.honeyquest) UnityMain identical 2 lines
12-21 10:00:06.961 12401 12426 I chatty  : uid=10150(com.dumadugames.honeyquest) UnityMain identical 2 lines
12-21 10:00:06.981 12373 12649 E tv.alphonso.alphonsoclient.ViewingInfoAPI: JSONException: org.json.JSONException: Value <html><head><title>Burp of type java.lang.String cannot be converted to JSONObject
12-21 10:00:06.983 12373 12649 W System.err: 	at tv.alphonso.alphonsoclient.ViewingInfoAPI.process200(ViewingInfoAPI.java:162)
12-21 10:00:06.983 12373 12649 W System.err: 	at tv.alphonso.alphonsoclient.ViewingInfoAPI.processResponse(ViewingInfoAPI.java:134)
12-21 10:00:06.983 12373 12649 W System.err: 	at tv.alphonso.alphonsoclient.ViewingInfoAPI.sendRequest(ViewingInfoAPI.java:113)
12-21 10:00:06.983 12373 12649 W System.err: 	at tv.alphonso.alphonsoclient.ViewingInfoService.processSendViewingInfoRquest(ViewingInfoService.java:280)
12-21 10:00:06.983 12373 12649 W System.err: 	at tv.alphonso.alphonsoclient.ViewingInfoService.access$200(ViewingInfoService.java:16)
12-21 10:00:06.984 12373 12649 W System.err: 	at tv.alphonso.alphonsoclient.ViewingInfoService$1.handleMessage(ViewingInfoService.java:198)
12-21 10:00:06.985 12373 12373 E tv.alphonso.service.AlphonsoService: Error response is with error code: 1
12-21 10:00:07.231 12401 12426 I chatty  : uid=10150(com.dumadugames.honeyquest) UnityMain identical 2 lines
12-21 10:00:07.251 12373 12649 E tv.alphonso.alphonsoclient.ViewingInfoAPI: JSONException: org.json.JSONException: Value <html><head><title>Burp of type java.lang.String cannot be converted to JSONObject
12-21 10:00:07.252 12373 12649 W System.err: 	at tv.alphonso.alphonsoclient.ViewingInfoAPI.process200(ViewingInfoAPI.java:162)
12-21 10:00:07.252 12373 12649 W System.err: 	at tv.alphonso.alphonsoclient.ViewingInfoAPI.processResponse(ViewingInfoAPI.java:134)
12-21 10:00:07.252 12373 12649 W System.err: 	at tv.alphonso.alphonsoclient.ViewingInfoAPI.sendRequest(ViewingInfoAPI.java:113)
12-21 10:00:07.252 12373 12649 W System.err: 	at tv.alphonso.alphonsoclient.ViewingInfoService.processSendViewingInfoRquest(ViewingInfoService.java:280)
12-21 10:00:07.252 12373 12649 W System.err: 	at tv.alphonso.alphonsoclient.ViewingInfoService.access$200(ViewingInfoService.java:16)
12-21 10:00:07.252 12373 12649 W System.err: 	at tv.alphonso.alphonsoclient.ViewingInfoService$1.handleMessage(ViewingInfoService.java:198)
12-21 10:00:07.252 12373 12373 E tv.alphonso.service.AlphonsoService: Error response is with error code: 1
12-21 10:00:07.506 12373 12649 E tv.alphonso.alphonsoclient.ViewingInfoAPI: JSONException: org.json.JSONException: Value <html><head><title>Burp of type java.lang.String cannot be converted to JSONObject
12-21 10:00:07.506 12373 12649 W System.err: 	at tv.alphonso.alphonsoclient.ViewingInfoAPI.process200(ViewingInfoAPI.java:162)
12-21 10:00:07.506 12373 12649 W System.err: 	at tv.alphonso.alphonsoclient.ViewingInfoAPI.processResponse(ViewingInfoAPI.java:134)
12-21 10:00:07.506 12373 12649 W System.err: 	at tv.alphonso.alphonsoclient.ViewingInfoAPI.sendRequest(ViewingInfoAPI.java:113)
12-21 10:00:07.506 12373 12649 W System.err: 	at tv.alphonso.alphonsoclient.ViewingInfoService.processSendViewingInfoRquest(ViewingInfoService.java:280)
12-21 10:00:07.506 12373 12649 W System.err: 	at tv.alphonso.alphonsoclient.ViewingInfoService.access$200(ViewingInfoService.java:16)
12-21 10:00:07.506 12373 12649 W System.err: 	at tv.alphonso.alphonsoclient.ViewingInfoService$1.handleMessage(ViewingInfoService.java:198)
12-21 10:00:07.507 12373 12373 E tv.alphonso.service.AlphonsoService: Error response is with error code: 1
12-21 10:00:07.650 12401 12426 I chatty  : uid=10150(com.dumadugames.honeyquest) UnityMain identical 1 line
12-21 10:00:07.734 12401 12426 I chatty  : uid=10150(com.dumadugames.honeyquest) UnityMain identical 3 lines
12-21 10:00:07.759 12373 12649 E tv.alphonso.alphonsoclient.ViewingInfoAPI: JSONException: org.json.JSONException: Value <html><head><title>Burp of type java.lang.String cannot be converted to JSONObject
12-21 10:00:07.759 12373 12649 W System.err: 	at tv.alphonso.alphonsoclient.ViewingInfoAPI.process200(ViewingInfoAPI.java:162)
12-21 10:00:07.759 12373 12649 W System.err: 	at tv.alphonso.alphonsoclient.ViewingInfoAPI.processResponse(ViewingInfoAPI.java:134)
12-21 10:00:07.759 12373 12649 W System.err: 	at tv.alphonso.alphonsoclient.ViewingInfoAPI.sendRequest(ViewingInfoAPI.java:113)
12-21 10:00:07.759 12373 12649 W System.err: 	at tv.alphonso.alphonsoclient.ViewingInfoService.processSendViewingInfoRquest(ViewingInfoService.java:280)
12-21 10:00:07.759 12373 12649 W System.err: 	at tv.alphonso.alphonsoclient.ViewingInfoService.access$200(ViewingInfoService.java:16)
12-21 10:00:07.760 12373 12649 W System.err: 	at tv.alphonso.alphonsoclient.ViewingInfoService$1.handleMessage(ViewingInfoService.java:198)
12-21 10:00:07.761 12373 12373 E tv.alphonso.service.AlphonsoService: Error response is with error code: 1
12-21 10:00:07.869 12401 12426 I chatty  : uid=10150(com.dumadugames.honeyquest) UnityMain identical 1 line
12-21 10:00:07.918 12401 12426 I chatty  : uid=10150(com.dumadugames.honeyquest) UnityMain identical 1 line
12-21 10:00:07.970 12401 12426 I chatty  : uid=10150(com.dumadugames.honeyquest) UnityMain identical 1 line
12-21 10:00:08.013 12373 12649 E tv.alphonso.alphonsoclient.ViewingInfoAPI: JSONException: org.json.JSONException: Value <html><head><title>Burp of type java.lang.String cannot be converted to JSONObject
12-21 10:00:08.014 12373 12649 W System.err: 	at tv.alphonso.alphonsoclient.ViewingInfoAPI.process200(ViewingInfoAPI.java:162)
12-21 10:00:08.014 12373 12649 W System.err: 	at tv.alphonso.alphonsoclient.ViewingInfoAPI.processResponse(ViewingInfoAPI.java:134)
12-21 10:00:08.014 12373 12649 W System.err: 	at tv.alphonso.alphonsoclient.ViewingInfoAPI.sendRequest(ViewingInfoAPI.java:113)
12-21 10:00:08.014 12373 12649 W System.err: 	at tv.alphonso.alphonsoclient.ViewingInfoService.processSendViewingInfoRquest(ViewingInfoService.java:280)
12-21 10:00:08.014 12373 12649 W System.err: 	at tv.alphonso.alphonsoclient.ViewingInfoService.access$200(ViewingInfoService.java:16)
12-21 10:00:08.014 12373 12649 W System.err: 	at tv.alphonso.alphonsoclient.ViewingInfoService$1.handleMessage(ViewingInfoService.java:198)
12-21 10:00:08.014 12373 12373 E tv.alphonso.service.AlphonsoService: Error response is with error code: 1
12-21 10:00:08.178 12401 12426 I chatty  : uid=10150(com.dumadugames.honeyquest) UnityMain identical 1 line
12-21 10:00:08.255 12401 12426 I chatty  : uid=10150(com.dumadugames.honeyquest) UnityMain identical 1 line
12-21 10:00:08.281 12373 12649 E tv.alphonso.alphonsoclient.ViewingInfoAPI: JSONException: org.json.JSONException: Value <html><head><title>Burp of type java.lang.String cannot be converted to JSONObject
12-21 10:00:08.281 12373 12649 W System.err: 	at tv.alphonso.alphonsoclient.ViewingInfoAPI.process200(ViewingInfoAPI.java:162)
12-21 10:00:08.281 12373 12649 W System.err: 	at tv.alphonso.alphonsoclient.ViewingInfoAPI.processResponse(ViewingInfoAPI.java:134)
12-21 10:00:08.281 12373 12649 W System.err: 	at tv.alphonso.alphonsoclient.ViewingInfoAPI.sendRequest(ViewingInfoAPI.java:113)
12-21 10:00:08.281 12373 12649 W System.err: 	at tv.alphonso.alphonsoclient.ViewingInfoService.processSendViewingInfoRquest(ViewingInfoService.java:280)
12-21 10:00:08.281 12373 12649 W System.err: 	at tv.alphonso.alphonsoclient.ViewingInfoService.access$200(ViewingInfoService.java:16)
12-21 10:00:08.281 12373 12649 W System.err: 	at tv.alphonso.alphonsoclient.ViewingInfoService$1.handleMessage(ViewingInfoService.java:198)
12-21 10:00:08.281 12373 12373 E tv.alphonso.service.AlphonsoService: Error response is with error code: 1
12-21 10:00:08.389 12401 12426 I chatty  : uid=10150(com.dumadugames.honeyquest) UnityMain identical 1 line
12-21 10:00:08.495 12401 12426 I chatty  : uid=10150(com.dumadugames.honeyquest) UnityMain identical 4 lines
12-21 10:00:08.538 12373 12649 E tv.alphonso.alphonsoclient.ViewingInfoAPI: JSONException: org.json.JSONException: Value <html><head><title>Burp of type java.lang.String cannot be converted to JSONObject
12-21 10:00:08.538 12373 12649 W System.err: 	at tv.alphonso.alphonsoclient.ViewingInfoAPI.process200(ViewingInfoAPI.java:162)
12-21 10:00:08.538 12373 12649 W System.err: 	at tv.alphonso.alphonsoclient.ViewingInfoAPI.processResponse(ViewingInfoAPI.java:134)
12-21 10:00:08.538 12373 12649 W System.err: 	at tv.alphonso.alphonsoclient.ViewingInfoAPI.sendRequest(ViewingInfoAPI.java:113)
12-21 10:00:08.538 12373 12649 W System.err: 	at tv.alphonso.alphonsoclient.ViewingInfoService.processSendViewingInfoRquest(ViewingInfoService.java:280)
12-21 10:00:08.538 12373 12649 W System.err: 	at tv.alphonso.alphonsoclient.ViewingInfoService.access$200(ViewingInfoService.java:16)
12-21 10:00:08.538 12373 12649 W System.err: 	at tv.alphonso.alphonsoclient.ViewingInfoService$1.handleMessage(ViewingInfoService.java:198)
12-21 10:00:08.539 12373 12373 E tv.alphonso.service.AlphonsoService: Error response is with error code: 1
12-21 10:00:08.607 12401 12426 I chatty  : uid=10150(com.dumadugames.honeyquest) UnityMain identical 1 line
12-21 10:00:08.690 12401 12426 I chatty  : uid=10150(com.dumadugames.honeyquest) UnityMain identical 2 lines
12-21 10:00:08.820 12373 12649 E tv.alphonso.alphonsoclient.ViewingInfoAPI: JSONException: org.json.JSONException: Value <html><head><title>Burp of type java.lang.String cannot be converted to JSONObject
12-21 10:00:08.835 12373 12649 W System.err: 	at tv.alphonso.alphonsoclient.ViewingInfoAPI.process200(ViewingInfoAPI.java:162)
12-21 10:00:08.835 12373 12649 W System.err: 	at tv.alphonso.alphonsoclient.ViewingInfoAPI.processResponse(ViewingInfoAPI.java:134)
12-21 10:00:08.835 12373 12649 W System.err: 	at tv.alphonso.alphonsoclient.ViewingInfoAPI.sendRequest(ViewingInfoAPI.java:113)
12-21 10:00:08.835 12373 12649 W System.err: 	at tv.alphonso.alphonsoclient.ViewingInfoService.processSendViewingInfoRquest(ViewingInfoService.java:280)
12-21 10:00:08.835 12373 12649 W System.err: 	at tv.alphonso.alphonsoclient.ViewingInfoService.access$200(ViewingInfoService.java:16)
12-21 10:00:08.835 12373 12649 W System.err: 	at tv.alphonso.alphonsoclient.ViewingInfoService$1.handleMessage(ViewingInfoService.java:198)
12-21 10:00:08.836 12373 12373 E tv.alphonso.service.AlphonsoService: Error response is with error code: 1
12-21 10:00:08.895 12401 12426 I chatty  : uid=10150(com.dumadugames.honeyquest) UnityMain identical 2 lines
12-21 10:00:08.913 12401 12411 I ames.honeyques: Background concurrent copying GC freed 197287(10MB) AllocSpace objects, 36(1872KB) LOS objects, 69% free, 5MB/17MB, paused 660us total 162.996ms
12-21 10:00:08.930 12401 12409 I chatty  : uid=10150(com.dumadugames.honeyquest) FinalizerDaemon identical 13 lines
12-21 10:00:08.931 12401 12409 W SQLiteConnectionPool: A SQLiteConnection object for database '/data/user/0/com.dumadugames.honeyquest/databases/OfflineUpload.db' was leaked!  Please fix your application to end transactions in progress properly and to close the database when it is no longer needed.
12-21 10:00:08.932 12401 12409 W SQLiteConnectionPool: A SQLiteConnection object for database '/data/user/0/com.dumadugames.honeyquest/databases/OfflineUpload.db' was leaked!  Please fix your application to end transactions in progress properly and to close the database when it is no longer needed.
12-21 10:00:08.932 12401 12409 W SQLiteConnectionPool: A SQLiteConnection object for database '/data/user/0/com.dumadugames.honeyquest/databases/OfflineUpload.db' was leaked!  Please fix your application to end transactions in progress properly and to close the database when it is no longer needed.
12-21 10:00:08.932 12401 12409 W SQLiteConnectionPool: A SQLiteConnection object for database '/data/user/0/com.dumadugames.honeyquest/databases/OfflineUpload.db' was leaked!  Please fix your application to end transactions in progress properly and to close the database when it is no longer needed.
12-21 10:00:08.933 12401 12409 W SQLiteConnectionPool: A SQLiteConnection object for database '/data/user/0/com.dumadugames.honeyquest/databases/OfflineUpload.db' was leaked!  Please fix your application to end transactions in progress properly and to close the database when it is no longer needed.
12-21 10:00:08.934 12401 12409 W SQLiteConnectionPool: A SQLiteConnection object for database '/data/user/0/com.dumadugames.honeyquest/databases/OfflineUpload.db' was leaked!  Please fix your application to end transactions in progress properly and to close the database when it is no longer needed.
12-21 10:00:08.934 12401 12409 W SQLiteConnectionPool: A SQLiteConnection object for database '/data/user/0/com.dumadugames.honeyquest/databases/OfflineUpload.db' was leaked!  Please fix your application to end transactions in progress properly and to close the database when it is no longer needed.
12-21 10:00:08.935 12401 12409 W SQLiteConnectionPool: A SQLiteConnection object for database '/data/user/0/com.dumadugames.honeyquest/databases/OfflineUpload.db' was leaked!  Please fix your application to end transactions in progress properly and to close the database when it is no longer needed.
12-21 10:00:08.936 12401 12409 W SQLiteConnectionPool: A SQLiteConnection object for database '/data/user/0/com.dumadugames.honeyquest/databases/OfflineUpload.db' was leaked!  Please fix your application to end transactions in progress properly and to close the database when it is no longer needed.
12-21 10:00:08.936 12401 12409 W SQLiteConnectionPool: A SQLiteConnection object for database '/data/user/0/com.dumadugames.honeyquest/databases/OfflineUpload.db' was leaked!  Please fix your application to end transactions in progress properly and to close the database when it is no longer needed.
12-21 10:00:08.936 12401 12409 I chatty  : uid=10150(com.dumadugames.honeyquest) FinalizerDaemon identical 1 line
12-21 10:00:08.937 12401 12409 W SQLiteConnectionPool: A SQLiteConnection object for database '/data/user/0/com.dumadugames.honeyquest/databases/OfflineUpload.db' was leaked!  Please fix your application to end transactions in progress properly and to close the database when it is no longer needed.
12-21 10:00:08.937 12401 12409 W SQLiteConnectionPool: A SQLiteConnection object for database '/data/user/0/com.dumadugames.honeyquest/databases/OfflineUpload.db' was leaked!  Please fix your application to end transactions in progress properly and to close the database when it is no longer needed.
12-21 10:00:08.937 12401 12409 W SQLiteConnectionPool: A SQLiteConnection object for database '/data/user/0/com.dumadugames.honeyquest/databases/OfflineUpload.db' was leaked!  Please fix your application to end transactions in progress properly and to close the database when it is no longer needed.
12-21 10:00:08.937 12401 12409 W SQLiteConnectionPool: A SQLiteConnection object for database '/data/user/0/com.dumadugames.honeyquest/databases/OfflineUpload.db' was leaked!  Please fix your application to end transactions in progress properly and to close the database when it is no longer needed.
12-21 10:00:08.938 12401 12409 W SQLiteConnectionPool: A SQLiteConnection object for database '/data/user/0/com.dumadugames.honeyquest/databases/OfflineUpload.db' was leaked!  Please fix your application to end transactions in progress properly and to close the database when it is no longer needed.
12-21 10:00:08.938 12401 12409 I chatty  : uid=10150(com.dumadugames.honeyquest) FinalizerDaemon identical 1 line
12-21 10:00:08.938 12401 12409 W SQLiteConnectionPool: A SQLiteConnection object for database '/data/user/0/com.dumadugames.honeyquest/databases/OfflineUpload.db' was leaked!  Please fix your application to end transactions in progress properly and to close the database when it is no longer needed.
12-21 10:00:08.938 12401 12409 W SQLiteConnectionPool: A SQLiteConnection object for database '/data/user/0/com.dumadugames.honeyquest/databases/OfflineUpload.db' was leaked!  Please fix your application to end transactions in progress properly and to close the database when it is no longer needed.
12-21 10:00:08.939 12401 12409 W SQLiteConnectionPool: A SQLiteConnection object for database '/data/user/0/com.dumadugames.honeyquest/databases/OfflineUpload.db' was leaked!  Please fix your application to end transactions in progress properly and to close the database when it is no longer needed.
12-21 10:00:08.939 12401 12409 W SQLiteConnectionPool: A SQLiteConnection object for database '/data/user/0/com.dumadugames.honeyquest/databases/OfflineUpload.db' was leaked!  Please fix your application to end transactions in progress properly and to close the database when it is no longer needed.
12-21 10:00:08.993 12401 12426 I chatty  : uid=10150(com.dumadugames.honeyquest) UnityMain identical 1 line
12-21 10:00:09.103 12373 12649 E tv.alphonso.alphonsoclient.ViewingInfoAPI: JSONException: org.json.JSONException: Value <html><head><title>Burp of type java.lang.String cannot be converted to JSONObject
12-21 10:00:09.103 12373 12649 W System.err: 	at tv.alphonso.alphonsoclient.ViewingInfoAPI.process200(ViewingInfoAPI.java:162)
12-21 10:00:09.103 12373 12649 W System.err: 	at tv.alphonso.alphonsoclient.ViewingInfoAPI.processResponse(ViewingInfoAPI.java:134)
12-21 10:00:09.103 12373 12649 W System.err: 	at tv.alphonso.alphonsoclient.ViewingInfoAPI.sendRequest(ViewingInfoAPI.java:113)
12-21 10:00:09.103 12373 12649 W System.err: 	at tv.alphonso.alphonsoclient.ViewingInfoService.processSendViewingInfoRquest(ViewingInfoService.java:280)
12-21 10:00:09.103 12373 12649 W System.err: 	at tv.alphonso.alphonsoclient.ViewingInfoService.access$200(ViewingInfoService.java:16)
12-21 10:00:09.103 12373 12649 W System.err: 	at tv.alphonso.alphonsoclient.ViewingInfoService$1.handleMessage(ViewingInfoService.java:198)
12-21 10:00:09.103 12373 12373 E tv.alphonso.service.AlphonsoService: Error response is with error code: 1
12-21 10:00:09.230 12401 12426 I chatty  : uid=10150(com.dumadugames.honeyquest) UnityMain identical 4 lines
12-21 10:00:09.354 12373 12649 E tv.alphonso.alphonsoclient.ViewingInfoAPI: JSONException: org.json.JSONException: Value <html><head><title>Burp of type java.lang.String cannot be converted to JSONObject
12-21 10:00:09.355 12373 12649 W System.err: 	at tv.alphonso.alphonsoclient.ViewingInfoAPI.process200(ViewingInfoAPI.java:162)
12-21 10:00:09.355 12373 12649 W System.err: 	at tv.alphonso.alphonsoclient.ViewingInfoAPI.processResponse(ViewingInfoAPI.java:134)
12-21 10:00:09.355 12373 12649 W System.err: 	at tv.alphonso.alphonsoclient.ViewingInfoAPI.sendRequest(ViewingInfoAPI.java:113)
12-21 10:00:09.355 12373 12649 W System.err: 	at tv.alphonso.alphonsoclient.ViewingInfoService.processSendViewingInfoRquest(ViewingInfoService.java:280)
12-21 10:00:09.355 12373 12649 W System.err: 	at tv.alphonso.alphonsoclient.ViewingInfoService.access$200(ViewingInfoService.java:16)
12-21 10:00:09.355 12373 12649 W System.err: 	at tv.alphonso.alphonsoclient.ViewingInfoService$1.handleMessage(ViewingInfoService.java:198)
12-21 10:00:09.355 12373 12373 E tv.alphonso.service.AlphonsoService: Error response is with error code: 1
12-21 10:00:09.439  1265  1417 D hw_netstat: total/465738/510826,com.dumadugames.honeyquest/462055/510141,unknown:0/3038/0,unknown:1020/570/570,android.uid.system:1000/75/115
12-21 10:00:09.581 12401 12426 I chatty  : uid=10150(com.dumadugames.honeyquest) UnityMain identical 1 line
12-21 10:00:09.606 12373 12649 E tv.alphonso.alphonsoclient.ViewingInfoAPI: JSONException: org.json.JSONException: Value <html><head><title>Burp of type java.lang.String cannot be converted to JSONObject
12-21 10:00:09.607 12373 12649 W System.err: 	at tv.alphonso.alphonsoclient.ViewingInfoAPI.process200(ViewingInfoAPI.java:162)
12-21 10:00:09.607 12373 12649 W System.err: 	at tv.alphonso.alphonsoclient.ViewingInfoAPI.processResponse(ViewingInfoAPI.java:134)
12-21 10:00:09.607 12373 12649 W System.err: 	at tv.alphonso.alphonsoclient.ViewingInfoAPI.sendRequest(ViewingInfoAPI.java:113)
12-21 10:00:09.607 12373 12649 W System.err: 	at tv.alphonso.alphonsoclient.ViewingInfoService.processSendViewingInfoRquest(ViewingInfoService.java:280)
12-21 10:00:09.607 12373 12649 W System.err: 	at tv.alphonso.alphonsoclient.ViewingInfoService.access$200(ViewingInfoService.java:16)
12-21 10:00:09.607 12373 12649 W System.err: 	at tv.alphonso.alphonsoclient.ViewingInfoService$1.handleMessage(ViewingInfoService.java:198)
12-21 10:00:09.607 12373 12373 E tv.alphonso.service.AlphonsoService: Error response is with error code: 1
12-21 10:00:09.683 12401 12426 I chatty  : uid=10150(com.dumadugames.honeyquest) UnityMain identical 4 lines
12-21 10:00:09.782 12401 12426 I chatty  : uid=10150(com.dumadugames.honeyquest) UnityMain identical 1 line
12-21 10:00:09.856 12373 12649 E tv.alphonso.alphonsoclient.ViewingInfoAPI: JSONException: org.json.JSONException: Value <html><head><title>Burp of type java.lang.String cannot be converted to JSONObject
12-21 10:00:09.857 12373 12649 W System.err: 	at tv.alphonso.alphonsoclient.ViewingInfoAPI.process200(ViewingInfoAPI.java:162)
12-21 10:00:09.857 12373 12649 W System.err: 	at tv.alphonso.alphonsoclient.ViewingInfoAPI.processResponse(ViewingInfoAPI.java:134)
12-21 10:00:09.857 12373 12649 W System.err: 	at tv.alphonso.alphonsoclient.ViewingInfoAPI.sendRequest(ViewingInfoAPI.java:113)
12-21 10:00:09.857 12373 12649 W System.err: 	at tv.alphonso.alphonsoclient.ViewingInfoService.processSendViewingInfoRquest(ViewingInfoService.java:280)
12-21 10:00:09.857 12373 12649 W System.err: 	at tv.alphonso.alphonsoclient.ViewingInfoService.access$200(ViewingInfoService.java:16)
12-21 10:00:09.857 12373 12649 W System.err: 	at tv.alphonso.alphonsoclient.ViewingInfoService$1.handleMessage(ViewingInfoService.java:198)
12-21 10:00:09.860 12373 12373 E tv.alphonso.service.AlphonsoService: Error response is with error code: 1
12-21 10:00:09.884 12401 12426 I chatty  : uid=10150(com.dumadugames.honeyquest) UnityMain identical 1 line
12-21 10:00:10.001 12401 12426 I chatty  : uid=10150(com.dumadugames.honeyquest) UnityMain identical 1 line
12-21 10:00:10.109 12373 12649 E tv.alphonso.alphonsoclient.ViewingInfoAPI: JSONException: org.json.JSONException: Value <html><head><title>Burp of type java.lang.String cannot be converted to JSONObject
12-21 10:00:10.109 12373 12649 W System.err: 	at tv.alphonso.alphonsoclient.ViewingInfoAPI.process200(ViewingInfoAPI.java:162)
12-21 10:00:10.109 12373 12649 W System.err: 	at tv.alphonso.alphonsoclient.ViewingInfoAPI.processResponse(ViewingInfoAPI.java:134)
12-21 10:00:10.109 12373 12649 W System.err: 	at tv.alphonso.alphonsoclient.ViewingInfoAPI.sendRequest(ViewingInfoAPI.java:113)
12-21 10:00:10.109 12373 12649 W System.err: 	at tv.alphonso.alphonsoclient.ViewingInfoService.processSendViewingInfoRquest(ViewingInfoService.java:280)
12-21 10:00:10.109 12373 12649 W System.err: 	at tv.alphonso.alphonsoclient.ViewingInfoService.access$200(ViewingInfoService.java:16)
12-21 10:00:10.109 12373 12649 W System.err: 	at tv.alphonso.alphonsoclient.ViewingInfoService$1.handleMessage(ViewingInfoService.java:198)
12-21 10:00:10.110 12373 12373 E tv.alphonso.service.AlphonsoService: Error response is with error code: 1
12-21 10:00:10.377 12373 12649 E tv.alphonso.alphonsoclient.ViewingInfoAPI: JSONException: org.json.JSONException: Value <html><head><title>Burp of type java.lang.String cannot be converted to JSONObject
12-21 10:00:10.379 12373 12649 W System.err: 	at tv.alphonso.alphonsoclient.ViewingInfoAPI.process200(ViewingInfoAPI.java:162)
12-21 10:00:10.379 12373 12649 W System.err: 	at tv.alphonso.alphonsoclient.ViewingInfoAPI.processResponse(ViewingInfoAPI.java:134)
12-21 10:00:10.379 12373 12649 W System.err: 	at tv.alphonso.alphonsoclient.ViewingInfoAPI.sendRequest(ViewingInfoAPI.java:113)
12-21 10:00:10.379 12373 12649 W System.err: 	at tv.alphonso.alphonsoclient.ViewingInfoService.processSendViewingInfoRquest(ViewingInfoService.java:280)
