12-21 10:00:17.966 12373 12649 W System.err: 	at tv.alphonso.alphonsoclient.ViewingInfoService.access$200(ViewingInfoService.java:16)
12-21 10:00:17.967 12373 12649 W System.err: 	at tv.alphonso.alphonsoclient.ViewingInfoService$1.handleMessage(ViewingInfoService.java:198)
12-21 10:00:17.968 12373 12373 E tv.alphonso.service.AlphonsoService: Error response is with error code: 1
12-21 10:00:18.233 12373 12649 E tv.alphonso.alphonsoclient.ViewingInfoAPI: JSONException: org.json.JSONException: Value <html><head><title>Burp of type java.lang.String cannot be converted to JSONObject
12-21 10:00:18.233 12373 12649 W System.err: 	at tv.alphonso.alphonsoclient.ViewingInfoAPI.process200(ViewingInfoAPI.java:162)
12-21 10:00:18.233 12373 12649 W System.err: 	at tv.alphonso.alphonsoclient.ViewingInfoAPI.processResponse(ViewingInfoAPI.java:134)
12-21 10:00:18.233 12373 12649 W System.err: 	at tv.alphonso.alphonsoclient.ViewingInfoAPI.sendRequest(ViewingInfoAPI.java:113)
12-21 10:00:18.233 12373 12649 W System.err: 	at tv.alphonso.alphonsoclient.ViewingInfoService.processSendViewingInfoRquest(ViewingInfoService.java:280)
12-21 10:00:18.234 12373 12649 W System.err: 	at tv.alphonso.alphonsoclient.ViewingInfoService.access$200(ViewingInfoService.java:16)
12-21 10:00:18.234 12373 12649 W System.err: 	at tv.alphonso.alphonsoclient.ViewingInfoService$1.handleMessage(ViewingInfoService.java:198)
12-21 10:00:18.234 12373 12373 E tv.alphonso.service.AlphonsoService: Error response is with error code: 1
12-21 10:00:18.318 12401 12426 I chatty  : uid=10150(com.dumadugames.honeyquest) UnityMain identical 4 lines
12-21 10:00:18.486 12401 12426 I chatty  : uid=10150(com.dumadugames.honeyquest) UnityMain identical 2 lines
12-21 10:00:18.503 12373 12649 E tv.alphonso.alphonsoclient.ViewingInfoAPI: JSONException: org.json.JSONException: Value <html><head><title>Burp of type java.lang.String cannot be converted to JSONObject
12-21 10:00:18.504 12373 12649 W System.err: 	at tv.alphonso.alphonsoclient.ViewingInfoAPI.process200(ViewingInfoAPI.java:162)
12-21 10:00:18.504 12373 12649 W System.err: 	at tv.alphonso.alphonsoclient.ViewingInfoAPI.processResponse(ViewingInfoAPI.java:134)
12-21 10:00:18.504 12373 12649 W System.err: 	at tv.alphonso.alphonsoclient.ViewingInfoAPI.sendRequest(ViewingInfoAPI.java:113)
12-21 10:00:18.504 12373 12649 W System.err: 	at tv.alphonso.alphonsoclient.ViewingInfoService.processSendViewingInfoRquest(ViewingInfoService.java:280)
12-21 10:00:18.504 12373 12649 W System.err: 	at tv.alphonso.alphonsoclient.ViewingInfoService.access$200(ViewingInfoService.java:16)
12-21 10:00:18.504 12373 12649 W System.err: 	at tv.alphonso.alphonsoclient.ViewingInfoService$1.handleMessage(ViewingInfoService.java:198)
12-21 10:00:18.504 12373 12373 E tv.alphonso.service.AlphonsoService: Error response is with error code: 1
12-21 10:00:18.620 12401 12426 I chatty  : uid=10150(com.dumadugames.honeyquest) UnityMain identical 5 lines
12-21 10:00:18.759 12373 12649 E tv.alphonso.alphonsoclient.ViewingInfoAPI: JSONException: org.json.JSONException: Value <html><head><title>Burp of type java.lang.String cannot be converted to JSONObject
12-21 10:00:18.759 12373 12649 W System.err: 	at tv.alphonso.alphonsoclient.ViewingInfoAPI.process200(ViewingInfoAPI.java:162)
12-21 10:00:18.759 12373 12649 W System.err: 	at tv.alphonso.alphonsoclient.ViewingInfoAPI.processResponse(ViewingInfoAPI.java:134)
12-21 10:00:18.759 12373 12649 W System.err: 	at tv.alphonso.alphonsoclient.ViewingInfoAPI.sendRequest(ViewingInfoAPI.java:113)
12-21 10:00:18.759 12373 12649 W System.err: 	at tv.alphonso.alphonsoclient.ViewingInfoService.processSendViewingInfoRquest(ViewingInfoService.java:280)
12-21 10:00:18.759 12373 12649 W System.err: 	at tv.alphonso.alphonsoclient.ViewingInfoService.access$200(ViewingInfoService.java:16)
12-21 10:00:18.759 12373 12649 W System.err: 	at tv.alphonso.alphonsoclient.ViewingInfoService$1.handleMessage(ViewingInfoService.java:198)
12-21 10:00:18.760 12373 12373 E tv.alphonso.service.AlphonsoService: Error response is with error code: 1
12-21 10:00:18.889 12401 12426 I chatty  : uid=10150(com.dumadugames.honeyquest) UnityMain identical 5 lines
12-21 10:00:19.017 12373 12649 E tv.alphonso.alphonsoclient.ViewingInfoAPI: JSONException: org.json.JSONException: Value <html><head><title>Burp of type java.lang.String cannot be converted to JSONObject
12-21 10:00:19.017 12373 12649 W System.err: 	at tv.alphonso.alphonsoclient.ViewingInfoAPI.process200(ViewingInfoAPI.java:162)
12-21 10:00:19.017 12373 12649 W System.err: 	at tv.alphonso.alphonsoclient.ViewingInfoAPI.processResponse(ViewingInfoAPI.java:134)
12-21 10:00:19.017 12373 12649 W System.err: 	at tv.alphonso.alphonsoclient.ViewingInfoAPI.sendRequest(ViewingInfoAPI.java:113)
12-21 10:00:19.017 12373 12649 W System.err: 	at tv.alphonso.alphonsoclient.ViewingInfoService.processSendViewingInfoRquest(ViewingInfoService.java:280)
12-21 10:00:19.017 12373 12649 W System.err: 	at tv.alphonso.alphonsoclient.ViewingInfoService.access$200(ViewingInfoService.java:16)
12-21 10:00:19.017 12373 12649 W System.err: 	at tv.alphonso.alphonsoclient.ViewingInfoService$1.handleMessage(ViewingInfoService.java:198)
12-21 10:00:19.018 12373 12373 E tv.alphonso.service.AlphonsoService: Error response is with error code: 1
12-21 10:00:19.107 12401 12426 I chatty  : uid=10150(com.dumadugames.honeyquest) UnityMain identical 3 lines
12-21 10:00:19.282 12373 12649 E tv.alphonso.alphonsoclient.ViewingInfoAPI: JSONException: org.json.JSONException: Value <html><head><title>Burp of type java.lang.String cannot be converted to JSONObject
12-21 10:00:19.282 12373 12649 W System.err: 	at tv.alphonso.alphonsoclient.ViewingInfoAPI.process200(ViewingInfoAPI.java:162)
12-21 10:00:19.282 12373 12649 W System.err: 	at tv.alphonso.alphonsoclient.ViewingInfoAPI.processResponse(ViewingInfoAPI.java:134)
12-21 10:00:19.282 12373 12649 W System.err: 	at tv.alphonso.alphonsoclient.ViewingInfoAPI.sendRequest(ViewingInfoAPI.java:113)
12-21 10:00:19.282 12373 12649 W System.err: 	at tv.alphonso.alphonsoclient.ViewingInfoService.processSendViewingInfoRquest(ViewingInfoService.java:280)
12-21 10:00:19.282 12373 12649 W System.err: 	at tv.alphonso.alphonsoclient.ViewingInfoService.access$200(ViewingInfoService.java:16)
12-21 10:00:19.283 12373 12649 W System.err: 	at tv.alphonso.alphonsoclient.ViewingInfoService$1.handleMessage(ViewingInfoService.java:198)
12-21 10:00:19.284 12373 12373 E tv.alphonso.service.AlphonsoService: Error response is with error code: 1
12-21 10:00:19.407 12401 12411 I ames.honeyques: Background concurrent copying GC freed 204985(11MB) AllocSpace objects, 36(1872KB) LOS objects, 70% free, 4MB/16MB, paused 310us total 131.666ms
12-21 10:00:19.464  1265  1417 D hw_netstat: total/504736/555180,com.dumadugames.honeyquest/501128/554610,unknown:0/3038/0,unknown:1020/570/570
12-21 10:00:19.528 12401 12426 I chatty  : uid=10150(com.dumadugames.honeyquest) UnityMain identical 1 line
12-21 10:00:19.553 12373 12649 E tv.alphonso.alphonsoclient.ViewingInfoAPI: JSONException: org.json.JSONException: Value <html><head><title>Burp of type java.lang.String cannot be converted to JSONObject
12-21 10:00:19.554 12373 12649 W System.err: 	at tv.alphonso.alphonsoclient.ViewingInfoAPI.process200(ViewingInfoAPI.java:162)
12-21 10:00:19.554 12373 12649 W System.err: 	at tv.alphonso.alphonsoclient.ViewingInfoAPI.processResponse(ViewingInfoAPI.java:134)
12-21 10:00:19.554 12373 12649 W System.err: 	at tv.alphonso.alphonsoclient.ViewingInfoAPI.sendRequest(ViewingInfoAPI.java:113)
12-21 10:00:19.554 12373 12649 W System.err: 	at tv.alphonso.alphonsoclient.ViewingInfoService.processSendViewingInfoRquest(ViewingInfoService.java:280)
12-21 10:00:19.554 12373 12649 W System.err: 	at tv.alphonso.alphonsoclient.ViewingInfoService.access$200(ViewingInfoService.java:16)
12-21 10:00:19.554 12373 12649 W System.err: 	at tv.alphonso.alphonsoclient.ViewingInfoService$1.handleMessage(ViewingInfoService.java:198)
12-21 10:00:19.555 12373 12373 E tv.alphonso.service.AlphonsoService: Error response is with error code: 1
12-21 10:00:19.628 12401 12426 I chatty  : uid=10150(com.dumadugames.honeyquest) UnityMain identical 4 lines
12-21 10:00:19.762 12401 12426 I chatty  : uid=10150(com.dumadugames.honeyquest) UnityMain identical 2 lines
12-21 10:00:19.808 12373 12649 E tv.alphonso.alphonsoclient.ViewingInfoAPI: JSONException: org.json.JSONException: Value <html><head><title>Burp of type java.lang.String cannot be converted to JSONObject
12-21 10:00:19.809 12373 12649 W System.err: 	at tv.alphonso.alphonsoclient.ViewingInfoAPI.process200(ViewingInfoAPI.java:162)
12-21 10:00:19.809 12373 12649 W System.err: 	at tv.alphonso.alphonsoclient.ViewingInfoAPI.processResponse(ViewingInfoAPI.java:134)
12-21 10:00:19.809 12373 12649 W System.err: 	at tv.alphonso.alphonsoclient.ViewingInfoAPI.sendRequest(ViewingInfoAPI.java:113)
12-21 10:00:19.809 12373 12649 W System.err: 	at tv.alphonso.alphonsoclient.ViewingInfoService.processSendViewingInfoRquest(ViewingInfoService.java:280)
12-21 10:00:19.809 12373 12649 W System.err: 	at tv.alphonso.alphonsoclient.ViewingInfoService.access$200(ViewingInfoService.java:16)
12-21 10:00:19.809 12373 12649 W System.err: 	at tv.alphonso.alphonsoclient.ViewingInfoService$1.handleMessage(ViewingInfoService.java:198)
12-21 10:00:19.810 12373 12373 E tv.alphonso.service.AlphonsoService: Error response is with error code: 1
12-21 10:00:19.896 12401 12426 I chatty  : uid=10150(com.dumadugames.honeyquest) UnityMain identical 5 lines
12-21 10:00:20.063 12373 12649 E tv.alphonso.alphonsoclient.ViewingInfoAPI: JSONException: org.json.JSONException: Value <html><head><title>Burp of type java.lang.String cannot be converted to JSONObject
12-21 10:00:20.064 12373 12649 W System.err: 	at tv.alphonso.alphonsoclient.ViewingInfoAPI.process200(ViewingInfoAPI.java:162)
12-21 10:00:20.064 12373 12649 W System.err: 	at tv.alphonso.alphonsoclient.ViewingInfoAPI.processResponse(ViewingInfoAPI.java:134)
12-21 10:00:20.064 12373 12649 W System.err: 	at tv.alphonso.alphonsoclient.ViewingInfoAPI.sendRequest(ViewingInfoAPI.java:113)
12-21 10:00:20.067 12373 12649 W System.err: 	at tv.alphonso.alphonsoclient.ViewingInfoService.processSendViewingInfoRquest(ViewingInfoService.java:280)
12-21 10:00:20.067 12373 12649 W System.err: 	at tv.alphonso.alphonsoclient.ViewingInfoService.access$200(ViewingInfoService.java:16)
12-21 10:00:20.067 12373 12649 W System.err: 	at tv.alphonso.alphonsoclient.ViewingInfoService$1.handleMessage(ViewingInfoService.java:198)
12-21 10:00:20.070 12373 12373 E tv.alphonso.service.AlphonsoService: Error response is with error code: 1
12-21 10:00:20.334 12401 12426 I chatty  : uid=10150(com.dumadugames.honeyquest) UnityMain identical 2 lines
12-21 10:00:20.351 12373 12649 E tv.alphonso.alphonsoclient.ViewingInfoAPI: JSONException: org.json.JSONException: Value <html><head><title>Burp of type java.lang.String cannot be converted to JSONObject
12-21 10:00:20.352 12373 12649 W System.err: 	at tv.alphonso.alphonsoclient.ViewingInfoAPI.process200(ViewingInfoAPI.java:162)
12-21 10:00:20.352 12373 12649 W System.err: 	at tv.alphonso.alphonsoclient.ViewingInfoAPI.processResponse(ViewingInfoAPI.java:134)
12-21 10:00:20.352 12373 12649 W System.err: 	at tv.alphonso.alphonsoclient.ViewingInfoAPI.sendRequest(ViewingInfoAPI.java:113)
12-21 10:00:20.352 12373 12649 W System.err: 	at tv.alphonso.alphonsoclient.ViewingInfoService.processSendViewingInfoRquest(ViewingInfoService.java:280)
12-21 10:00:20.352 12373 12649 W System.err: 	at tv.alphonso.alphonsoclient.ViewingInfoService.access$200(ViewingInfoService.java:16)
12-21 10:00:20.352 12373 12649 W System.err: 	at tv.alphonso.alphonsoclient.ViewingInfoService$1.handleMessage(ViewingInfoService.java:198)
12-21 10:00:20.353 12373 12373 E tv.alphonso.service.AlphonsoService: Error response is with error code: 1
12-21 10:00:20.451 12401 12426 I chatty  : uid=10150(com.dumadugames.honeyquest) UnityMain identical 3 lines
12-21 10:00:20.585 12401 12426 I chatty  : uid=10150(com.dumadugames.honeyquest) UnityMain identical 1 line
12-21 10:00:20.605 12373 12649 E tv.alphonso.alphonsoclient.ViewingInfoAPI: JSONException: org.json.JSONException: Value <html><head><title>Burp of type java.lang.String cannot be converted to JSONObject
12-21 10:00:20.605 12373 12649 W System.err: 	at tv.alphonso.alphonsoclient.ViewingInfoAPI.process200(ViewingInfoAPI.java:162)
12-21 10:00:20.605 12373 12649 W System.err: 	at tv.alphonso.alphonsoclient.ViewingInfoAPI.processResponse(ViewingInfoAPI.java:134)
12-21 10:00:20.606 12373 12649 W System.err: 	at tv.alphonso.alphonsoclient.ViewingInfoAPI.sendRequest(ViewingInfoAPI.java:113)
12-21 10:00:20.606 12373 12649 W System.err: 	at tv.alphonso.alphonsoclient.ViewingInfoService.processSendViewingInfoRquest(ViewingInfoService.java:280)
12-21 10:00:20.606 12373 12649 W System.err: 	at tv.alphonso.alphonsoclient.ViewingInfoService.access$200(ViewingInfoService.java:16)
12-21 10:00:20.606 12373 12649 W System.err: 	at tv.alphonso.alphonsoclient.ViewingInfoService$1.handleMessage(ViewingInfoService.java:198)
12-21 10:00:20.606 12373 12373 E tv.alphonso.service.AlphonsoService: Error response is with error code: 1
12-21 10:00:20.866 12373 12649 E tv.alphonso.alphonsoclient.ViewingInfoAPI: JSONException: org.json.JSONException: Value <html><head><title>Burp of type java.lang.String cannot be converted to JSONObject
12-21 10:00:20.867 12373 12649 W System.err: 	at tv.alphonso.alphonsoclient.ViewingInfoAPI.process200(ViewingInfoAPI.java:162)
12-21 10:00:20.867 12373 12649 W System.err: 	at tv.alphonso.alphonsoclient.ViewingInfoAPI.processResponse(ViewingInfoAPI.java:134)
12-21 10:00:20.867 12373 12649 W System.err: 	at tv.alphonso.alphonsoclient.ViewingInfoAPI.sendRequest(ViewingInfoAPI.java:113)
12-21 10:00:20.867 12373 12649 W System.err: 	at tv.alphonso.alphonsoclient.ViewingInfoService.processSendViewingInfoRquest(ViewingInfoService.java:280)
12-21 10:00:20.867 12373 12649 W System.err: 	at tv.alphonso.alphonsoclient.ViewingInfoService.access$200(ViewingInfoService.java:16)
12-21 10:00:20.867 12373 12649 W System.err: 	at tv.alphonso.alphonsoclient.ViewingInfoService$1.handleMessage(ViewingInfoService.java:198)
12-21 10:00:20.872 12373 12373 E tv.alphonso.service.AlphonsoService: Error response is with error code: 1
12-21 10:00:20.921 12401 12426 I chatty  : uid=10150(com.dumadugames.honeyquest) UnityMain identical 3 lines
12-21 10:00:21.038 12401 12426 I chatty  : uid=10150(com.dumadugames.honeyquest) UnityMain identical 4 lines
12-21 10:00:21.132 12373 12649 E tv.alphonso.alphonsoclient.ViewingInfoAPI: JSONException: org.json.JSONException: Value <html><head><title>Burp of type java.lang.String cannot be converted to JSONObject
12-21 10:00:21.133 12373 12649 W System.err: 	at tv.alphonso.alphonsoclient.ViewingInfoAPI.process200(ViewingInfoAPI.java:162)
12-21 10:00:21.133 12373 12649 W System.err: 	at tv.alphonso.alphonsoclient.ViewingInfoAPI.processResponse(ViewingInfoAPI.java:134)
12-21 10:00:21.133 12373 12649 W System.err: 	at tv.alphonso.alphonsoclient.ViewingInfoAPI.sendRequest(ViewingInfoAPI.java:113)
12-21 10:00:21.133 12373 12649 W System.err: 	at tv.alphonso.alphonsoclient.ViewingInfoService.processSendViewingInfoRquest(ViewingInfoService.java:280)
12-21 10:00:21.133 12373 12649 W System.err: 	at tv.alphonso.alphonsoclient.ViewingInfoService.access$200(ViewingInfoService.java:16)
12-21 10:00:21.133 12373 12649 W System.err: 	at tv.alphonso.alphonsoclient.ViewingInfoService$1.handleMessage(ViewingInfoService.java:198)
12-21 10:00:21.134 12373 12373 E tv.alphonso.service.AlphonsoService: Error response is with error code: 1
12-21 10:00:21.173 12401 12426 I chatty  : uid=10150(com.dumadugames.honeyquest) UnityMain identical 1 line
12-21 10:00:21.239 12401 12426 I chatty  : uid=10150(com.dumadugames.honeyquest) UnityMain identical 2 lines
12-21 10:00:21.307 12401 12426 I chatty  : uid=10150(com.dumadugames.honeyquest) UnityMain identical 2 lines
12-21 10:00:21.403 12373 12649 E tv.alphonso.alphonsoclient.ViewingInfoAPI: JSONException: org.json.JSONException: Value <html><head><title>Burp of type java.lang.String cannot be converted to JSONObject
12-21 10:00:21.403 12373 12649 W System.err: 	at tv.alphonso.alphonsoclient.ViewingInfoAPI.process200(ViewingInfoAPI.java:162)
12-21 10:00:21.403 12373 12649 W System.err: 	at tv.alphonso.alphonsoclient.ViewingInfoAPI.processResponse(ViewingInfoAPI.java:134)
12-21 10:00:21.403 12373 12649 W System.err: 	at tv.alphonso.alphonsoclient.ViewingInfoAPI.sendRequest(ViewingInfoAPI.java:113)
12-21 10:00:21.403 12373 12649 W System.err: 	at tv.alphonso.alphonsoclient.ViewingInfoService.processSendViewingInfoRquest(ViewingInfoService.java:280)
12-21 10:00:21.403 12373 12649 W System.err: 	at tv.alphonso.alphonsoclient.ViewingInfoService.access$200(ViewingInfoService.java:16)
12-21 10:00:21.403 12373 12649 W System.err: 	at tv.alphonso.alphonsoclient.ViewingInfoService$1.handleMessage(ViewingInfoService.java:198)
12-21 10:00:21.404 12373 12373 E tv.alphonso.service.AlphonsoService: Error response is with error code: 1
12-21 10:00:21.525 12401 12426 I chatty  : uid=10150(com.dumadugames.honeyquest) UnityMain identical 2 lines
12-21 10:00:21.682 12373 12649 E tv.alphonso.alphonsoclient.ViewingInfoAPI: JSONException: org.json.JSONException: Value <html><head><title>Burp of type java.lang.String cannot be converted to JSONObject
12-21 10:00:21.688 12373 12649 W System.err: 	at tv.alphonso.alphonsoclient.ViewingInfoAPI.process200(ViewingInfoAPI.java:162)
12-21 10:00:21.688 12373 12649 W System.err: 	at tv.alphonso.alphonsoclient.ViewingInfoAPI.processResponse(ViewingInfoAPI.java:134)
12-21 10:00:21.688 12373 12649 W System.err: 	at tv.alphonso.alphonsoclient.ViewingInfoAPI.sendRequest(ViewingInfoAPI.java:113)
12-21 10:00:21.688 12373 12649 W System.err: 	at tv.alphonso.alphonsoclient.ViewingInfoService.processSendViewingInfoRquest(ViewingInfoService.java:280)
12-21 10:00:21.688 12373 12649 W System.err: 	at tv.alphonso.alphonsoclient.ViewingInfoService.access$200(ViewingInfoService.java:16)
12-21 10:00:21.688 12373 12649 W System.err: 	at tv.alphonso.alphonsoclient.ViewingInfoService$1.handleMessage(ViewingInfoService.java:198)
12-21 10:00:21.689 12373 12373 E tv.alphonso.service.AlphonsoService: Error response is with error code: 1
12-21 10:00:21.710 12401 12426 I chatty  : uid=10150(com.dumadugames.honeyquest) UnityMain identical 1 line
12-21 10:00:21.793 12401 12426 I chatty  : uid=10150(com.dumadugames.honeyquest) UnityMain identical 2 lines
12-21 10:00:21.844 12401 12426 I chatty  : uid=10150(com.dumadugames.honeyquest) UnityMain identical 1 line
12-21 10:00:21.954 12373 12649 E tv.alphonso.alphonsoclient.ViewingInfoAPI: JSONException: org.json.JSONException: Value <html><head><title>Burp of type java.lang.String cannot be converted to JSONObject
12-21 10:00:21.956 12373 12649 W System.err: 	at tv.alphonso.alphonsoclient.ViewingInfoAPI.process200(ViewingInfoAPI.java:162)
12-21 10:00:21.957 12373 12649 W System.err: 	at tv.alphonso.alphonsoclient.ViewingInfoAPI.processResponse(ViewingInfoAPI.java:134)
12-21 10:00:21.957 12373 12649 W System.err: 	at tv.alphonso.alphonsoclient.ViewingInfoAPI.sendRequest(ViewingInfoAPI.java:113)
12-21 10:00:21.957 12373 12649 W System.err: 	at tv.alphonso.alphonsoclient.ViewingInfoService.processSendViewingInfoRquest(ViewingInfoService.java:280)
12-21 10:00:21.957 12373 12649 W System.err: 	at tv.alphonso.alphonsoclient.ViewingInfoService.access$200(ViewingInfoService.java:16)
12-21 10:00:21.957 12373 12649 W System.err: 	at tv.alphonso.alphonsoclient.ViewingInfoService$1.handleMessage(ViewingInfoService.java:198)
12-21 10:00:21.958 12373 12373 E tv.alphonso.service.AlphonsoService: Error response is with error code: 1
12-21 10:00:22.029 12401 12426 I chatty  : uid=10150(com.dumadugames.honeyquest) UnityMain identical 4 lines
12-21 10:00:22.222  1265 12716 D HwWifiConnectivityMonitor: ENTER: notifyTopUidTcpInfo, rtt = 1320, rttPkts = 162, aveRtt = 8.148149, app = com.dumadugames.honeyquest
12-21 10:00:22.222  1265 12716 D HwUidTcpMonitor: parseWlanUidTcpStatistics lastUidTcpStatInfo = [ mUid = 10150 mPacketName = com.dumadugames.honeyquest mSendSegs = 38625 mResendSegs = 4 mRcvSegs = 38617 ]
12-21 10:00:22.226 12373 12649 E tv.alphonso.alphonsoclient.ViewingInfoAPI: JSONException: org.json.JSONException: Value <html><head><title>Burp of type java.lang.String cannot be converted to JSONObject
12-21 10:00:22.227 12373 12649 W System.err: 	at tv.alphonso.alphonsoclient.ViewingInfoAPI.process200(ViewingInfoAPI.java:162)
12-21 10:00:22.227 12373 12649 W System.err: 	at tv.alphonso.alphonsoclient.ViewingInfoAPI.processResponse(ViewingInfoAPI.java:134)
12-21 10:00:22.227 12373 12649 W System.err: 	at tv.alphonso.alphonsoclient.ViewingInfoAPI.sendRequest(ViewingInfoAPI.java:113)
12-21 10:00:22.227 12373 12649 W System.err: 	at tv.alphonso.alphonsoclient.ViewingInfoService.processSendViewingInfoRquest(ViewingInfoService.java:280)
12-21 10:00:22.227 12373 12649 W System.err: 	at tv.alphonso.alphonsoclient.ViewingInfoService.access$200(ViewingInfoService.java:16)
12-21 10:00:22.227 12373 12649 W System.err: 	at tv.alphonso.alphonsoclient.ViewingInfoService$1.handleMessage(ViewingInfoService.java:198)
12-21 10:00:22.228 12373 12373 E tv.alphonso.service.AlphonsoService: Error response is with error code: 1
12-21 10:00:22.281 12401 12426 I chatty  : uid=10150(com.dumadugames.honeyquest) UnityMain identical 2 lines
12-21 10:00:22.485 12373 12649 E tv.alphonso.alphonsoclient.ViewingInfoAPI: JSONException: org.json.JSONException: Value <html><head><title>Burp of type java.lang.String cannot be converted to JSONObject
12-21 10:00:22.485 12373 12649 W System.err: 	at tv.alphonso.alphonsoclient.ViewingInfoAPI.process200(ViewingInfoAPI.java:162)
12-21 10:00:22.485 12373 12649 W System.err: 	at tv.alphonso.alphonsoclient.ViewingInfoAPI.processResponse(ViewingInfoAPI.java:134)
12-21 10:00:22.485 12373 12649 W System.err: 	at tv.alphonso.alphonsoclient.ViewingInfoAPI.sendRequest(ViewingInfoAPI.java:113)
12-21 10:00:22.485 12373 12649 W System.err: 	at tv.alphonso.alphonsoclient.ViewingInfoService.processSendViewingInfoRquest(ViewingInfoService.java:280)
12-21 10:00:22.485 12373 12649 W System.err: 	at tv.alphonso.alphonsoclient.ViewingInfoService.access$200(ViewingInfoService.java:16)
12-21 10:00:22.485 12373 12649 W System.err: 	at tv.alphonso.alphonsoclient.ViewingInfoService$1.handleMessage(ViewingInfoService.java:198)
12-21 10:00:22.486 12373 12373 E tv.alphonso.service.AlphonsoService: Error response is with error code: 1
12-21 10:00:22.533 12401 12426 I chatty  : uid=10150(com.dumadugames.honeyquest) UnityMain identical 1 line
12-21 10:00:22.759 12373 12649 E tv.alphonso.alphonsoclient.ViewingInfoAPI: JSONException: org.json.JSONException: Value <html><head><title>Burp of type java.lang.String cannot be converted to JSONObject
12-21 10:00:22.761 12373 12649 W System.err: 	at tv.alphonso.alphonsoclient.ViewingInfoAPI.process200(ViewingInfoAPI.java:162)
12-21 10:00:22.761 12373 12649 W System.err: 	at tv.alphonso.alphonsoclient.ViewingInfoAPI.processResponse(ViewingInfoAPI.java:134)
12-21 10:00:22.761 12373 12649 W System.err: 	at tv.alphonso.alphonsoclient.ViewingInfoAPI.sendRequest(ViewingInfoAPI.java:113)
12-21 10:00:22.761 12373 12649 W System.err: 	at tv.alphonso.alphonsoclient.ViewingInfoService.processSendViewingInfoRquest(ViewingInfoService.java:280)
12-21 10:00:22.761 12373 12649 W System.err: 	at tv.alphonso.alphonsoclient.ViewingInfoService.access$200(ViewingInfoService.java:16)
12-21 10:00:22.761 12373 12649 W System.err: 	at tv.alphonso.alphonsoclient.ViewingInfoService$1.handleMessage(ViewingInfoService.java:198)
12-21 10:00:22.762 12373 12373 E tv.alphonso.service.AlphonsoService: Error response is with error code: 1
12-21 10:00:22.782 12401 12401 D ConnectivityManager: requestNetwork and the calling app is: com.dumadugames.honeyquest
12-21 10:00:22.838 12401 12426 I chatty  : uid=10150(com.dumadugames.honeyquest) UnityMain identical 1 line
12-21 10:00:22.864  1265  1290 I ActivityManager: Start proc 12718:com.android.chrome:sandboxed_process2/u0i115 for webview_service com.dumadugames.honeyquest/org.chromium.content.app.SandboxedProcessService2
12-21 10:00:23.033 12373 12649 E tv.alphonso.alphonsoclient.ViewingInfoAPI: JSONException: org.json.JSONException: Value <html><head><title>Burp of type java.lang.String cannot be converted to JSONObject
12-21 10:00:23.034 12373 12649 W System.err: 	at tv.alphonso.alphonsoclient.ViewingInfoAPI.process200(ViewingInfoAPI.java:162)
12-21 10:00:23.034 12373 12649 W System.err: 	at tv.alphonso.alphonsoclient.ViewingInfoAPI.processResponse(ViewingInfoAPI.java:134)
12-21 10:00:23.034 12373 12649 W System.err: 	at tv.alphonso.alphonsoclient.ViewingInfoAPI.sendRequest(ViewingInfoAPI.java:113)
12-21 10:00:23.034 12373 12649 W System.err: 	at tv.alphonso.alphonsoclient.ViewingInfoService.processSendViewingInfoRquest(ViewingInfoService.java:280)
12-21 10:00:23.034 12373 12649 W System.err: 	at tv.alphonso.alphonsoclient.ViewingInfoService.access$200(ViewingInfoService.java:16)
12-21 10:00:23.034 12373 12649 W System.err: 	at tv.alphonso.alphonsoclient.ViewingInfoService$1.handleMessage(ViewingInfoService.java:198)
12-21 10:00:23.034 12373 12373 E tv.alphonso.service.AlphonsoService: Error response is with error code: 1
12-21 10:00:23.053 12401 12426 I chatty  : uid=10150(com.dumadugames.honeyquest) UnityMain identical 1 line
12-21 10:00:23.302 12373 12649 E tv.alphonso.alphonsoclient.ViewingInfoAPI: JSONException: org.json.JSONException: Value <html><head><title>Burp of type java.lang.String cannot be converted to JSONObject
12-21 10:00:23.302 12373 12649 W System.err: 	at tv.alphonso.alphonsoclient.ViewingInfoAPI.process200(ViewingInfoAPI.java:162)
12-21 10:00:23.302 12373 12649 W System.err: 	at tv.alphonso.alphonsoclient.ViewingInfoAPI.processResponse(ViewingInfoAPI.java:134)
12-21 10:00:23.302 12373 12649 W System.err: 	at tv.alphonso.alphonsoclient.ViewingInfoAPI.sendRequest(ViewingInfoAPI.java:113)
12-21 10:00:23.302 12373 12649 W System.err: 	at tv.alphonso.alphonsoclient.ViewingInfoService.processSendViewingInfoRquest(ViewingInfoService.java:280)
12-21 10:00:23.302 12373 12649 W System.err: 	at tv.alphonso.alphonsoclient.ViewingInfoService.access$200(ViewingInfoService.java:16)
12-21 10:00:23.302 12373 12649 W System.err: 	at tv.alphonso.alphonsoclient.ViewingInfoService$1.handleMessage(ViewingInfoService.java:198)
12-21 10:00:23.303 12373 12373 E tv.alphonso.service.AlphonsoService: Error response is with error code: 1
12-21 10:00:23.340 12401 12411 I ames.honeyques: Background concurrent copying GC freed 187054(10MB) AllocSpace objects, 42(2MB) LOS objects, 72% free, 4MB/16MB, paused 268us total 115.560ms
12-21 10:00:23.399 12401 12426 I chatty  : uid=10150(com.dumadugames.honeyquest) UnityMain identical 1 line
12-21 10:00:23.518 12401 12426 I chatty  : uid=10150(com.dumadugames.honeyquest) UnityMain identical 5 lines
12-21 10:00:23.559 12373 12649 E tv.alphonso.alphonsoclient.ViewingInfoAPI: JSONException: org.json.JSONException: Value <html><head><title>Burp of type java.lang.String cannot be converted to JSONObject
12-21 10:00:23.561 12373 12649 W System.err: 	at tv.alphonso.alphonsoclient.ViewingInfoAPI.process200(ViewingInfoAPI.java:162)
12-21 10:00:23.561 12373 12649 W System.err: 	at tv.alphonso.alphonsoclient.ViewingInfoAPI.processResponse(ViewingInfoAPI.java:134)
12-21 10:00:23.561 12373 12649 W System.err: 	at tv.alphonso.alphonsoclient.ViewingInfoAPI.sendRequest(ViewingInfoAPI.java:113)
12-21 10:00:23.561 12373 12649 W System.err: 	at tv.alphonso.alphonsoclient.ViewingInfoService.processSendViewingInfoRquest(ViewingInfoService.java:280)
12-21 10:00:23.561 12373 12649 W System.err: 	at tv.alphonso.alphonsoclient.ViewingInfoService.access$200(ViewingInfoService.java:16)
12-21 10:00:23.561 12373 12649 W System.err: 	at tv.alphonso.alphonsoclient.ViewingInfoService$1.handleMessage(ViewingInfoService.java:198)
12-21 10:00:23.562 12373 12373 E tv.alphonso.service.AlphonsoService: Error response is with error code: 1
12-21 10:00:23.702 12401 12426 I chatty  : uid=10150(com.dumadugames.honeyquest) UnityMain identical 2 lines
12-21 10:00:23.803 12401 12426 I chatty  : uid=10150(com.dumadugames.honeyquest) UnityMain identical 4 lines
12-21 10:00:23.833 12373 12649 E tv.alphonso.alphonsoclient.ViewingInfoAPI: JSONException: org.json.JSONException: Value <html><head><title>Burp of type java.lang.String cannot be converted to JSONObject
12-21 10:00:23.835 12373 12649 W System.err: 	at tv.alphonso.alphonsoclient.ViewingInfoAPI.process200(ViewingInfoAPI.java:162)
12-21 10:00:23.835 12373 12649 W System.err: 	at tv.alphonso.alphonsoclient.ViewingInfoAPI.processResponse(ViewingInfoAPI.java:134)
12-21 10:00:23.835 12373 12649 W System.err: 	at tv.alphonso.alphonsoclient.ViewingInfoAPI.sendRequest(ViewingInfoAPI.java:113)
12-21 10:00:23.835 12373 12649 W System.err: 	at tv.alphonso.alphonsoclient.ViewingInfoService.processSendViewingInfoRquest(ViewingInfoService.java:280)
12-21 10:00:23.835 12373 12649 W System.err: 	at tv.alphonso.alphonsoclient.ViewingInfoService.access$200(ViewingInfoService.java:16)
12-21 10:00:23.835 12373 12649 W System.err: 	at tv.alphonso.alphonsoclient.ViewingInfoService$1.handleMessage(ViewingInfoService.java:198)
12-21 10:00:23.836 12373 12373 E tv.alphonso.service.AlphonsoService: Error response is with error code: 1
12-21 10:00:24.021 12401 12426 I chatty  : uid=10150(com.dumadugames.honeyquest) UnityMain identical 2 lines
12-21 10:00:24.071 12401 12426 I chatty  : uid=10150(com.dumadugames.honeyquest) UnityMain identical 1 line
12-21 10:00:24.102 12373 12649 E tv.alphonso.alphonsoclient.ViewingInfoAPI: JSONException: org.json.JSONException: Value <html><head><title>Burp of type java.lang.String cannot be converted to JSONObject
12-21 10:00:24.103 12373 12649 W System.err: 	at tv.alphonso.alphonsoclient.ViewingInfoAPI.process200(ViewingInfoAPI.java:162)
12-21 10:00:24.103 12373 12649 W System.err: 	at tv.alphonso.alphonsoclient.ViewingInfoAPI.processResponse(ViewingInfoAPI.java:134)
12-21 10:00:24.117 12373 12649 W System.err: 	at tv.alphonso.alphonsoclient.ViewingInfoAPI.sendRequest(ViewingInfoAPI.java:113)
12-21 10:00:24.117 12373 12649 W System.err: 	at tv.alphonso.alphonsoclient.ViewingInfoService.processSendViewingInfoRquest(ViewingInfoService.java:280)
12-21 10:00:24.117 12373 12649 W System.err: 	at tv.alphonso.alphonsoclient.ViewingInfoService.access$200(ViewingInfoService.java:16)
12-21 10:00:24.117 12373 12649 W System.err: 	at tv.alphonso.alphonsoclient.ViewingInfoService$1.handleMessage(ViewingInfoService.java:198)
12-21 10:00:24.119 12373 12373 E tv.alphonso.service.AlphonsoService: Error response is with error code: 1
12-21 10:00:24.206 12401 12426 I chatty  : uid=10150(com.dumadugames.honeyquest) UnityMain identical 1 line
12-21 10:00:24.384 12373 12649 E tv.alphonso.alphonsoclient.ViewingInfoAPI: JSONException: org.json.JSONException: Value <html><head><title>Burp of type java.lang.String cannot be converted to JSONObject
12-21 10:00:24.385 12373 12649 W System.err: 	at tv.alphonso.alphonsoclient.ViewingInfoAPI.process200(ViewingInfoAPI.java:162)
12-21 10:00:24.385 12373 12649 W System.err: 	at tv.alphonso.alphonsoclient.ViewingInfoAPI.processResponse(ViewingInfoAPI.java:134)
12-21 10:00:24.385 12373 12649 W System.err: 	at tv.alphonso.alphonsoclient.ViewingInfoAPI.sendRequest(ViewingInfoAPI.java:113)
12-21 10:00:24.385 12373 12649 W System.err: 	at tv.alphonso.alphonsoclient.ViewingInfoService.processSendViewingInfoRquest(ViewingInfoService.java:280)
12-21 10:00:24.385 12373 12649 W System.err: 	at tv.alphonso.alphonsoclient.ViewingInfoService.access$200(ViewingInfoService.java:16)
12-21 10:00:24.385 12373 12649 W System.err: 	at tv.alphonso.alphonsoclient.ViewingInfoService$1.handleMessage(ViewingInfoService.java:198)
12-21 10:00:24.386 12373 12373 E tv.alphonso.service.AlphonsoService: Error response is with error code: 1
12-21 10:00:24.491 12401 12426 I chatty  : uid=10150(com.dumadugames.honeyquest) UnityMain identical 2 lines
12-21 10:00:24.610 12401 12426 I chatty  : uid=10150(com.dumadugames.honeyquest) UnityMain identical 5 lines
12-21 10:00:24.657 12373 12649 E tv.alphonso.alphonsoclient.ViewingInfoAPI: JSONException: org.json.JSONException: Value <html><head><title>Burp of type java.lang.String cannot be converted to JSONObject
12-21 10:00:24.658 12373 12649 W System.err: 	at tv.alphonso.alphonsoclient.ViewingInfoAPI.process200(ViewingInfoAPI.java:162)
12-21 10:00:24.658 12373 12649 W System.err: 	at tv.alphonso.alphonsoclient.ViewingInfoAPI.processResponse(ViewingInfoAPI.java:134)
12-21 10:00:24.658 12373 12649 W System.err: 	at tv.alphonso.alphonsoclient.ViewingInfoAPI.sendRequest(ViewingInfoAPI.java:113)
12-21 10:00:24.658 12373 12649 W System.err: 	at tv.alphonso.alphonsoclient.ViewingInfoService.processSendViewingInfoRquest(ViewingInfoService.java:280)
12-21 10:00:24.658 12373 12649 W System.err: 	at tv.alphonso.alphonsoclient.ViewingInfoService.access$200(ViewingInfoService.java:16)
12-21 10:00:24.658 12373 12649 W System.err: 	at tv.alphonso.alphonsoclient.ViewingInfoService$1.handleMessage(ViewingInfoService.java:198)
12-21 10:00:24.661 12373 12373 E tv.alphonso.service.AlphonsoService: Error response is with error code: 1
12-21 10:00:24.726 12401 12426 I chatty  : uid=10150(com.dumadugames.honeyquest) UnityMain identical 1 line
12-21 10:00:24.877 12401 12426 I chatty  : uid=10150(com.dumadugames.honeyquest) UnityMain identical 5 lines
12-21 10:00:24.914 12373 12649 E tv.alphonso.alphonsoclient.ViewingInfoAPI: JSONException: org.json.JSONException: Value <html><head><title>Burp of type java.lang.String cannot be converted to JSONObject
12-21 10:00:24.916 12373 12649 W System.err: 	at tv.alphonso.alphonsoclient.ViewingInfoAPI.process200(ViewingInfoAPI.java:162)
12-21 10:00:24.916 12373 12649 W System.err: 	at tv.alphonso.alphonsoclient.ViewingInfoAPI.processResponse(ViewingInfoAPI.java:134)
12-21 10:00:24.916 12373 12649 W System.err: 	at tv.alphonso.alphonsoclient.ViewingInfoAPI.sendRequest(ViewingInfoAPI.java:113)
12-21 10:00:24.916 12373 12649 W System.err: 	at tv.alphonso.alphonsoclient.ViewingInfoService.processSendViewingInfoRquest(ViewingInfoService.java:280)
12-21 10:00:24.916 12373 12649 W System.err: 	at tv.alphonso.alphonsoclient.ViewingInfoService.access$200(ViewingInfoService.java:16)
12-21 10:00:24.916 12373 12649 W System.err: 	at tv.alphonso.alphonsoclient.ViewingInfoService$1.handleMessage(ViewingInfoService.java:198)
12-21 10:00:24.916 12373 12373 E tv.alphonso.service.AlphonsoService: Error response is with error code: 1
12-21 10:00:25.129 12401 12426 I chatty  : uid=10150(com.dumadugames.honeyquest) UnityMain identical 4 lines
12-21 10:00:25.182 12373 12649 E tv.alphonso.alphonsoclient.ViewingInfoAPI: JSONException: org.json.JSONException: Value <html><head><title>Burp of type java.lang.String cannot be converted to JSONObject
12-21 10:00:25.183 12373 12649 W System.err: 	at tv.alphonso.alphonsoclient.ViewingInfoAPI.process200(ViewingInfoAPI.java:162)
12-21 10:00:25.183 12373 12649 W System.err: 	at tv.alphonso.alphonsoclient.ViewingInfoAPI.processResponse(ViewingInfoAPI.java:134)
12-21 10:00:25.183 12373 12649 W System.err: 	at tv.alphonso.alphonsoclient.ViewingInfoAPI.sendRequest(ViewingInfoAPI.java:113)
12-21 10:00:25.183 12373 12649 W System.err: 	at tv.alphonso.alphonsoclient.ViewingInfoService.processSendViewingInfoRquest(ViewingInfoService.java:280)
12-21 10:00:25.183 12373 12649 W System.err: 	at tv.alphonso.alphonsoclient.ViewingInfoService.access$200(ViewingInfoService.java:16)
12-21 10:00:25.183 12373 12649 W System.err: 	at tv.alphonso.alphonsoclient.ViewingInfoService$1.handleMessage(ViewingInfoService.java:198)
12-21 10:00:25.184 12373 12373 E tv.alphonso.service.AlphonsoService: Error response is with error code: 1
12-21 10:00:25.280 12401 12426 I chatty  : uid=10150(com.dumadugames.honeyquest) UnityMain identical 2 lines
12-21 10:00:25.398 12401 12426 I chatty  : uid=10150(com.dumadugames.honeyquest) UnityMain identical 3 lines
12-21 10:00:25.454 12373 12649 E tv.alphonso.alphonsoclient.ViewingInfoAPI: JSONException: org.json.JSONException: Value <html><head><title>Burp of type java.lang.String cannot be converted to JSONObject
12-21 10:00:25.454 12373 12649 W System.err: 	at tv.alphonso.alphonsoclient.ViewingInfoAPI.process200(ViewingInfoAPI.java:162)
12-21 10:00:25.454 12373 12649 W System.err: 	at tv.alphonso.alphonsoclient.ViewingInfoAPI.processResponse(ViewingInfoAPI.java:134)
12-21 10:00:25.454 12373 12649 W System.err: 	at tv.alphonso.alphonsoclient.ViewingInfoAPI.sendRequest(ViewingInfoAPI.java:113)
12-21 10:00:25.454 12373 12649 W System.err: 	at tv.alphonso.alphonsoclient.ViewingInfoService.processSendViewingInfoRquest(ViewingInfoService.java:280)
12-21 10:00:25.454 12373 12649 W System.err: 	at tv.alphonso.alphonsoclient.ViewingInfoService.access$200(ViewingInfoService.java:16)
12-21 10:00:25.455 12373 12649 W System.err: 	at tv.alphonso.alphonsoclient.ViewingInfoService$1.handleMessage(ViewingInfoService.java:198)
12-21 10:00:25.457 12373 12373 E tv.alphonso.service.AlphonsoService: Error response is with error code: 1
12-21 10:00:25.533 12401 12426 I chatty  : uid=10150(com.dumadugames.honeyquest) UnityMain identical 2 lines
12-21 10:00:25.719 12373 12649 E tv.alphonso.alphonsoclient.ViewingInfoAPI: JSONException: org.json.JSONException: Value <html><head><title>Burp of type java.lang.String cannot be converted to JSONObject
12-21 10:00:25.720 12373 12649 W System.err: 	at tv.alphonso.alphonsoclient.ViewingInfoAPI.process200(ViewingInfoAPI.java:162)
12-21 10:00:25.720 12373 12649 W System.err: 	at tv.alphonso.alphonsoclient.ViewingInfoAPI.processResponse(ViewingInfoAPI.java:134)
12-21 10:00:25.720 12373 12649 W System.err: 	at tv.alphonso.alphonsoclient.ViewingInfoAPI.sendRequest(ViewingInfoAPI.java:113)
12-21 10:00:25.720 12373 12649 W System.err: 	at tv.alphonso.alphonsoclient.ViewingInfoService.processSendViewingInfoRquest(ViewingInfoService.java:280)
12-21 10:00:25.720 12373 12649 W System.err: 	at tv.alphonso.alphonsoclient.ViewingInfoService.access$200(ViewingInfoService.java:16)
12-21 10:00:25.720 12373 12649 W System.err: 	at tv.alphonso.alphonsoclient.ViewingInfoService$1.handleMessage(ViewingInfoService.java:198)
12-21 10:00:25.722 12373 12373 E tv.alphonso.service.AlphonsoService: Error response is with error code: 1
12-21 10:00:25.767 12401 12426 I chatty  : uid=10150(com.dumadugames.honeyquest) UnityMain identical 1 line
12-21 10:00:25.851 12401 12426 I chatty  : uid=10150(com.dumadugames.honeyquest) UnityMain identical 3 lines
12-21 10:00:25.983 12373 12649 E tv.alphonso.alphonsoclient.ViewingInfoAPI: JSONException: org.json.JSONException: Value <html><head><title>Burp of type java.lang.String cannot be converted to JSONObject
12-21 10:00:25.985 12373 12649 W System.err: 	at tv.alphonso.alphonsoclient.ViewingInfoAPI.process200(ViewingInfoAPI.java:162)
12-21 10:00:25.985 12373 12649 W System.err: 	at tv.alphonso.alphonsoclient.ViewingInfoAPI.processResponse(ViewingInfoAPI.java:134)
12-21 10:00:25.985 12373 12649 W System.err: 	at tv.alphonso.alphonsoclient.ViewingInfoAPI.sendRequest(ViewingInfoAPI.java:113)
12-21 10:00:25.985 12373 12649 W System.err: 	at tv.alphonso.alphonsoclient.ViewingInfoService.processSendViewingInfoRquest(ViewingInfoService.java:280)
12-21 10:00:25.985 12373 12649 W System.err: 	at tv.alphonso.alphonsoclient.ViewingInfoService.access$200(ViewingInfoService.java:16)
12-21 10:00:25.985 12373 12649 W System.err: 	at tv.alphonso.alphonsoclient.ViewingInfoService$1.handleMessage(ViewingInfoService.java:198)
12-21 10:00:25.988 12373 12373 E tv.alphonso.service.AlphonsoService: Error response is with error code: 1
12-21 10:00:26.037 12401 12426 I chatty  : uid=10150(com.dumadugames.honeyquest) UnityMain identical 3 lines
12-21 10:00:26.137 12401 12426 I chatty  : uid=10150(com.dumadugames.honeyquest) UnityMain identical 4 lines
12-21 10:00:26.251 12373 12649 E tv.alphonso.alphonsoclient.ViewingInfoAPI: JSONException: org.json.JSONException: Value <html><head><title>Burp of type java.lang.String cannot be converted to JSONObject
12-21 10:00:26.252 12373 12649 W System.err: 	at tv.alphonso.alphonsoclient.ViewingInfoAPI.process200(ViewingInfoAPI.java:162)
12-21 10:00:26.252 12373 12649 W System.err: 	at tv.alphonso.alphonsoclient.ViewingInfoAPI.processResponse(ViewingInfoAPI.java:134)
12-21 10:00:26.252 12373 12649 W System.err: 	at tv.alphonso.alphonsoclient.ViewingInfoAPI.sendRequest(ViewingInfoAPI.java:113)
12-21 10:00:26.252 12373 12649 W System.err: 	at tv.alphonso.alphonsoclient.ViewingInfoService.processSendViewingInfoRquest(ViewingInfoService.java:280)
12-21 10:00:26.252 12373 12649 W System.err: 	at tv.alphonso.alphonsoclient.ViewingInfoService.access$200(ViewingInfoService.java:16)
12-21 10:00:26.252 12373 12649 W System.err: 	at tv.alphonso.alphonsoclient.ViewingInfoService$1.handleMessage(ViewingInfoService.java:198)
12-21 10:00:26.253 12373 12373 E tv.alphonso.service.AlphonsoService: Error response is with error code: 1
12-21 10:00:26.405 12401 12426 I chatty  : uid=10150(com.dumadugames.honeyquest) UnityMain identical 3 lines
12-21 10:00:26.514 12373 12649 E tv.alphonso.alphonsoclient.ViewingInfoAPI: JSONException: org.json.JSONException: Value <html><head><title>Burp of type java.lang.String cannot be converted to JSONObject
12-21 10:00:26.514 12373 12649 W System.err: 	at tv.alphonso.alphonsoclient.ViewingInfoAPI.process200(ViewingInfoAPI.java:162)
12-21 10:00:26.514 12373 12649 W System.err: 	at tv.alphonso.alphonsoclient.ViewingInfoAPI.processResponse(ViewingInfoAPI.java:134)
12-21 10:00:26.514 12373 12649 W System.err: 	at tv.alphonso.alphonsoclient.ViewingInfoAPI.sendRequest(ViewingInfoAPI.java:113)
12-21 10:00:26.514 12373 12649 W System.err: 	at tv.alphonso.alphonsoclient.ViewingInfoService.processSendViewingInfoRquest(ViewingInfoService.java:280)
12-21 10:00:26.514 12373 12649 W System.err: 	at tv.alphonso.alphonsoclient.ViewingInfoService.access$200(ViewingInfoService.java:16)
12-21 10:00:26.514 12373 12649 W System.err: 	at tv.alphonso.alphonsoclient.ViewingInfoService$1.handleMessage(ViewingInfoService.java:198)
12-21 10:00:26.515 12373 12373 E tv.alphonso.service.AlphonsoService: Error response is with error code: 1
12-21 10:00:26.556 12401 12426 I chatty  : uid=10150(com.dumadugames.honeyquest) UnityMain identical 2 lines
12-21 10:00:26.623 12401 12426 I chatty  : uid=10150(com.dumadugames.honeyquest) UnityMain identical 2 lines
12-21 10:00:26.787 12373 12649 E tv.alphonso.alphonsoclient.ViewingInfoAPI: JSONException: org.json.JSONException: Value <html><head><title>Burp of type java.lang.String cannot be converted to JSONObject
12-21 10:00:26.790 12373 12649 W System.err: 	at tv.alphonso.alphonsoclient.ViewingInfoAPI.process200(ViewingInfoAPI.java:162)
12-21 10:00:26.791 12373 12649 W System.err: 	at tv.alphonso.alphonsoclient.ViewingInfoAPI.processResponse(ViewingInfoAPI.java:134)
12-21 10:00:26.791 12373 12649 W System.err: 	at tv.alphonso.alphonsoclient.ViewingInfoAPI.sendRequest(ViewingInfoAPI.java:113)
12-21 10:00:26.791 12373 12649 W System.err: 	at tv.alphonso.alphonsoclient.ViewingInfoService.processSendViewingInfoRquest(ViewingInfoService.java:280)
12-21 10:00:26.791 12373 12649 W System.err: 	at tv.alphonso.alphonsoclient.ViewingInfoService.access$200(ViewingInfoService.java:16)
12-21 10:00:26.791 12373 12649 W System.err: 	at tv.alphonso.alphonsoclient.ViewingInfoService$1.handleMessage(ViewingInfoService.java:198)
12-21 10:00:26.791 12373 12373 E tv.alphonso.service.AlphonsoService: Error response is with error code: 1
12-21 10:00:26.842 12401 12426 I chatty  : uid=10150(com.dumadugames.honeyquest) UnityMain identical 3 lines
12-21 10:00:27.051 12373 12649 E tv.alphonso.alphonsoclient.ViewingInfoAPI: JSONException: org.json.JSONException: Value <html><head><title>Burp of type java.lang.String cannot be converted to JSONObject
12-21 10:00:27.052 12373 12649 W System.err: 	at tv.alphonso.alphonsoclient.ViewingInfoAPI.process200(ViewingInfoAPI.java:162)
12-21 10:00:27.052 12373 12649 W System.err: 	at tv.alphonso.alphonsoclient.ViewingInfoAPI.processResponse(ViewingInfoAPI.java:134)
12-21 10:00:27.052 12373 12649 W System.err: 	at tv.alphonso.alphonsoclient.ViewingInfoAPI.sendRequest(ViewingInfoAPI.java:113)
12-21 10:00:27.052 12373 12649 W System.err: 	at tv.alphonso.alphonsoclient.ViewingInfoService.processSendViewingInfoRquest(ViewingInfoService.java:280)
12-21 10:00:27.052 12373 12649 W System.err: 	at tv.alphonso.alphonsoclient.ViewingInfoService.access$200(ViewingInfoService.java:16)
12-21 10:00:27.052 12373 12649 W System.err: 	at tv.alphonso.alphonsoclient.ViewingInfoService$1.handleMessage(ViewingInfoService.java:198)
12-21 10:00:27.052 12373 12373 E tv.alphonso.service.AlphonsoService: Error response is with error code: 1
12-21 10:00:27.094 12401 12426 I chatty  : uid=10150(com.dumadugames.honeyquest) UnityMain identical 2 lines
12-21 10:00:27.211 12401 12426 I chatty  : uid=10150(com.dumadugames.honeyquest) UnityMain identical 3 lines
12-21 10:00:27.306 12373 12649 E tv.alphonso.alphonsoclient.ViewingInfoAPI: JSONException: org.json.JSONException: Value <html><head><title>Burp of type java.lang.String cannot be converted to JSONObject
12-21 10:00:27.306 12373 12649 W System.err: 	at tv.alphonso.alphonsoclient.ViewingInfoAPI.process200(ViewingInfoAPI.java:162)
12-21 10:00:27.306 12373 12649 W System.err: 	at tv.alphonso.alphonsoclient.ViewingInfoAPI.processResponse(ViewingInfoAPI.java:134)
12-21 10:00:27.306 12373 12649 W System.err: 	at tv.alphonso.