12-21 09:47:50.554  9187  9631 E tv.alphonso.alphonsoclient.RESTService: 	at org.apache.http.impl.client.AbstractHttpClient.execute(AbstractHttpClient.java:495)
12-21 09:47:50.554  9187  9631 E tv.alphonso.alphonsoclient.RESTService: 	at tv.alphonso.alphonsoclient.RESTService.handleMessage(RESTService.java:169)
12-21 09:47:50.554  9187  9631 E tv.alphonso.alphonsoclient.RESTService: 	at tv.alphonso.alphonsoclient.AlphonsoClient.invokeGenericRESTApi(AlphonsoClient.java:1107)
12-21 09:47:50.554  9187  9631 E tv.alphonso.alphonsoclient.RESTService: 	at tv.alphonso.alphonsoclient.AlphonsoClient.sendProvServerConfigRequest(AlphonsoClient.java:754)
12-21 09:47:50.554  9187  9631 E tv.alphonso.alphonsoclient.RESTService: 	at tv.alphonso.alphonsoclient.AlphonsoClient.access$1100(AlphonsoClient.java:33)
12-21 09:47:50.554  9187  9631 E tv.alphonso.alphonsoclient.RESTService: 	at tv.alphonso.alphonsoclient.AlphonsoClient$1.handleMessage(AlphonsoClient.java:472)
12-21 09:47:50.554  9187  9631 E tv.alphonso.alphonsoclient.RESTService: 	at android.os.Handler.dispatchMessage(Handler.java:108)
12-21 09:47:50.554  9187  9631 E tv.alphonso.alphonsoclient.RESTService: 	at android.os.Looper.loop(Looper.java:216)
12-21 09:47:50.554  9187  9631 E tv.alphonso.alphonsoclient.RESTService: 	at android.os.HandlerThread.run(HandlerThread.java:65)
12-21 09:47:50.554  9187  9631 E tv.alphonso.alphonsoclient.RESTService: Caused by: java.net.ConnectException: failed to connect to /192.168.0.106 (port 8081) from /:: (port 59378): connect failed: ECONNREFUSED (Connection refused)
12-21 09:47:50.554  9187  9631 E tv.alphonso.alphonsoclient.RESTService: 	at libcore.io.IoBridge.connect(IoBridge.java:137)
12-21 09:47:50.554  9187  9631 E tv.alphonso.alphonsoclient.RESTService: 	at java.net.PlainSocketImpl.socketConnect(PlainSocketImpl.java:137)
12-21 09:47:50.554  9187  9631 E tv.alphonso.alphonsoclient.RESTService: 	at java.net.AbstractPlainSocketImpl.doConnect(AbstractPlainSocketImpl.java:391)
12-21 09:47:50.554  9187  9631 E tv.alphonso.alphonsoclient.RESTService: 	at java.net.AbstractPlainSocketImpl.connectToAddress(AbstractPlainSocketImpl.java:231)
12-21 09:47:50.554  9187  9631 E tv.alphonso.alphonsoclient.RESTService: 	at java.net.AbstractPlainSocketImpl.connect(AbstractPlainSocketImpl.java:213)
12-21 09:47:50.554  9187  9631 E tv.alphonso.alphonsoclient.RESTService: 	at java.net.SocksSocketImpl.connect(SocksSocketImpl.java:436)
12-21 09:47:50.554  9187  9631 E tv.alphonso.alphonsoclient.RESTService: 	at java.net.Socket.connect(Socket.java:621)
12-21 09:47:50.554  9187  9631 E tv.alphonso.alphonsoclient.RESTService: 	at org.apache.http.conn.scheme.PlainSocketFactory.connectSocket(PlainSocketFactory.java:124)
12-21 09:47:50.554  9187  9631 E tv.alphonso.alphonsoclient.RESTService: 	at org.apache.http.impl.conn.DefaultClientConnectionOperator.openConnection(DefaultClientConnectionOperator.java:151)
12-21 09:47:50.554  9187  9631 E tv.alphonso.alphonsoclient.RESTService: 	... 14 more
12-21 09:47:50.554  9187  9631 E tv.alphonso.alphonsoclient.RESTService: Caused by: android.system.ErrnoException: connect failed: ECONNREFUSED (Connection refused)
12-21 09:47:50.554  9187  9631 E tv.alphonso.alphonsoclient.RESTService: 	at libcore.io.Linux.connect(Native Method)
12-21 09:47:50.554  9187  9631 E tv.alphonso.alphonsoclient.RESTService: 	at libcore.io.BlockGuardOs.connect(BlockGuardOs.java:118)
12-21 09:47:50.554  9187  9631 E tv.alphonso.alphonsoclient.RESTService: 	at libcore.io.IoBridge.connectErrno(IoBridge.java:151)
12-21 09:47:50.554  9187  9631 E tv.alphonso.alphonsoclient.RESTService: 	at libcore.io.IoBridge.connect(IoBridge.java:129)
12-21 09:47:50.554  9187  9631 E tv.alphonso.alphonsoclient.RESTService: 	... 22 more
12-21 09:47:50.554  9187  9631 E tv.alphonso.alphonsoclient.AlphonsoClient: ProvServerConfigRequest failed with error 0
12-21 09:47:50.554  9187  9187 E tv.alphonso.service.ProvClient: REST API call response is with error and code: 1
12-21 09:47:50.564  9187  9631 E tv.alphonso.alphonsoclient.RESTService: There was a problem when sending the request.
12-21 09:47:50.564  9187  9631 E tv.alphonso.alphonsoclient.RESTService: org.apache.http.conn.HttpHostConnectException: Connection to http://192.168.0.106:8081 refused
12-21 09:47:50.564  9187  9631 E tv.alphonso.alphonsoclient.RESTService: 	at org.apache.http.impl.conn.DefaultClientConnectionOperator.openConnection(DefaultClientConnectionOperator.java:195)
12-21 09:47:50.564  9187  9631 E tv.alphonso.alphonsoclient.RESTService: 	at org.apache.http.impl.conn.AbstractPoolEntry.open(AbstractPoolEntry.java:170)
12-21 09:47:50.564  9187  9631 E tv.alphonso.alphonsoclient.RESTService: 	at org.apache.http.impl.conn.AbstractPooledConnAdapter.open(AbstractPooledConnAdapter.java:124)
12-21 09:47:50.564  9187  9631 E tv.alphonso.alphonsoclient.RESTService: 	at org.apache.http.impl.client.DefaultRequestDirector.execute(DefaultRequestDirector.java:366)
12-21 09:47:50.564  9187  9631 E tv.alphonso.alphonsoclient.RESTService: 	at org.apache.http.impl.client.AbstractHttpClient.execute(AbstractHttpClient.java:596)
12-21 09:47:50.564  9187  9631 E tv.alphonso.alphonsoclient.RESTService: 	at org.apache.http.impl.client.AbstractHttpClient.execute(AbstractHttpClient.java:517)
12-21 09:47:50.564  9187  9631 E tv.alphonso.alphonsoclient.RESTService: 	at org.apache.http.impl.client.AbstractHttpClient.execute(AbstractHttpClient.java:495)
12-21 09:47:50.564  9187  9631 E tv.alphonso.alphonsoclient.RESTService: 	at tv.alphonso.alphonsoclient.RESTService.handleMessage(RESTService.java:169)
12-21 09:47:50.564  9187  9631 E tv.alphonso.alphonsoclient.RESTService: 	at tv.alphonso.alphonsoclient.AlphonsoClient.invokeGenericRESTApi(AlphonsoClient.java:1107)
12-21 09:47:50.564  9187  9631 E tv.alphonso.alphonsoclient.RESTService: 	at tv.alphonso.alphonsoclient.AlphonsoClient.invokeRESTApi(AlphonsoClient.java:1095)
12-21 09:47:50.564  9187  9631 E tv.alphonso.alphonsoclient.RESTService: 	at tv.alphonso.alphonsoclient.AlphonsoClient.sendLocationUpdateToServer(AlphonsoClient.java:1402)
12-21 09:47:50.564  9187  9631 E tv.alphonso.alphonsoclient.RESTService: 	at tv.alphonso.alphonsoclient.AlphonsoClient.processLocationUpdateRequest(AlphonsoClient.java:992)
12-21 09:47:50.564  9187  9631 E tv.alphonso.alphonsoclient.RESTService: 	at tv.alphonso.alphonsoclient.AlphonsoClient.access$500(AlphonsoClient.java:33)
12-21 09:47:50.564  9187  9631 E tv.alphonso.alphonsoclient.RESTService: 	at tv.alphonso.alphonsoclient.AlphonsoClient$1.handleMessage(AlphonsoClient.java:448)
12-21 09:47:50.564  9187  9631 E tv.alphonso.alphonsoclient.RESTService: 	at android.os.Handler.dispatchMessage(Handler.java:108)
12-21 09:47:50.564  9187  9631 E tv.alphonso.alphonsoclient.RESTService: 	at android.os.Looper.loop(Looper.java:216)
12-21 09:47:50.564  9187  9631 E tv.alphonso.alphonsoclient.RESTService: 	at android.os.HandlerThread.run(HandlerThread.java:65)
12-21 09:47:50.564  9187  9631 E tv.alphonso.alphonsoclient.RESTService: Caused by: java.net.ConnectException: failed to connect to /192.168.0.106 (port 8081) from /:: (port 59380): connect failed: ECONNREFUSED (Connection refused)
12-21 09:47:50.564  9187  9631 E tv.alphonso.alphonsoclient.RESTService: 	at libcore.io.IoBridge.connect(IoBridge.java:137)
12-21 09:47:50.564  9187  9631 E tv.alphonso.alphonsoclient.RESTService: 	at java.net.PlainSocketImpl.socketConnect(PlainSocketImpl.java:137)
12-21 09:47:50.564  9187  9631 E tv.alphonso.alphonsoclient.RESTService: 	at java.net.AbstractPlainSocketImpl.doConnect(AbstractPlainSocketImpl.java:391)
12-21 09:47:50.564  9187  9631 E tv.alphonso.alphonsoclient.RESTService: 	at java.net.AbstractPlainSocketImpl.connectToAddress(AbstractPlainSocketImpl.java:231)
12-21 09:47:50.564  9187  9631 E tv.alphonso.alphonsoclient.RESTService: 	at java.net.AbstractPlainSocketImpl.connect(AbstractPlainSocketImpl.java:213)
12-21 09:47:50.564  9187  9631 E tv.alphonso.alphonsoclient.RESTService: 	at java.net.SocksSocketImpl.connect(SocksSocketImpl.java:436)
12-21 09:47:50.564  9187  9631 E tv.alphonso.alphonsoclient.RESTService: 	at java.net.Socket.connect(Socket.java:621)
12-21 09:47:50.564  9187  9631 E tv.alphonso.alphonsoclient.RESTService: 	at org.apache.http.conn.scheme.PlainSocketFactory.connectSocket(PlainSocketFactory.java:124)
12-21 09:47:50.564  9187  9631 E tv.alphonso.alphonsoclient.RESTService: 	at org.apache.http.impl.conn.DefaultClientConnectionOperator.openConnection(DefaultClientConnectionOperator.java:151)
12-21 09:47:50.564  9187  9631 E tv.alphonso.alphonsoclient.RESTService: 	... 16 more
12-21 09:47:50.564  9187  9631 E tv.alphonso.alphonsoclient.RESTService: Caused by: android.system.ErrnoException: connect failed: ECONNREFUSED (Connection refused)
12-21 09:47:50.564  9187  9631 E tv.alphonso.alphonsoclient.RESTService: 	at libcore.io.Linux.connect(Native Method)
12-21 09:47:50.564  9187  9631 E tv.alphonso.alphonsoclient.RESTService: 	at libcore.io.BlockGuardOs.connect(BlockGuardOs.java:118)
12-21 09:47:50.564  9187  9631 E tv.alphonso.alphonsoclient.RESTService: 	at libcore.io.IoBridge.connectErrno(IoBridge.java:151)
12-21 09:47:50.564  9187  9631 E tv.alphonso.alphonsoclient.RESTService: 	at libcore.io.IoBridge.connect(IoBridge.java:129)
12-21 09:47:50.564  9187  9631 E tv.alphonso.alphonsoclient.RESTService: 	... 24 more
12-21 09:47:50.565  9187  9631 E tv.alphonso.alphonsoclient.AlphonsoClient: REST API Call for Location update to server failed with error 0
12-21 09:47:50.578  9187  9631 E tv.alphonso.alphonsoclient.RESTService: There was a problem when sending the request.
12-21 09:47:50.578  9187  9631 E tv.alphonso.alphonsoclient.RESTService: org.apache.http.conn.HttpHostConnectException: Connection to http://192.168.0.106:8081 refused
12-21 09:47:50.578  9187  9631 E tv.alphonso.alphonsoclient.RESTService: 	at org.apache.http.impl.conn.DefaultClientConnectionOperator.openConnection(DefaultClientConnectionOperator.java:195)
12-21 09:47:50.578  9187  9631 E tv.alphonso.alphonsoclient.RESTService: 	at org.apache.http.impl.conn.AbstractPoolEntry.open(AbstractPoolEntry.java:170)
12-21 09:47:50.578  9187  9631 E tv.alphonso.alphonsoclient.RESTService: 	at org.apache.http.impl.conn.AbstractPooledConnAdapter.open(AbstractPooledConnAdapter.java:124)
12-21 09:47:50.578  9187  9631 E tv.alphonso.alphonsoclient.RESTService: 	at org.apache.http.impl.client.DefaultRequestDirector.execute(DefaultRequestDirector.java:366)
12-21 09:47:50.578  9187  9631 E tv.alphonso.alphonsoclient.RESTService: 	at org.apache.http.impl.client.AbstractHttpClient.execute(AbstractHttpClient.java:596)
12-21 09:47:50.578  9187  9631 E tv.alphonso.alphonsoclient.RESTService: 	at org.apache.http.impl.client.AbstractHttpClient.execute(AbstractHttpClient.java:517)
12-21 09:47:50.578  9187  9631 E tv.alphonso.alphonsoclient.RESTService: 	at org.apache.http.impl.client.AbstractHttpClient.execute(AbstractHttpClient.java:495)
12-21 09:47:50.578  9187  9631 E tv.alphonso.alphonsoclient.RESTService: 	at tv.alphonso.alphonsoclient.RESTService.handleMessage(RESTService.java:169)
12-21 09:47:50.578  9187  9631 E tv.alphonso.alphonsoclient.RESTService: 	at tv.alphonso.alphonsoclient.AlphonsoClient.invokeGenericRESTApi(AlphonsoClient.java:1107)
12-21 09:47:50.578  9187  9631 E tv.alphonso.alphonsoclient.RESTService: 	at tv.alphonso.alphonsoclient.AlphonsoClient.sendProvServerConfigRequest(AlphonsoClient.java:754)
12-21 09:47:50.578  9187  9631 E tv.alphonso.alphonsoclient.RESTService: 	at tv.alphonso.alphonsoclient.AlphonsoClient.access$1100(AlphonsoClient.java:33)
12-21 09:47:50.578  9187  9631 E tv.alphonso.alphonsoclient.RESTService: 	at tv.alphonso.alphonsoclient.AlphonsoClient$1.handleMessage(AlphonsoClient.java:472)
12-21 09:47:50.578  9187  9631 E tv.alphonso.alphonsoclient.RESTService: 	at android.os.Handler.dispatchMessage(Handler.java:108)
12-21 09:47:50.578  9187  9631 E tv.alphonso.alphonsoclient.RESTService: 	at android.os.Looper.loop(Looper.java:216)
12-21 09:47:50.578  9187  9631 E tv.alphonso.alphonsoclient.RESTService: 	at android.os.HandlerThread.run(HandlerThread.java:65)
12-21 09:47:50.578  9187  9631 E tv.alphonso.alphonsoclient.RESTService: Caused by: java.net.ConnectException: failed to connect to /192.168.0.106 (port 8081) from /:: (port 59382): connect failed: ECONNREFUSED (Connection refused)
12-21 09:47:50.578  9187  9631 E tv.alphonso.alphonsoclient.RESTService: 	at libcore.io.IoBridge.connect(IoBridge.java:137)
12-21 09:47:50.578  9187  9631 E tv.alphonso.alphonsoclient.RESTService: 	at java.net.PlainSocketImpl.socketConnect(PlainSocketImpl.java:137)
12-21 09:47:50.578  9187  9631 E tv.alphonso.alphonsoclient.RESTService: 	at java.net.AbstractPlainSocketImpl.doConnect(AbstractPlainSocketImpl.java:391)
12-21 09:47:50.578  9187  9631 E tv.alphonso.alphonsoclient.RESTService: 	at java.net.AbstractPlainSocketImpl.connectToAddress(AbstractPlainSocketImpl.java:231)
12-21 09:47:50.578  9187  9631 E tv.alphonso.alphonsoclient.RESTService: 	at java.net.AbstractPlainSocketImpl.connect(AbstractPlainSocketImpl.java:213)
12-21 09:47:50.578  9187  9631 E tv.alphonso.alphonsoclient.RESTService: 	at java.net.SocksSocketImpl.connect(SocksSocketImpl.java:436)
12-21 09:47:50.578  9187  9631 E tv.alphonso.alphonsoclient.RESTService: 	at java.net.Socket.connect(Socket.java:621)
12-21 09:47:50.578  9187  9631 E tv.alphonso.alphonsoclient.RESTService: 	at org.apache.http.conn.scheme.PlainSocketFactory.connectSocket(PlainSocketFactory.java:124)
12-21 09:47:50.578  9187  9631 E tv.alphonso.alphonsoclient.RESTService: 	at org.apache.http.impl.conn.DefaultClientConnectionOperator.openConnection(DefaultClientConnectionOperator.java:151)
12-21 09:47:50.578  9187  9631 E tv.alphonso.alphonsoclient.RESTService: 	... 14 more
12-21 09:47:50.578  9187  9631 E tv.alphonso.alphonsoclient.RESTService: Caused by: android.system.ErrnoException: connect failed: ECONNREFUSED (Connection refused)
12-21 09:47:50.578  9187  9631 E tv.alphonso.alphonsoclient.RESTService: 	at libcore.io.Linux.connect(Native Method)
12-21 09:47:50.578  9187  9631 E tv.alphonso.alphonsoclient.RESTService: 	at libcore.io.BlockGuardOs.connect(BlockGuardOs.java:118)
12-21 09:47:50.578  9187  9631 E tv.alphonso.alphonsoclient.RESTService: 	at libcore.io.IoBridge.connectErrno(IoBridge.java:151)
12-21 09:47:50.578  9187  9631 E tv.alphonso.alphonsoclient.RESTService: 	at libcore.io.IoBridge.connect(IoBridge.java:129)
12-21 09:47:50.578  9187  9631 E tv.alphonso.alphonsoclient.RESTService: 	... 22 more
12-21 09:47:50.579  9187  9631 E tv.alphonso.alphonsoclient.AlphonsoClient: ProvServerConfigRequest failed with error 0
12-21 09:47:50.579  9187  9187 E tv.alphonso.service.ProvClient: REST API call response is with error and code: 1
12-21 09:47:50.591  9187  9737 E tv.alphonso.alphonsoclient.HttpRestService: HTTP SocketException, no presponse from server.
12-21 09:47:50.592  9187  9737 E tv.alphonso.alphonsoclient.ViewingInfoAPI: REST API Call to server failed. HTTP code: 1002
12-21 09:47:50.593  9187  9187 E tv.alphonso.service.AlphonsoService: Error response is with error code: 1
12-21 09:47:50.840  9187  9737 E tv.alphonso.alphonsoclient.HttpRestService: HTTP SocketException, no presponse from server.
12-21 09:47:50.840  9187  9737 E tv.alphonso.alphonsoclient.ViewingInfoAPI: REST API Call to server failed. HTTP code: 1002
12-21 09:47:50.841  9187  9187 E tv.alphonso.service.AlphonsoService: Error response is with error code: 1
12-21 09:47:51.125  9187  9737 E tv.alphonso.alphonsoclient.HttpRestService: HTTP SocketException, no presponse from server.
12-21 09:47:51.125  9187  9737 E tv.alphonso.alphonsoclient.ViewingInfoAPI: REST API Call to server failed. HTTP code: 1002
12-21 09:47:51.126  9187  9187 E tv.alphonso.service.AlphonsoService: Error response is with error code: 1
12-21 09:47:51.439  9187  9737 E tv.alphonso.alphonsoclient.HttpRestService: HTTP SocketException, no presponse from server.
12-21 09:47:51.439  9187  9737 E tv.alphonso.alphonsoclient.ViewingInfoAPI: REST API Call to server failed. HTTP code: 1002
12-21 09:47:51.439  9187  9187 E tv.alphonso.service.AlphonsoService: Error response is with error code: 1
12-21 09:47:51.733  9187  9737 E tv.alphonso.alphonsoclient.HttpRestService: HTTP SocketException, no presponse from server.
12-21 09:47:51.733  9187  9737 E tv.alphonso.alphonsoclient.ViewingInfoAPI: REST API Call to server failed. HTTP code: 1002
12-21 09:47:51.733  9187  9187 E tv.alphonso.service.AlphonsoService: Error response is with error code: 1
12-21 09:47:52.045  9187  9737 E tv.alphonso.alphonsoclient.HttpRestService: HTTP SocketException, no presponse from server.
12-21 09:47:52.046  9187  9737 E tv.alphonso.alphonsoclient.ViewingInfoAPI: REST API Call to server failed. HTTP code: 1002
12-21 09:47:52.046  9187  9187 E tv.alphonso.service.AlphonsoService: Error response is with error code: 1
12-21 09:47:52.366  9187  9737 E tv.alphonso.alphonsoclient.HttpRestService: HTTP SocketException, no presponse from server.
12-21 09:47:52.367  9187  9737 E tv.alphonso.alphonsoclient.ViewingInfoAPI: REST API Call to server failed. HTTP code: 1002
12-21 09:47:52.367  9187  9187 E tv.alphonso.service.AlphonsoService: Error response is with error code: 1
12-21 09:47:52.645  9187  9737 E tv.alphonso.alphonsoclient.HttpRestService: HTTP SocketException, no presponse from server.
12-21 09:47:52.645  9187  9737 E tv.alphonso.alphonsoclient.ViewingInfoAPI: REST API Call to server failed. HTTP code: 1002
12-21 09:47:52.646  9187  9187 E tv.alphonso.service.AlphonsoService: Error response is with error code: 1
12-21 09:47:52.976  9187  9737 E tv.alphonso.alphonsoclient.HttpRestService: HTTP SocketException, no presponse from server.
12-21 09:47:52.976  9187  9737 E tv.alphonso.alphonsoclient.ViewingInfoAPI: REST API Call to server failed. HTTP code: 1002
12-21 09:47:52.976  9187  9187 E tv.alphonso.service.AlphonsoService: Error response is with error code: 1
12-21 09:47:53.271  9187  9737 E tv.alphonso.alphonsoclient.HttpRestService: HTTP SocketException, no presponse from server.
12-21 09:47:53.271  9187  9737 E tv.alphonso.alphonsoclient.ViewingInfoAPI: REST API Call to server failed. HTTP code: 1002
12-21 09:47:53.273  9187  9187 E tv.alphonso.service.AlphonsoService: Error response is with error code: 1
12-21 09:47:53.531  9187  9737 E tv.alphonso.alphonsoclient.HttpRestService: HTTP SocketException, no presponse from server.
12-21 09:47:53.531  9187  9737 E tv.alphonso.alphonsoclient.ViewingInfoAPI: REST API Call to server failed. HTTP code: 1002
12-21 09:47:53.532  9187  9187 E tv.alphonso.service.AlphonsoService: Error response is with error code: 1
12-21 09:47:53.787  9187  9737 E tv.alphonso.alphonsoclient.HttpRestService: HTTP SocketException, no presponse from server.
12-21 09:47:53.789  9187  9737 E tv.alphonso.alphonsoclient.ViewingInfoAPI: REST API Call to server failed. HTTP code: 1002
12-21 09:47:53.790  9187  9187 E tv.alphonso.service.AlphonsoService: Error response is with error code: 1
12-21 09:47:54.099  9187  9737 E tv.alphonso.alphonsoclient.HttpRestService: HTTP SocketException, no presponse from server.
12-21 09:47:54.099  9187  9737 E tv.alphonso.alphonsoclient.ViewingInfoAPI: REST API Call to server failed. HTTP code: 1002
12-21 09:47:54.099  9187  9187 E tv.alphonso.service.AlphonsoService: Error response is with error code: 1
12-21 09:47:54.415  9187  9737 E tv.alphonso.alphonsoclient.HttpRestService: HTTP SocketException, no presponse from server.
12-21 09:47:54.415  9187  9737 E tv.alphonso.alphonsoclient.ViewingInfoAPI: REST API Call to server failed. HTTP code: 1002
12-21 09:47:54.415  9187  9187 E tv.alphonso.service.AlphonsoService: Error response is with error code: 1
12-21 09:47:54.666  9187  9737 E tv.alphonso.alphonsoclient.HttpRestService: HTTP SocketException, no presponse from server.
12-21 09:47:54.666  9187  9737 E tv.alphonso.alphonsoclient.ViewingInfoAPI: REST API Call to server failed. HTTP code: 1002
12-21 09:47:54.667  9187  9187 E tv.alphonso.service.AlphonsoService: Error response is with error code: 1
12-21 09:47:54.915  9187  9737 E tv.alphonso.alphonsoclient.HttpRestService: HTTP SocketException, no presponse from server.
12-21 09:47:54.916  9187  9737 E tv.alphonso.alphonsoclient.ViewingInfoAPI: REST API Call to server failed. HTTP code: 1002
12-21 09:47:54.916  9187  9187 E tv.alphonso.service.AlphonsoService: Error response is with error code: 1
12-21 09:47:55.221  9187  9737 E tv.alphonso.alphonsoclient.HttpRestService: HTTP SocketException, no presponse from server.
12-21 09:47:55.221  9187  9737 E tv.alphonso.alphonsoclient.ViewingInfoAPI: REST API Call to server failed. HTTP code: 1002
12-21 09:47:55.221  9187  9187 E tv.alphonso.service.AlphonsoService: Error response is with error code: 1
12-21 09:47:55.472  9187  9737 E tv.alphonso.alphonsoclient.HttpRestService: HTTP SocketException, no presponse from server.
12-21 09:47:55.473  9187  9737 E tv.alphonso.alphonsoclient.ViewingInfoAPI: REST API Call to server failed. HTTP code: 1002
12-21 09:47:55.475  9187  9187 E tv.alphonso.service.AlphonsoService: Error response is with error code: 1
12-21 09:47:55.741  9187  9737 E tv.alphonso.alphonsoclient.HttpRestService: HTTP SocketException, no presponse from server.
12-21 09:47:55.741  9187  9737 E tv.alphonso.alphonsoclient.ViewingInfoAPI: REST API Call to server failed. HTTP code: 1002
12-21 09:47:55.744  9187  9187 E tv.alphonso.service.AlphonsoService: Error response is with error code: 1
12-21 09:47:55.998  9187  9737 E tv.alphonso.alphonsoclient.HttpRestService: HTTP SocketException, no presponse from server.
12-21 09:47:55.998  9187  9737 E tv.alphonso.alphonsoclient.ViewingInfoAPI: REST API Call to server failed. HTTP code: 1002
12-21 09:47:55.998  9187  9187 E tv.alphonso.service.AlphonsoService: Error response is with error code: 1
12-21 09:47:56.352  9187  9737 E tv.alphonso.alphonsoclient.HttpRestService: HTTP SocketException, no presponse from server.
12-21 09:47:56.352  9187  9737 E tv.alphonso.alphonsoclient.ViewingInfoAPI: REST API Call to server failed. HTTP code: 1002
12-21 09:47:56.353  9187  9187 E tv.alphonso.service.AlphonsoService: Error response is with error code: 1
12-21 09:47:56.620  9187  9737 E tv.alphonso.alphonsoclient.ViewingInfoAPI: REST API Call to server failed. HTTP code: 1002
12-21 09:47:56.621  9187  9187 E tv.alphonso.service.AlphonsoService: Error response is with error code: 1
12-21 09:47:56.965  9187  9737 E tv.alphonso.alphonsoclient.HttpRestService: HTTP SocketException, no presponse from server.
12-21 09:47:56.965  9187  9737 E tv.alphonso.alphonsoclient.ViewingInfoAPI: REST API Call to server failed. HTTP code: 1002
12-21 09:47:56.966  9187  9187 E tv.alphonso.service.AlphonsoService: Error response is with error code: 1
12-21 09:47:57.280  9187  9737 E tv.alphonso.alphonsoclient.HttpRestService: HTTP SocketException, no presponse from server.
12-21 09:47:57.280  9187  9737 E tv.alphonso.alphonsoclient.ViewingInfoAPI: REST API Call to server failed. HTTP code: 1002
12-21 09:47:57.280  9187  9187 E tv.alphonso.service.AlphonsoService: Error response is with error code: 1
12-21 09:47:57.553  9187  9737 E tv.alphonso.alphonsoclient.HttpRestService: HTTP SocketException, no presponse from server.
12-21 09:47:57.553  9187  9737 E tv.alphonso.alphonsoclient.ViewingInfoAPI: REST API Call to server failed. HTTP code: 1002
12-21 09:47:57.553  9187  9187 E tv.alphonso.service.AlphonsoService: Error response is with error code: 1
12-21 09:47:57.884  9187  9737 E tv.alphonso.alphonsoclient.HttpRestService: HTTP SocketException, no presponse from server.
12-21 09:47:57.884  9187  9737 E tv.alphonso.alphonsoclient.ViewingInfoAPI: REST API Call to server failed. HTTP code: 1002
12-21 09:47:57.887  9187  9187 E tv.alphonso.service.AlphonsoService: Error response is with error code: 1
12-21 09:47:58.136  9187  9737 E tv.alphonso.alphonsoclient.HttpRestService: HTTP SocketException, no presponse from server.
12-21 09:47:58.136  9187  9737 E tv.alphonso.alphonsoclient.ViewingInfoAPI: REST API Call to server failed. HTTP code: 1002
12-21 09:47:58.136  9187  9187 E tv.alphonso.service.AlphonsoService: Error response is with error code: 1
12-21 09:47:58.393  9187  9737 E tv.alphonso.alphonsoclient.HttpRestService: HTTP SocketException, no presponse from server.
12-21 09:47:58.393  9187  9737 E tv.alphonso.alphonsoclient.ViewingInfoAPI: REST API Call to server failed. HTTP code: 1002
12-21 09:47:58.393  9187  9187 E tv.alphonso.service.AlphonsoService: Error response is with error code: 1
12-21 09:47:58.653  9187  9737 E tv.alphonso.alphonsoclient.HttpRestService: HTTP SocketException, no presponse from server.
12-21 09:47:58.654  9187  9737 E tv.alphonso.alphonsoclient.ViewingInfoAPI: REST API Call to server failed. HTTP code: 1002
12-21 09:47:58.654  9187  9187 E tv.alphonso.service.AlphonsoService: Error response is with error code: 1
12-21 09:47:59.010  9187  9737 E tv.alphonso.alphonsoclient.HttpRestService: HTTP SocketException, no presponse from server.
12-21 09:47:59.010  9187  9737 E tv.alphonso.alphonsoclient.ViewingInfoAPI: REST API Call to server failed. HTTP code: 1002
12-21 09:47:59.010  9187  9187 E tv.alphonso.service.AlphonsoService: Error response is with error code: 1
12-21 09:47:59.315  9187  9737 E tv.alphonso.alphonsoclient.HttpRestService: HTTP SocketException, no presponse from server.
12-21 09:47:59.315  9187  9737 E tv.alphonso.alphonsoclient.ViewingInfoAPI: REST API Call to server failed. HTTP code: 1002
12-21 09:47:59.316  9187  9187 E tv.alphonso.service.AlphonsoService: Error response is with error code: 1
12-21 09:47:59.570  9187  9737 E tv.alphonso.alphonsoclient.HttpRestService: HTTP SocketException, no presponse from server.
12-21 09:47:59.570  9187  9737 E tv.alphonso.alphonsoclient.ViewingInfoAPI: REST API Call to server failed. HTTP code: 1002
12-21 09:47:59.571  9187  9187 E tv.alphonso.service.AlphonsoService: Error response is with error code: 1
12-21 09:47:59.858  9187  9737 E tv.alphonso.alphonsoclient.HttpRestService: HTTP SocketException, no presponse from server.
12-21 09:47:59.858  9187  9737 E tv.alphonso.alphonsoclient.ViewingInfoAPI: REST API Call to server failed. HTTP code: 1002
12-21 09:47:59.859  9187  9187 E tv.alphonso.service.AlphonsoService: Error response is with error code: 1
12-21 09:48:00.137  9187  9737 E tv.alphonso.alphonsoclient.HttpRestService: HTTP SocketException, no presponse from server.
12-21 09:48:00.137  9187  9737 E tv.alphonso.alphonsoclient.ViewingInfoAPI: REST API Call to server failed. HTTP code: 1002
12-21 09:48:00.137  9187  9187 E tv.alphonso.service.AlphonsoService: Error response is with error code: 1
12-21 09:48:00.424  9187  9737 E tv.alphonso.alphonsoclient.HttpRestService: HTTP SocketException, no presponse from server.
12-21 09:48:00.424  9187  9737 E tv.alphonso.alphonsoclient.ViewingInfoAPI: REST API Call to server failed. HTTP code: 1002
12-21 09:48:00.424  9187  9187 E tv.alphonso.service.AlphonsoService: Error response is with error code: 1
12-21 09:48:00.673  9187  9737 E tv.alphonso.alphonsoclient.HttpRestService: HTTP SocketException, no presponse from server.
12-21 09:48:00.674  9187  9737 E tv.alphonso.alphonsoclient.ViewingInfoAPI: REST API Call to server failed. HTTP code: 1002
12-21 09:48:00.674  9187  9187 E tv.alphonso.service.AlphonsoService: Error response is with error code: 1
12-21 09:48:00.923  9187  9737 E tv.alphonso.alphonsoclient.HttpRestService: HTTP SocketException, no presponse from server.
12-21 09:48:00.924  9187  9737 E tv.alphonso.alphonsoclient.ViewingInfoAPI: REST API Call to server failed. HTTP code: 1002
12-21 09:48:00.924  9187  9187 E tv.alphonso.service.AlphonsoService: Error response is with error code: 1
12-21 09:48:01.174  9187  9737 E tv.alphonso.alphonsoclient.HttpRestService: HTTP SocketException, no presponse from server.
12-21 09:48:01.174  9187  9737 E tv.alphonso.alphonsoclient.ViewingInfoAPI: REST API Call to server failed. HTTP code: 1002
12-21 09:48:01.174  9187  9187 E tv.alphonso.service.AlphonsoService: Error response is with error code: 1
12-21 09:48:01.431  9187  9737 E tv.alphonso.alphonsoclient.HttpRestService: HTTP SocketException, no presponse from server.
12-21 09:48:01.431  9187  9737 E tv.alphonso.alphonsoclient.ViewingInfoAPI: REST API Call to server failed. HTTP code: 1002
12-21 09:48:01.432  9187  9187 E tv.alphonso.service.AlphonsoService: Error response is with error code: 1
12-21 09:48:01.776  9187  9737 E tv.alphonso.alphonsoclient.HttpRestService: HTTP SocketException, no presponse from server.
12-21 09:48:01.776  9187  9737 E tv.alphonso.alphonsoclient.ViewingInfoAPI: REST API Call to server failed. HTTP code: 1002
12-21 09:48:01.777  9187  9187 E tv.alphonso.service.AlphonsoService: Error response is with error code: 1
12-21 09:48:02.082  9187  9737 E tv.alphonso.alphonsoclient.HttpRestService: HTTP SocketException, no presponse from server.
12-21 09:48:02.083  9187  9737 E tv.alphonso.alphonsoclient.ViewingInfoAPI: REST API Call to server failed. HTTP code: 1002
12-21 09:48:02.084  9187  9187 E tv.alphonso.service.AlphonsoService: Error response is with error code: 1
12-21 09:48:02.394  9187  9737 E tv.alphonso.alphonsoclient.HttpRestService: HTTP SocketException, no presponse from server.
12-21 09:48:02.394  9187  9737 E tv.alphonso.alphonsoclient.ViewingInfoAPI: REST API Call to server failed. HTTP code: 1002
12-21 09:48:02.394  9187  9187 E tv.alphonso.service.AlphonsoService: Error response is with error code: 1
12-21 09:48:02.649  9187  9737 E tv.alphonso.alphonsoclient.HttpRestService: HTTP SocketException, no presponse from server.
12-21 09:48:02.649  9187  9737 E tv.alphonso.alphonsoclient.ViewingInfoAPI: REST API Call to server failed. HTTP code: 1002
12-21 09:48:02.649  9187  9187 E tv.alphonso.service.AlphonsoService: Error response is with error code: 1
12-21 09:48:03.002  9187  9737 E tv.alphonso.alphonsoclient.HttpRestService: HTTP SocketException, no presponse from server.
12-21 09:48:03.002  9187  9737 E tv.alphonso.alphonsoclient.ViewingInfoAPI: REST API Call to server failed. HTTP code: 1002
12-21 09:48:03.002  9187  9187 E tv.alphonso.service.AlphonsoService: Error response is with error code: 1
12-21 09:48:03.309  9187  9737 E tv.alphonso.alphonsoclient.HttpRestService: HTTP SocketException, no presponse from server.
12-21 09:48:03.309  9187  9737 E tv.alphonso.alphonsoclient.ViewingInfoAPI: REST API Call to server failed. HTTP code: 1002
12-21 09:48:03.310  9187  9187 E tv.alphonso.service.AlphonsoService: Error response is with error code: 1
12-21 09:48:03.565  9187  9737 E tv.alphonso.alphonsoclient.HttpRestService: HTTP SocketException, no presponse from server.
12-21 09:48:03.565  9187  9737 E tv.alphonso.alphonsoclient.ViewingInfoAPI: REST API Call to server failed. HTTP code: 1002
12-21 09:48:03.568  9187  9187 E tv.alphonso.service.AlphonsoService: Error response is with error code: 1
12-21 09:48:03.924  9187  9737 E tv.alphonso.alphonsoclient.HttpRestService: HTTP SocketException, no presponse from server.
12-21 09:48:03.925  9187  9737 E tv.alphonso.alphonsoclient.ViewingInfoAPI: REST API Call to server failed. HTTP code: 1002
12-21 09:48:03.925  9187  9187 E tv.alphonso.service.AlphonsoService: Error response is with error code: 1
12-21 09:48:04.266  9187  9737 E tv.alphonso.alphonsoclient.HttpRestService: HTTP SocketException, no presponse from server.
12-21 09:48:04.267  9187  9737 E tv.alphonso.alphonsoclient.ViewingInfoAPI: REST API Call to server failed. HTTP code: 1002
12-21 09:48:04.267  9187  9187 E tv.alphonso.service.AlphonsoService: Error response is with error code: 1
12-21 09:48:04.559  9187  9737 E tv.alphonso.alphonsoclient.HttpRestService: HTTP SocketException, no presponse from server.
12-21 09:48:04.559  9187  9737 E tv.alphonso.alphonsoclient.ViewingInfoAPI: REST API Call to server failed. HTTP code: 1002
12-21 09:48:04.560  9187  9187 E tv.alphonso.service.AlphonsoService: Error response is with error code: 1
12-21 09:48:04.849  9187  9737 E tv.alphonso.alphonsoclient.HttpRestService: HTTP SocketException, no presponse from server.
12-21 09:48:04.849  9187  9737 E tv.alphonso.alphonsoclient.ViewingInfoAPI: REST API Call to server failed. HTTP code: 1002
12-21 09:48:04.850  9187  9187 E tv.alphonso.service.AlphonsoService: Error response is with error code: 1
12-21 09:48:05.161  9187  9737 E tv.alphonso.alphonsoclient.HttpRestService: HTTP SocketException, no presponse from server.
12-21 09:48:05.161  9187  9737 E tv.alphonso.alphonsoclient.ViewingInfoAPI: REST API Call to server failed. HTTP code: 1002
12-21 09:48:05.162  9187  9187 E tv.alphonso.service.AlphonsoService: Error response is with error code: 1
12-21 09:48:05.450  9187  9737 E tv.alphonso.alphonsoclient.HttpRestService: HTTP SocketException, no presponse from server.
12-21 09:48:05.450  9187  9737 E tv.alphonso.alphonsoclient.ViewingInfoAPI: REST API Call to server failed. HTTP code: 1002
12-21 09:48:05.450  9187  9187 E tv.alphonso.service.AlphonsoService: Error response is with error code: 1
12-21 09:48:05.704  9187  9737 E tv.alphonso.alphonsoclient.HttpRestService: HTTP SocketException, no presponse from server.
12-21 09:48:05.704  9187  9737 E tv.alphonso.alphonsoclient.ViewingInfoAPI: REST API Call to server failed. HTTP code: 1002
12-21 09:48:05.704  9187  9187 E tv.alphonso.service.AlphonsoService: Error response is with error code: 1
12-21 09:48:05.977  9187  9737 E tv.alphonso.alphonsoclient.HttpRestService: HTTP SocketException, no presponse from server.
12-21 09:48:05.977  9187  9737 E tv.alphonso.alphonsoclient.ViewingInfoAPI: REST API Call to server failed. HTTP code: 1002
12-21 09:48:05.978  9187  9187 E tv.alphonso.service.AlphonsoService: Error response is with error code: 1
12-21 09:48:06.281  9187  9737 E tv.alphonso.alphonsoclient.HttpRestService: HTTP SocketException, no presponse from server.
12-21 09:48:06.282  9187  9737 E tv.alphonso.alphonsoclient.ViewingInfoAPI: REST API Call to server failed. HTTP code: 1002
12-21 09:48:06.282  9187  9187 E tv.alphonso.service.AlphonsoService: Error response is with error code: 1
12-21 09:48:06.546  9187  9737 E tv.alphonso.alphonsoclient.HttpRestService: HTTP SocketException, no presponse from server.
12-21 09:48:06.546  9187  9737 E tv.alphonso.alphonsoclient.ViewingInfoAPI: REST API Call to server failed. HTTP code: 1002
12-21 09:48:06.547  9187  9187 E tv.alphonso.service.AlphonsoService: Error response is with error code: 1
12-21 09:48:06.914  9187  9737 E tv.alphonso.alphonsoclient.HttpRestService: HTTP SocketException, no presponse from server.
12-21 09:48:06.914  9187  9737 E tv.alphonso.alphonsoclient.ViewingInfoAPI: REST API Call to server failed. HTTP code: 1002
12-21 09:48:06.914  9187  9187 E tv.alphonso.service.AlphonsoService: Error response is with error code: 1
12-21 09:48:07.207  9187  9737 E tv.alphonso.alphonsoclient.HttpRestService: HTTP SocketException, no presponse from server.
12-21 09:48:07.207  9187  9737 E tv.alphonso.alphonsoclient.ViewingInfoAPI: REST API Call to server failed. HTTP code: 1002
12-21 09:48:07.208  9187  9187 E tv.alphonso.service.AlphonsoService: Error response is with error code: 1
12-21 09:48:07.460  9187  9737 E tv.alphonso.alphonsoclient.HttpRestService: HTTP SocketException, no presponse from server.
12-21 09:48:07.460  9187  9737 E tv.alphonso.alphonsoclient.ViewingInfoAPI: REST API Call to server failed. HTTP code: 1002
12-21 09:48:07.460  9187  9187 E tv.alphonso.service.AlphonsoService: Error response is with error code: 1
12-21 09:48:07.710  9187  9737 E tv.alphonso.alphonsoclient.HttpRestService: HTTP SocketException, no presponse from server.
12-21 09:48:07.712  9187  9737 E tv.alphonso.alphonsoclient.ViewingInfoAPI: REST API Call to server failed. HTTP code: 1002
12-21 09:48:07.713  9187  9187 E tv.alphonso.service.AlphonsoService: Error response is with error code: 1
12-21 09:48:07.984  9187  9737 E tv.alphonso.alphonsoclient.HttpRestService: HTTP SocketException, no presponse from server.
12-21 09:48:07.985  9187  9737 E tv.alphonso.alphonsoclient.ViewingInfoAPI: REST API Call to server failed. HTTP code: 1002
12-21 09:48:07.985  9187  9187 E tv.alphonso.service.AlphonsoService: Error response is with error code: 1
12-21 09:48:08.331  9187  9737 E tv.alphonso.alphonsoclient.HttpRestService: HTTP SocketException, no presponse from server.
12-21 09:48:08.332  9187  9737 E tv.alphonso.alphonsoclient.ViewingInfoAPI: REST API Call to server failed. HTTP code: 1002
12-21 09:48:08.332  9187  9187 E tv.alphonso.service.AlphonsoService: Error response is with error code: 1
12-21 09:48:08.592  9187  9737 E tv.alphonso.alphonsoclient.HttpRestService: HTTP SocketException, no presponse from server.
12-21 09:48:08.592  9187  9737 E tv.alphonso.alphonsoclient.ViewingInfoAPI: REST API Call to server failed. HTTP code: 1002
12-21 09:48:08.592  9187  9187 E tv.alphonso.service.AlphonsoService: Error response is with error code: 1
12-21 09:48:08.954  9187  9737 E tv.alphonso.alphonsoclient.HttpRestService: HTTP SocketException, no presponse from server.
12-21 09:48:08.954  9187  9737 E tv.alphonso.alphonsoclient.ViewingInfoAPI: REST API Call to server failed. HTTP code: 1002
12-21 09:48:08.955  9187  9187 E tv.alphonso.service.AlphonsoService: Error response is with error code: 1
12-21 09:48:09.249  9187  9737 E tv.alphonso.alphonsoclient.HttpRestService: HTTP SocketException, no presponse from server.
12-21 09:48:09.249  9187  9737 E tv.alphonso.alphonsoclient.ViewingInfoAPI: REST API Call to server failed. HTTP code: 1002
12-21 09:48:09.250  9187  9187 E tv.alphonso.service.AlphonsoService: Error response is with error code: 1
12-21 09:48:09.509  9187  9737 E tv.alphonso.alphonsoclient.HttpRestService: HTTP SocketException, no presponse from server.
12-21 09:48:09.509  9187  9737 E tv.alphonso.alphonsoclient.ViewingInfoAPI: REST API Call to server failed. HTTP code: 1002
12-21 09:48:09.510  9187  9187 E tv.alphonso.service.AlphonsoService: Error response is with error code: 1
12-21 09:48:09.863  9187  9737 E tv.alphonso.alphonsoclient.HttpRestService: HTTP SocketException, no presponse from server.
12-21 09:48:09.863  9187  9737 E tv.alphonso.alphonsoclient.ViewingInfoAPI: REST API Call to server failed. HTTP code: 1002
12-21 09:48:09.863  9187  9187 E tv.alphonso.service.AlphonsoService: Error response is with error code: 1
12-21 09:48:10.170  9187  9737 E tv.alphonso.alphonsoclient.HttpRestService: HTTP SocketException, no presponse from server.
12-21 09:48:10.170  9187  9737 E tv.alphonso.alphonsoclient.ViewingInfoAPI: REST API Call to server failed. HTTP code: 1002
12-21 09:48:10.171  9187  9187 E tv.alphonso.service.AlphonsoService: Error response is with error code: 1
12-21 09:48:10.470  9187  9737 E tv.alphonso.alphonsoclient.HttpRestService: HTTP SocketException, no presponse from server.
12-21 09:48:10.470  9187  9737 E tv.alphonso.alphonsoclient.ViewingInfoAPI: REST API Call to server failed. HTTP code: 1002
12-21 09:48:10.470  9187  9187 E tv.alphonso.service.AlphonsoService: Error response is with error code: 1
12-21 09:48:10.786  9187  9737 E tv.alphonso.alphonsoclient.HttpRestService: HTTP SocketException, no presponse from server.
12-21 09:48:10.786  9187  9737 E tv.alphonso.alphonsoclient.ViewingInfoAPI: REST API Call to server failed. HTTP code: 1002
12-21 09:48:10.786  9187  9187 E tv.alphonso.service.AlphonsoService: Error response is with error code: 1
12-21 09:48:11.092  9187  9737 E tv.alphonso.alphonsoclient.HttpRestService: HTTP SocketException, no presponse from server.
12-21 09:48:11.092  9187  9737 E tv.alphonso.alphonsoclient.ViewingInfoAPI: REST API Call to server failed. HTTP code: 1002
12-21 09:48:11.093  9187  9187 E tv.alphonso.service.AlphonsoService: Error response is with error code: 1
12-21 09:48:11.396  9187  9737 E tv.alphonso.alphonsoclient.HttpRestService: HTTP SocketException, no presponse from server.
12-21 09:48:11.396  9187  9737 E tv.alphonso.alphonsoclient.ViewingInfoAPI: REST API Call to server failed. HTTP code: 1002
12-21 09:48:11.396  9187  9187 E tv.alphonso.service.AlphonsoService: Error response is with error code: 1
12-21 09:48:11.650  9187  9737 E tv.alphonso.alphonsoclient.HttpRestService: HTTP SocketException, no presponse from server.
12-21 09:48:11.651  9187  9737 E tv.alphonso.alphonsoclient.ViewingInfoAPI: REST API Call to server failed. HTTP code: 1002
12-21 09:48:11.651  9187  9187 E tv.alphonso.service.AlphonsoService: Error response is with error code: 1
12-21 09:48:11.920  9187  9737 E tv.alphonso.alphonsoclient.HttpRestService: HTTP SocketException, no presponse from server.
12-21 09:48:11.920  9187  9737 E tv.alphonso.alphonsoclient.ViewingInfoAPI: REST API Call to server failed. HTTP code: 1002
12-21 09:48:11.921  9187  9187 E tv.alphonso.service.AlphonsoService: Error response is with error code: 1
12-21 09:48:12.219  9187  9737 E tv.alphonso.alphonsoclient.HttpRestService: HTTP SocketException, no presponse from server.
12-21 09:48:12.219  9187  9737 E tv.alphonso.alphonsoclient.ViewingInfoAPI: REST API Call to server failed. HTTP code: 1002
12-21 09:48:12.219  9187  9187 E tv.alphonso.service.AlphonsoService: Error response is with error code: 1
12-21 09:48:12.470  9187  9737 E tv.alphonso.alphonsoclient.HttpRestService: HTTP SocketException, no presponse from server.
12-21 09:48:12.470  9187  9737 E tv.alphonso.alphonsoclient.ViewingInfoAPI: REST API Call to server failed. HTTP code: 1002
12-21 09:48:12.470  9187  9187 E tv.alphonso.service.AlphonsoService: Error response is with error code: 1
12-21 09:48:12.716  9187  9737 E tv.alphonso.alphonsoclient.HttpRestService: HTTP SocketException, no presponse from server.
12-21 09:48:12.716  9187  9737 E tv.alphonso.alphonsoclient.ViewingInfoAPI: REST API Call to server failed. HTTP code: 1002
12-21 09:48:12.716  9187  9187 E tv.alphonso.service.AlphonsoService: Error response is with error code: 1
12-21 09:48:12.968  9187  9737 E tv.alphonso.alphonsoclient.HttpRestService: HTTP SocketException, no presponse from server.
12-21 09:48:12.968  9187  9737 E tv.alphonso.alphonsoclient.ViewingInfoAPI: REST API Call to server failed. HTTP code: 1002
12-21 09:48:12.969  9187  9187 E tv.alphonso.service.AlphonsoService: Error response is with error code: 1
12-21 09:48:13.344  9187  9737 E tv.alphonso.alphonsoclient.HttpRestService: HTTP SocketException, no presponse from server.
12-21 09:48:13.344  9187  9737 E tv.alphonso.alphonsoclient.ViewingInfoAPI: REST API Call to server failed. HTTP code: 1002
12-21 09:48:13.344  9187  9187 E tv.alphonso.service.AlphonsoService: Error response is with error code: 1
12-21 09:48:13.597  9187  9737 E tv.alphonso.alphonsoclient.HttpRestService: HTTP SocketException, no presponse from server.
12-21 09:48:13.598  9187  9737 E tv.alphonso.alphonsoclient.ViewingInfoAPI: REST API Call to server failed. HTTP code: 1002
12-21 09:48:13.601  9187  9187 E tv.alphonso.service.AlphonsoService: Error response is with error code: 1
12-21 09:48:13.969  9187  9737 E tv.alphonso.alphonsoclient.HttpRestService: HTTP SocketException, no presponse from server.
12-21 09:48:13.970  9187  9737 E tv.alphonso.alphonsoclient.ViewingInfoAPI: REST API Call to server failed. HTTP code: 1002
12-21 09:48:13.970  9187  9187 E tv.alphonso.service.AlphonsoService: Error response is with error code: 1
12-21 09:48:14.265  9187  9737 E tv.alphonso.alphonsoclient.HttpRestService: HTTP SocketException, no presponse from server.
12-21 09:48:14.265  9187  9737 E tv.alphonso.alphonsoclient.ViewingInfoAPI: REST API Call to server failed. HTTP code: 1002
12-21 09:48:14.265  9187  9187 E tv.alphonso.service.AlphonsoService: Error response is with error code: 1
12-21 09:48:14.518  9187  9737 E tv.alphonso.alphonsoclient.HttpRestService: HTTP SocketException, no presponse from server.
12-21 09:48:14.518  9187  9737 E tv.alphonso.alphonsoclient.ViewingInfoAPI: REST API Call to server failed. HTTP code: 1002
12-21 09:48:14.520  9187  9187 E tv.alphonso.service.AlphonsoService: Error response is with error code: 1
12-21 09:48:14.772  9187  9737 E tv.alphonso.alphonsoclient.HttpRestService: HTTP SocketException, no presponse from server.
12-21 09:48:14.772  9187  9737 E tv.alphonso.alphonsoclient.ViewingInfoAPI: REST API Call to server failed. HTTP code: 1002
12-21 09:48:14.772  9187  9187 E tv.alphonso.service.AlphonsoService: Error response is with error code: 1
12-21 09:48:15.084  9187  9737 E tv.alphonso.alphonsoclient.HttpRestService: HTTP SocketException, no presponse from server.
12-21 09:48:15.085  9187  9737 E tv.alphonso.alphonsoclient.ViewingInfoAPI: REST API Call to server failed. HTTP code: 1002
12-21 09:48:15.085  9187  9187 E tv.alphonso.service.AlphonsoService: Error response is with error code: 1
12-21 09:48:15.392  9187  9737 E tv.alphonso.alphonsoclient.HttpRestService: HTTP SocketException, no presponse from server.
12-21 09:48:15.392  9187  9737 E tv.alphonso.alphonsoclient.ViewingInfoAPI: REST API Call to server failed. HTTP code: 1002
12-21 09:48:15.392  9187  9187 E tv.alphonso.service.AlphonsoService: Error response is with error code: 1
12-21 09:48:15.640  9187  9737 E tv.alphonso.alphonsoclient.HttpRestService: HTTP SocketException, no presponse from server.
12-21 09:48:15.640  9187  9737 E tv.alphonso.alphonsoclient.ViewingInfoAPI: REST API Call to server failed. HTTP code: 1002
12-21 09:48:15.640  9187  9187 E tv.alphonso.service.AlphonsoService: Error response is with error code: 1
12-21 09:48:15.905  9187  9737 E tv.alphonso.alphonsoclient.HttpRestService: HTTP SocketException, no presponse from server.
12-21 09:48:15.905  9187  9737 E tv.alphonso.alphonsoclient.ViewingInfoAPI: REST API Call to server failed. HTTP code: 1002
12-21 09:48:15.906  9187  9187 E tv.alphonso.service.AlphonsoService: Error response is with error code: 1
12-21 09:48:16.218  9187  9737 E tv.alphonso.alphonsoclient.HttpRestService: HTTP SocketException, no presponse from server.
12-21 09:48:16.219  9187  9737 E tv.alphonso.alphonsoclient.ViewingInfoAPI: REST API Call to server failed. HTTP code: 1002
12-21 09:48:16.219  9187  9187 E tv.alphonso.service.AlphonsoService: Error response is with error code: 1
12-21 09:48:16.469  9187  9737 E tv.alphonso.alphonsoclient.HttpRestService: HTTP SocketException, no presponse from server.
12-21 09:48:16.469  9187  9737 E tv.alphonso.alphonsoclient.ViewingInfoAPI: REST API Call to server failed. HTTP code: 1002
12-21 09:48:16.469  9187  9187 E tv.alphonso.service.AlphonsoService: Error response is with error code: 1
12-21 09:48:16.833  9187  9737 E tv.alphonso.alphonsoclient.HttpRestService: HTTP SocketException, no presponse from server.
12-21 09:48:16.833  9187  9737 E tv.alphonso.alphonsoclient.ViewingInfoAPI: REST API Call to server failed. HTTP code: 1002
12-21 09:48:16.833  9187  9187 E tv.alphonso.service.AlphonsoService: Error response is with error code: 1
12-21 09:48:17.137  9187  9737 E tv.alphonso.alphonsoclient.HttpRestService: HTTP SocketException, no presponse from server.
12-21 09:48:17.138  9187  9737 E tv.alphonso.alphonsoclient.ViewingInfoAPI: REST API Call to server failed. HTTP code: 1002
12-21 09:48:17.138  9187  9187 E tv.alphonso.service.AlphonsoService: Error response is with error code: 1
12-21 09:48:17.450  9187  9737 E tv.alphonso.alphonsoclient.HttpRestService: HTTP SocketException, no presponse from server.
12-21 09:48:17.450  9187  9737 E tv.alphonso.alphonsoclient.ViewingInfoAPI: REST API Call to server failed. HTTP code: 1002
12-21 09:48:17.451  9187  9187 E tv.alphonso.service.AlphonsoService: Error response is with error code: 1
12-21 09:48:17.720  9187  9737 E tv.alphonso.alphonsoclient.HttpRestService: HTTP SocketException, no presponse from server.
12-21 09:48:17.720  9187  9737 E tv.alphonso.alphonsoclient.ViewingInfoAPI: REST API Call to server failed. HTTP code: 1002
12-21 09:48:17.721  9187  9187 E tv.alphonso.service.AlphonsoService: Error response is with error code: 1
12-21 09:48:17.972  9187  9737 E tv.alphonso.alphonsoclient.HttpRestService: HTTP SocketException, no presponse from server.
12-21 09:48:17.972  9187  9737 E tv.alphonso.alphonsoclient.ViewingInfoAPI: REST API Call to server failed. HTTP code: 1002
12-21 09:48:17.973  9187  9187 E tv.alphonso.service.AlphonsoService: Error response is with error code: 1
12-21 09:48:18.264  9187  9737 E tv.alphonso.alphonsoclient.HttpRestService: HTTP SocketException, no presponse from server.
12-21 09:48:18.264  9187  9737 E tv.alphonso.alphonsoclient.ViewingInfoAPI: REST API Call to server failed. HTTP code: 1002
12-21 09:48:18.264  9187  9187 E tv.alphonso.service.AlphonsoService: Error response is with error code: 1
12-21 09:48:18.517  9187  9737 E tv.alphonso.alphonsoclient.HttpRestService: HTTP SocketException, no presponse from server.
12-21 09:48:18.517  9187  9737 E tv.alphonso.alphonsoclient.ViewingInfoAPI: REST API Call to server failed. HTTP code: 1002
12-21 09:48:18.519  9187  9187 E tv.alphonso.service.AlphonsoService: Error response is with error code: 1
12-21 09:48:18.772  9187  9737 E tv.alphonso.alphonsoclient.HttpRestService: HTTP SocketException, no presponse from server.
12-21 09:48:18.773  9187  9737 E tv.alphonso.alphonsoclient.ViewingInfoAPI: REST API Call to server failed. HTTP code: 1002
12-21 09:48:18.774  9187  9187 E tv.alphonso.service.AlphonsoService: Error response is with error code: 1
12-21 09:48:19.032  9187  9737 E tv.alphonso.alphonsoclient.HttpRestService: HTTP SocketException, no presponse from server.
12-21 09:48:19.032  9187  9737 E tv.alphonso.alphonsoclient.ViewingInfoAPI: REST API Call to server failed. HTTP code: 1002
12-21 09:48:19.033  9187  9187 E tv.alphonso.service.AlphonsoService: Error response is with error code: 1
